[2021-11-21T21:38:25.496-0800][0.037s] Heap region size: 1M
[2021-11-21T21:38:25.777-0800][0.306s] Using G1
[2021-11-21T21:38:25.777-0800][0.306s] Heap address: 0x00000000e0000000, size: 512 MB, Compressed Oops mode: 32-bit
[2021-11-21T21:38:27.074-0800][1.604s] GC(0) Pause Young (Normal) (G1 Evacuation Pause)
[2021-11-21T21:38:27.074-0800][1.604s] GC(0) Using 4 workers of 4 for evacuation
[2021-11-21T21:38:27.105-0800][1.631s] GC(0)   Pre Evacuate Collection Set: 0.0ms
[2021-11-21T21:38:27.105-0800][1.631s] GC(0)   Evacuate Collection Set: 26.5ms
[2021-11-21T21:38:27.105-0800][1.632s] GC(0)   Post Evacuate Collection Set: 0.3ms
[2021-11-21T21:38:27.105-0800][1.632s] GC(0)   Other: 0.3ms
[2021-11-21T21:38:27.105-0800][1.632s] GC(0) Eden regions: 25->0(303)
[2021-11-21T21:38:27.105-0800][1.632s] GC(0) Survivor regions: 0->4(4)
[2021-11-21T21:38:27.105-0800][1.632s] GC(0) Old regions: 0->0
[2021-11-21T21:38:27.105-0800][1.632s] GC(0) Humongous regions: 0->0
[2021-11-21T21:38:27.105-0800][1.632s] GC(0) Metaspace: 12257K->12257K(1060864K)
[2021-11-21T21:38:27.105-0800][1.632s] GC(0) Pause Young (Normal) (G1 Evacuation Pause) 25M->3M(512M) 27.768ms
[2021-11-21T21:38:27.105-0800][1.632s] GC(0) User=0.08s Sys=0.02s Real=0.03s
[2021-11-21T21:38:27.730-0800][2.266s] GC(1) Pause Young (Concurrent Start) (Metadata GC Threshold)
[2021-11-21T21:38:27.730-0800][2.266s] GC(1) Using 4 workers of 4 for evacuation
[2021-11-21T21:38:27.745-0800][2.276s] GC(1)   Pre Evacuate Collection Set: 0.0ms
[2021-11-21T21:38:27.745-0800][2.276s] GC(1)   Evacuate Collection Set: 9.5ms
[2021-11-21T21:38:27.745-0800][2.276s] GC(1)   Post Evacuate Collection Set: 0.4ms
[2021-11-21T21:38:27.745-0800][2.276s] GC(1)   Other: 0.2ms
[2021-11-21T21:38:27.745-0800][2.276s] GC(1) Eden regions: 31->0(53)
[2021-11-21T21:38:27.745-0800][2.276s] GC(1) Survivor regions: 4->12(21)
[2021-11-21T21:38:27.745-0800][2.277s] GC(1) Old regions: 0->0
[2021-11-21T21:38:27.745-0800][2.277s] GC(1) Humongous regions: 4->4
[2021-11-21T21:38:27.745-0800][2.277s] GC(1) Metaspace: 20740K->20740K(1069056K)
[2021-11-21T21:38:27.745-0800][2.277s] GC(1) Pause Young (Concurrent Start) (Metadata GC Threshold) 37M->15M(512M) 10.278ms
[2021-11-21T21:38:27.745-0800][2.277s] GC(1) User=0.06s Sys=0.00s Real=0.01s
[2021-11-21T21:38:27.745-0800][2.277s] GC(2) Concurrent Cycle
[2021-11-21T21:38:27.745-0800][2.277s] GC(2) Concurrent Clear Claimed Marks
[2021-11-21T21:38:27.745-0800][2.277s] GC(2) Concurrent Clear Claimed Marks 0.035ms
[2021-11-21T21:38:27.745-0800][2.277s] GC(2) Concurrent Scan Root Regions
[2021-11-21T21:38:27.745-0800][2.282s] GC(2) Concurrent Scan Root Regions 5.299ms
[2021-11-21T21:38:27.745-0800][2.282s] GC(2) Concurrent Mark (2.282s)
[2021-11-21T21:38:27.745-0800][2.282s] GC(2) Concurrent Mark From Roots
[2021-11-21T21:38:27.745-0800][2.282s] GC(2) Using 1 workers of 1 for marking
[2021-11-21T21:38:27.745-0800][2.284s] GC(2) Concurrent Mark From Roots 2.199ms
[2021-11-21T21:38:27.745-0800][2.284s] GC(2) Concurrent Preclean
[2021-11-21T21:38:27.745-0800][2.284s] GC(2) Concurrent Preclean 0.102ms
[2021-11-21T21:38:27.745-0800][2.284s] GC(2) Concurrent Mark (2.282s, 2.284s) 2.382ms
[2021-11-21T21:38:27.745-0800][2.285s] GC(2) Pause Remark
[2021-11-21T21:38:27.745-0800][2.286s] GC(2) Cleaned string and symbol table, strings: 9722 processed, 0 removed, symbols: 67350 processed, 22 removed
[2021-11-21T21:38:27.745-0800][2.286s] GC(2) Pause Remark 16M->16M(512M) 1.496ms
[2021-11-21T21:38:27.745-0800][2.286s] GC(2) User=0.00s Sys=0.00s Real=0.00s
[2021-11-21T21:38:27.745-0800][2.286s] GC(2) Concurrent Rebuild Remembered Sets
[2021-11-21T21:38:27.761-0800][2.287s] GC(2) Concurrent Rebuild Remembered Sets 1.326ms
[2021-11-21T21:38:27.761-0800][2.288s] GC(2) Pause Cleanup
[2021-11-21T21:38:27.761-0800][2.288s] GC(2) Pause Cleanup 16M->16M(512M) 0.102ms
[2021-11-21T21:38:27.761-0800][2.288s] GC(2) User=0.00s Sys=0.00s Real=0.00s
[2021-11-21T21:38:27.761-0800][2.288s] GC(2) Concurrent Cleanup for Next Mark
[2021-11-21T21:38:27.761-0800][2.289s] GC(2) Concurrent Cleanup for Next Mark 0.439ms
[2021-11-21T21:38:27.761-0800][2.289s] GC(2) Concurrent Cycle 11.959ms
[2021-11-21T21:38:28.386-0800][2.920s] GC(3) Pause Young (Normal) (G1 Evacuation Pause)
[2021-11-21T21:38:28.386-0800][2.920s] GC(3) Using 4 workers of 4 for evacuation
[2021-11-21T21:38:28.401-0800][2.933s] GC(3)   Pre Evacuate Collection Set: 0.0ms
[2021-11-21T21:38:28.401-0800][2.933s] GC(3)   Evacuate Collection Set: 12.5ms
[2021-11-21T21:38:28.401-0800][2.933s] GC(3)   Post Evacuate Collection Set: 0.6ms
[2021-11-21T21:38:28.401-0800][2.933s] GC(3)   Other: 0.1ms
[2021-11-21T21:38:28.401-0800][2.933s] GC(3) Eden regions: 38->0(47)
[2021-11-21T21:38:28.401-0800][2.933s] GC(3) Survivor regions: 12->7(7)
[2021-11-21T21:38:28.401-0800][2.933s] GC(3) Old regions: 0->13
[2021-11-21T21:38:28.401-0800][2.933s] GC(3) Humongous regions: 4->4
[2021-11-21T21:38:28.401-0800][2.933s] GC(3) Metaspace: 24680K->24680K(1071104K)
[2021-11-21T21:38:28.401-0800][2.933s] GC(3) Pause Young (Normal) (G1 Evacuation Pause) 53M->23M(512M) 13.417ms
[2021-11-21T21:38:28.401-0800][2.933s] GC(3) User=0.05s Sys=0.02s Real=0.02s
[2021-11-21T21:38:29.120-0800][3.647s] GC(4) Pause Young (Normal) (G1 Evacuation Pause)
[2021-11-21T21:38:29.120-0800][3.647s] GC(4) Using 4 workers of 4 for evacuation
[2021-11-21T21:38:29.120-0800][3.650s] GC(4)   Pre Evacuate Collection Set: 0.0ms
[2021-11-21T21:38:29.120-0800][3.650s] GC(4)   Evacuate Collection Set: 2.5ms
[2021-11-21T21:38:29.120-0800][3.650s] GC(4)   Post Evacuate Collection Set: 0.6ms
[2021-11-21T21:38:29.120-0800][3.650s] GC(4)   Other: 0.2ms
[2021-11-21T21:38:29.120-0800][3.650s] GC(4) Eden regions: 47->0(69)
[2021-11-21T21:38:29.120-0800][3.650s] GC(4) Survivor regions: 7->2(7)
[2021-11-21T21:38:29.120-0800][3.650s] GC(4) Old regions: 13->20
[2021-11-21T21:38:29.120-0800][3.650s] GC(4) Humongous regions: 4->4
[2021-11-21T21:38:29.120-0800][3.650s] GC(4) Metaspace: 31119K->31119K(1077248K)
[2021-11-21T21:38:29.120-0800][3.650s] GC(4) Pause Young (Normal) (G1 Evacuation Pause) 70M->25M(512M) 3.454ms
[2021-11-21T21:38:29.120-0800][3.650s] GC(4) User=0.00s Sys=0.00s Real=0.00s
[2021-11-21T21:38:29.667-0800][4.202s] GC(5) Pause Young (Concurrent Start) (Metadata GC Threshold)
[2021-11-21T21:38:29.667-0800][4.202s] GC(5) Using 4 workers of 4 for evacuation
[2021-11-21T21:38:29.667-0800][4.204s] GC(5)   Pre Evacuate Collection Set: 0.0ms
[2021-11-21T21:38:29.667-0800][4.204s] GC(5)   Evacuate Collection Set: 2.0ms
[2021-11-21T21:38:29.667-0800][4.204s] GC(5)   Post Evacuate Collection Set: 0.2ms
[2021-11-21T21:38:29.667-0800][4.204s] GC(5)   Other: 0.2ms
[2021-11-21T21:38:29.667-0800][4.204s] GC(5) Eden regions: 31->0(74)
[2021-11-21T21:38:29.667-0800][4.204s] GC(5) Survivor regions: 2->3(9)
[2021-11-21T21:38:29.667-0800][4.204s] GC(5) Old regions: 20->20
[2021-11-21T21:38:29.667-0800][4.204s] GC(5) Humongous regions: 4->4
[2021-11-21T21:38:29.667-0800][4.204s] GC(5) Metaspace: 35098K->35098K(1081344K)
[2021-11-21T21:38:29.667-0800][4.204s] GC(5) Pause Young (Concurrent Start) (Metadata GC Threshold) 56M->26M(512M) 2.584ms
[2021-11-21T21:38:29.667-0800][4.204s] GC(5) User=0.00s Sys=0.00s Real=0.00s
[2021-11-21T21:38:29.667-0800][4.205s] GC(6) Concurrent Cycle
[2021-11-21T21:38:29.667-0800][4.205s] GC(6) Concurrent Clear Claimed Marks
[2021-11-21T21:38:29.667-0800][4.205s] GC(6) Concurrent Clear Claimed Marks 0.033ms
[2021-11-21T21:38:29.667-0800][4.205s] GC(6) Concurrent Scan Root Regions
[2021-11-21T21:38:29.667-0800][4.206s] GC(6) Concurrent Scan Root Regions 1.646ms
[2021-11-21T21:38:29.667-0800][4.206s] GC(6) Concurrent Mark (4.206s)
[2021-11-21T21:38:29.667-0800][4.206s] GC(6) Concurrent Mark From Roots
[2021-11-21T21:38:29.667-0800][4.206s] GC(6) Using 1 workers of 1 for marking
[2021-11-21T21:38:29.698-0800][4.231s] GC(6) Concurrent Mark From Roots 25.021ms
[2021-11-21T21:38:29.698-0800][4.231s] GC(6) Concurrent Preclean
[2021-11-21T21:38:29.698-0800][4.232s] GC(6) Concurrent Preclean 0.152ms
[2021-11-21T21:38:29.698-0800][4.232s] GC(6) Concurrent Mark (4.206s, 4.232s) 25.265ms
[2021-11-21T21:38:29.698-0800][4.232s] GC(6) Pause Remark
[2021-11-21T21:38:29.698-0800][4.234s] GC(6) Cleaned string and symbol table, strings: 15910 processed, 26 removed, symbols: 114493 processed, 25 removed
[2021-11-21T21:38:29.698-0800][4.234s] GC(6) Pause Remark 27M->27M(512M) 2.235ms
[2021-11-21T21:38:29.698-0800][4.234s] GC(6) User=0.00s Sys=0.00s Real=0.00s
[2021-11-21T21:38:29.698-0800][4.234s] GC(6) Concurrent Rebuild Remembered Sets
[2021-11-21T21:38:29.714-0800][4.246s] GC(6) Concurrent Rebuild Remembered Sets 11.649ms
[2021-11-21T21:38:29.714-0800][4.246s] GC(6) Pause Cleanup
[2021-11-21T21:38:29.714-0800][4.246s] GC(6) Pause Cleanup 27M->27M(512M) 0.091ms
[2021-11-21T21:38:29.714-0800][4.246s] GC(6) User=0.00s Sys=0.00s Real=0.00s
[2021-11-21T21:38:29.714-0800][4.246s] GC(6) Concurrent Cleanup for Next Mark
[2021-11-21T21:38:29.714-0800][4.247s] GC(6) Concurrent Cleanup for Next Mark 0.452ms
[2021-11-21T21:38:29.714-0800][4.247s] GC(6) Concurrent Cycle 42.260ms
[2021-11-21T21:38:40.836-0800][15.365s] GC(7) Pause Young (Concurrent Start) (G1 Evacuation Pause)
[2021-11-21T21:38:40.836-0800][15.365s] GC(7) Using 4 workers of 4 for evacuation
[2021-11-21T21:38:40.836-0800][15.372s] GC(7)   Pre Evacuate Collection Set: 0.0ms
[2021-11-21T21:38:40.836-0800][15.372s] GC(7)   Evacuate Collection Set: 5.5ms
[2021-11-21T21:38:40.836-0800][15.372s] GC(7)   Post Evacuate Collection Set: 0.6ms
[2021-11-21T21:38:40.836-0800][15.372s] GC(7)   Other: 0.2ms
[2021-11-21T21:38:40.836-0800][15.372s] GC(7) Eden regions: 74->0(145)
[2021-11-21T21:38:40.836-0800][15.372s] GC(7) Survivor regions: 3->10(10)
[2021-11-21T21:38:40.836-0800][15.372s] GC(7) Old regions: 20->20
[2021-11-21T21:38:40.836-0800][15.372s] GC(7) Humongous regions: 6->5
[2021-11-21T21:38:40.836-0800][15.372s] GC(7) Metaspace: 43566K->43566K(1089536K)
[2021-11-21T21:38:40.836-0800][15.372s] GC(7) Pause Young (Concurrent Start) (G1 Evacuation Pause) 102M->34M(512M) 6.537ms
[2021-11-21T21:38:40.836-0800][15.372s] GC(7) User=0.00s Sys=0.00s Real=0.00s
[2021-11-21T21:38:40.836-0800][15.372s] GC(8) Concurrent Cycle
[2021-11-21T21:38:40.836-0800][15.372s] GC(8) Concurrent Clear Claimed Marks
[2021-11-21T21:38:40.836-0800][15.372s] GC(8) Concurrent Clear Claimed Marks 0.054ms
[2021-11-21T21:38:40.836-0800][15.372s] GC(8) Concurrent Scan Root Regions
[2021-11-21T21:38:40.836-0800][15.376s] GC(8) Concurrent Scan Root Regions 3.947ms
[2021-11-21T21:38:40.836-0800][15.376s] GC(8) Concurrent Mark (15.376s)
[2021-11-21T21:38:40.836-0800][15.376s] GC(8) Concurrent Mark From Roots
[2021-11-21T21:38:40.836-0800][15.376s] GC(8) Using 1 workers of 1 for marking
[2021-11-21T21:38:40.867-0800][15.401s] GC(8) Concurrent Mark From Roots 24.465ms
[2021-11-21T21:38:40.867-0800][15.401s] GC(8) Concurrent Preclean
[2021-11-21T21:38:40.867-0800][15.401s] GC(8) Concurrent Preclean 0.155ms
[2021-11-21T21:38:40.867-0800][15.401s] GC(8) Concurrent Mark (15.376s, 15.401s) 24.712ms
[2021-11-21T21:38:40.867-0800][15.401s] GC(8) Pause Remark
[2021-11-21T21:38:40.867-0800][15.404s] GC(8) Cleaned string and symbol table, strings: 19303 processed, 1 removed, symbols: 138232 processed, 39 removed
[2021-11-21T21:38:40.867-0800][15.404s] GC(8) Pause Remark 37M->37M(512M) 3.161ms
[2021-11-21T21:38:40.867-0800][15.404s] GC(8) User=0.00s Sys=0.00s Real=0.00s
[2021-11-21T21:38:40.867-0800][15.404s] GC(8) Concurrent Rebuild Remembered Sets
[2021-11-21T21:38:40.883-0800][15.416s] GC(8) Concurrent Rebuild Remembered Sets 11.838ms
[2021-11-21T21:38:40.883-0800][15.416s] GC(8) Pause Cleanup
[2021-11-21T21:38:40.883-0800][15.416s] GC(8) Pause Cleanup 38M->38M(512M) 0.128ms
[2021-11-21T21:38:40.883-0800][15.416s] GC(8) User=0.00s Sys=0.00s Real=0.00s
[2021-11-21T21:38:40.883-0800][15.417s] GC(8) Concurrent Cleanup for Next Mark
[2021-11-21T21:38:40.883-0800][15.417s] GC(8) Concurrent Cleanup for Next Mark 0.466ms
[2021-11-21T21:38:40.883-0800][15.417s] GC(8) Concurrent Cycle 45.126ms
[2021-11-21T21:38:51.758-0800][26.285s] GC(9) Pause Young (Normal) (G1 Evacuation Pause)
[2021-11-21T21:38:51.758-0800][26.285s] GC(9) Using 4 workers of 4 for evacuation
[2021-11-21T21:38:51.766-0800][26.293s] GC(9)   Pre Evacuate Collection Set: 0.0ms
[2021-11-21T21:38:51.766-0800][26.293s] GC(9)   Evacuate Collection Set: 7.2ms
[2021-11-21T21:38:51.766-0800][26.293s] GC(9)   Post Evacuate Collection Set: 0.4ms
[2021-11-21T21:38:51.766-0800][26.293s] GC(9)   Other: 0.2ms
[2021-11-21T21:38:51.766-0800][26.293s] GC(9) Eden regions: 154->0(200)
[2021-11-21T21:38:51.766-0800][26.293s] GC(9) Survivor regions: 10->16(21)
[2021-11-21T21:38:51.766-0800][26.293s] GC(9) Old regions: 20->20
[2021-11-21T21:38:51.766-0800][26.293s] GC(9) Humongous regions: 6->5
[2021-11-21T21:38:51.766-0800][26.293s] GC(9) Metaspace: 54445K->54445K(1097728K)
[2021-11-21T21:38:51.766-0800][26.293s] GC(9) Pause Young (Normal) (G1 Evacuation Pause) 189M->40M(512M) 7.999ms
[2021-11-21T21:38:51.766-0800][26.293s] GC(9) User=0.00s Sys=0.00s Real=0.01s
[2021-11-21T21:40:49.220-0800][143.746s] GC(10) Pause Young (Normal) (G1 Evacuation Pause)
[2021-11-21T21:40:49.220-0800][143.746s] GC(10) Using 4 workers of 4 for evacuation
[2021-11-21T21:40:49.231-0800][143.757s] GC(10)   Pre Evacuate Collection Set: 0.0ms
[2021-11-21T21:40:49.231-0800][143.757s] GC(10)   Evacuate Collection Set: 9.8ms
[2021-11-21T21:40:49.231-0800][143.757s] GC(10)   Post Evacuate Collection Set: 0.9ms
[2021-11-21T21:40:49.231-0800][143.757s] GC(10)   Other: 0.2ms
[2021-11-21T21:40:49.231-0800][143.757s] GC(10) Eden regions: 200->0(281)
[2021-11-21T21:40:49.231-0800][143.757s] GC(10) Survivor regions: 16->26(27)
[2021-11-21T21:40:49.231-0800][143.757s] GC(10) Old regions: 20->23
[2021-11-21T21:40:49.231-0800][143.757s] GC(10) Humongous regions: 5->5
[2021-11-21T21:40:49.231-0800][143.757s] GC(10) Metaspace: 62145K->62145K(1105920K)
[2021-11-21T21:40:49.231-0800][143.757s] GC(10) Pause Young (Normal) (G1 Evacuation Pause) 240M->52M(512M) 11.114ms
[2021-11-21T21:40:49.231-0800][143.757s] GC(10) User=0.05s Sys=0.00s Real=0.01s
[2021-11-21T21:40:52.076-0800][146.603s] GC(11) Pause Young (Normal) (G1 Evacuation Pause)
[2021-11-21T21:40:52.076-0800][146.603s] GC(11) Using 4 workers of 4 for evacuation
[2021-11-21T21:40:52.096-0800][146.622s] GC(11)   Pre Evacuate Collection Set: 0.0ms
[2021-11-21T21:40:52.096-0800][146.622s] GC(11)   Evacuate Collection Set: 18.9ms
[2021-11-21T21:40:52.096-0800][146.622s] GC(11)   Post Evacuate Collection Set: 0.5ms
[2021-11-21T21:40:52.096-0800][146.622s] GC(11)   Other: 0.2ms
[2021-11-21T21:40:52.096-0800][146.622s] GC(11) Eden regions: 281->0(218)
[2021-11-21T21:40:52.096-0800][146.622s] GC(11) Survivor regions: 26->39(39)
[2021-11-21T21:40:52.096-0800][146.623s] GC(11) Old regions: 23->90
[2021-11-21T21:40:52.096-0800][146.623s] GC(11) Humongous regions: 5->5
[2021-11-21T21:40:52.096-0800][146.623s] GC(11) Metaspace: 63681K->63681K(1105920K)
[2021-11-21T21:40:52.096-0800][146.623s] GC(11) Pause Young (Normal) (G1 Evacuation Pause) 333M->133M(512M) 19.881ms
[2021-11-21T21:40:52.096-0800][146.623s] GC(11) User=0.06s Sys=0.00s Real=0.02s
[2021-11-21T21:40:52.252-0800][146.782s] GC(12) Pause Young (Normal) (G1 Evacuation Pause)
[2021-11-21T21:40:52.252-0800][146.783s] GC(12) Using 4 workers of 4 for evacuation
[2021-11-21T21:40:52.268-0800][146.795s] GC(12)   Pre Evacuate Collection Set: 0.0ms
[2021-11-21T21:40:52.268-0800][146.795s] GC(12)   Evacuate Collection Set: 11.7ms
[2021-11-21T21:40:52.268-0800][146.795s] GC(12)   Post Evacuate Collection Set: 0.4ms
[2021-11-21T21:40:52.268-0800][146.795s] GC(12)   Other: 0.1ms
[2021-11-21T21:40:52.268-0800][146.795s] GC(12) Eden regions: 41->0(160)
[2021-11-21T21:40:52.268-0800][146.795s] GC(12) Survivor regions: 39->2(10)
[2021-11-21T21:40:52.268-0800][146.795s] GC(12) Old regions: 90->130
[2021-11-21T21:40:52.268-0800][146.795s] GC(12) Humongous regions: 5->5
[2021-11-21T21:40:52.268-0800][146.795s] GC(12) Metaspace: 63715K->63715K(1105920K)
[2021-11-21T21:40:52.268-0800][146.795s] GC(12) Pause Young (Normal) (G1 Evacuation Pause) 174M->136M(512M) 12.417ms
[2021-11-21T21:40:52.268-0800][146.795s] GC(12) User=0.06s Sys=0.00s Real=0.02s
[2021-11-21T21:40:52.752-0800][147.293s] GC(13) Pause Young (Normal) (G1 Evacuation Pause)
[2021-11-21T21:40:52.752-0800][147.293s] GC(13) Using 4 workers of 4 for evacuation
[2021-11-21T21:40:52.768-0800][147.297s] GC(13)   Pre Evacuate Collection Set: 0.0ms
[2021-11-21T21:40:52.768-0800][147.297s] GC(13)   Evacuate Collection Set: 3.9ms
[2021-11-21T21:40:52.768-0800][147.297s] GC(13)   Post Evacuate Collection Set: 0.2ms
[2021-11-21T21:40:52.768-0800][147.297s] GC(13)   Other: 0.1ms
[2021-11-21T21:40:52.768-0800][147.297s] GC(13) Eden regions: 160->0(175)
[2021-11-21T21:40:52.768-0800][147.297s] GC(13) Survivor regions: 2->6(21)
[2021-11-21T21:40:52.768-0800][147.297s] GC(13) Old regions: 130->130
[2021-11-21T21:40:52.768-0800][147.297s] GC(13) Humongous regions: 5->5
[2021-11-21T21:40:52.768-0800][147.297s] GC(13) Metaspace: 63734K->63734K(1105920K)
[2021-11-21T21:40:52.768-0800][147.297s] GC(13) Pause Young (Normal) (G1 Evacuation Pause) 296M->140M(512M) 4.412ms
[2021-11-21T21:40:52.768-0800][147.297s] GC(13) User=0.06s Sys=0.00s Real=0.02s
[2021-11-21T21:40:53.260-0800][147.790s] GC(14) Pause Young (Normal) (G1 Evacuation Pause)
[2021-11-21T21:40:53.260-0800][147.790s] GC(14) Using 4 workers of 4 for evacuation
[2021-11-21T21:40:53.260-0800][147.798s] GC(14)   Pre Evacuate Collection Set: 0.0ms
[2021-11-21T21:40:53.260-0800][147.798s] GC(14)   Evacuate Collection Set: 7.0ms
[2021-11-21T21:40:53.260-0800][147.798s] GC(14)   Post Evacuate Collection Set: 0.2ms
[2021-11-21T21:40:53.260-0800][147.798s] GC(14)   Other: 0.1ms
[2021-11-21T21:40:53.260-0800][147.798s] GC(14) Eden regions: 175->0(189)
[2021-11-21T21:40:53.260-0800][147.798s] GC(14) Survivor regions: 6->10(23)
[2021-11-21T21:40:53.260-0800][147.798s] GC(14) Old regions: 130->130
[2021-11-21T21:40:53.260-0800][147.798s] GC(14) Humongous regions: 5->5
[2021-11-21T21:40:53.260-0800][147.798s] GC(14) Metaspace: 63745K->63745K(1107968K)
[2021-11-21T21:40:53.260-0800][147.798s] GC(14) Pause Young (Normal) (G1 Evacuation Pause) 315M->144M(512M) 7.568ms
[2021-11-21T21:40:53.260-0800][147.798s] GC(14) User=0.00s Sys=0.00s Real=0.00s
[2021-11-21T21:40:53.729-0800][148.264s] GC(15) Pause Young (Normal) (G1 Evacuation Pause)
[2021-11-21T21:40:53.729-0800][148.264s] GC(15) Using 4 workers of 4 for evacuation
[2021-11-21T21:40:53.744-0800][148.274s] GC(15)   Pre Evacuate Collection Set: 0.0ms
[2021-11-21T21:40:53.744-0800][148.274s] GC(15)   Evacuate Collection Set: 9.1ms
[2021-11-21T21:40:53.744-0800][148.274s] GC(15)   Post Evacuate Collection Set: 0.2ms
[2021-11-21T21:40:53.744-0800][148.274s] GC(15)   Other: 0.2ms
[2021-11-21T21:40:53.744-0800][148.274s] GC(15) Eden regions: 189->0(199)
[2021-11-21T21:40:53.744-0800][148.274s] GC(15) Survivor regions: 10->15(25)
[2021-11-21T21:40:53.744-0800][148.274s] GC(15) Old regions: 130->130
[2021-11-21T21:40:53.744-0800][148.274s] GC(15) Humongous regions: 5->5
[2021-11-21T21:40:53.744-0800][148.274s] GC(15) Metaspace: 63763K->63763K(1107968K)
[2021-11-21T21:40:53.744-0800][148.274s] GC(15) Pause Young (Normal) (G1 Evacuation Pause) 333M->149M(512M) 9.674ms
[2021-11-21T21:40:53.744-0800][148.274s] GC(15) User=0.06s Sys=0.00s Real=0.01s
[2021-11-21T21:40:54.211-0800][148.742s] GC(16) Pause Young (Normal) (G1 Evacuation Pause)
[2021-11-21T21:40:54.211-0800][148.742s] GC(16) Using 4 workers of 4 for evacuation
[2021-11-21T21:40:54.211-0800][148.751s] GC(16)   Pre Evacuate Collection Set: 0.0ms
[2021-11-21T21:40:54.211-0800][148.751s] GC(16)   Evacuate Collection Set: 8.7ms
[2021-11-21T21:40:54.211-0800][148.751s] GC(16)   Post Evacuate Collection Set: 0.4ms
[2021-11-21T21:40:54.211-0800][148.751s] GC(16)   Other: 0.2ms
[2021-11-21T21:40:54.211-0800][148.751s] GC(16) Eden regions: 199->0(208)
[2021-11-21T21:40:54.211-0800][148.751s] GC(16) Survivor regions: 15->18(27)
[2021-11-21T21:40:54.211-0800][148.751s] GC(16) Old regions: 130->131
[2021-11-21T21:40:54.211-0800][148.751s] GC(16) Humongous regions: 7->7
[2021-11-21T21:40:54.211-0800][148.751s] GC(16) Metaspace: 63772K->63772K(1107968K)
[2021-11-21T21:40:54.211-0800][148.751s] GC(16) Pause Young (Normal) (G1 Evacuation Pause) 350M->155M(512M) 9.490ms
[2021-11-21T21:40:54.211-0800][148.751s] GC(16) User=0.00s Sys=0.00s Real=0.00s
[2021-11-21T21:40:54.664-0800][149.191s] GC(17) Pause Young (Normal) (G1 Evacuation Pause)
[2021-11-21T21:40:54.664-0800][149.191s] GC(17) Using 4 workers of 4 for evacuation
[2021-11-21T21:40:54.664-0800][149.202s] GC(17)   Pre Evacuate Collection Set: 0.0ms
[2021-11-21T21:40:54.664-0800][149.202s] GC(17)   Evacuate Collection Set: 10.8ms
[2021-11-21T21:40:54.664-0800][149.202s] GC(17)   Post Evacuate Collection Set: 0.3ms
[2021-11-21T21:40:54.664-0800][149.202s] GC(17)   Other: 0.2ms
[2021-11-21T21:40:54.664-0800][149.202s] GC(17) Eden regions: 208->0(214)
[2021-11-21T21:40:54.664-0800][149.202s] GC(17) Survivor regions: 18->20(29)
[2021-11-21T21:40:54.664-0800][149.202s] GC(17) Old regions: 131->134
[2021-11-21T21:40:54.664-0800][149.202s] GC(17) Humongous regions: 7->7
[2021-11-21T21:40:54.664-0800][149.202s] GC(17) Metaspace: 63774K->63774K(1107968K)
[2021-11-21T21:40:54.664-0800][149.202s] GC(17) Pause Young (Normal) (G1 Evacuation Pause) 363M->160M(512M) 11.366ms
[2021-11-21T21:40:54.664-0800][149.202s] GC(17) User=0.00s Sys=0.00s Real=0.00s
[2021-11-21T21:40:55.163-0800][149.689s] GC(18) Pause Young (Normal) (G1 Evacuation Pause)
[2021-11-21T21:40:55.163-0800][149.689s] GC(18) Using 4 workers of 4 for evacuation
[2021-11-21T21:40:55.163-0800][149.702s] GC(18)   Pre Evacuate Collection Set: 0.0ms
[2021-11-21T21:40:55.163-0800][149.702s] GC(18)   Evacuate Collection Set: 11.9ms
[2021-11-21T21:40:55.163-0800][149.702s] GC(18)   Post Evacuate Collection Set: 0.3ms
[2021-11-21T21:40:55.163-0800][149.702s] GC(18)   Other: 0.2ms
[2021-11-21T21:40:55.163-0800][149.702s] GC(18) Eden regions: 214->0(217)
[2021-11-21T21:40:55.163-0800][149.702s] GC(18) Survivor regions: 20->17(30)
[2021-11-21T21:40:55.163-0800][149.702s] GC(18) Old regions: 134->141
[2021-11-21T21:40:55.163-0800][149.702s] GC(18) Humongous regions: 10->10
[2021-11-21T21:40:55.163-0800][149.702s] GC(18) Metaspace: 63775K->63775K(1107968K)
[2021-11-21T21:40:55.163-0800][149.702s] GC(18) Pause Young (Normal) (G1 Evacuation Pause) 377M->167M(512M) 12.488ms
[2021-11-21T21:40:55.163-0800][149.702s] GC(18) User=0.00s Sys=0.00s Real=0.00s
[2021-11-21T21:40:55.897-0800][150.434s] GC(19) Pause Young (Normal) (G1 Evacuation Pause)
[2021-11-21T21:40:55.897-0800][150.434s] GC(19) Using 4 workers of 4 for evacuation
[2021-11-21T21:40:55.913-0800][150.448s] GC(19)   Pre Evacuate Collection Set: 0.0ms
[2021-11-21T21:40:55.913-0800][150.448s] GC(19)   Evacuate Collection Set: 13.6ms
[2021-11-21T21:40:55.913-0800][150.449s] GC(19)   Post Evacuate Collection Set: 0.3ms
[2021-11-21T21:40:55.913-0800][150.449s] GC(19)   Other: 0.2ms
[2021-11-21T21:40:55.913-0800][150.449s] GC(19) Eden regions: 217->0(220)
[2021-11-21T21:40:55.913-0800][150.449s] GC(19) Survivor regions: 17->18(30)
[2021-11-21T21:40:55.913-0800][150.449s] GC(19) Old regions: 141->145
[2021-11-21T21:40:55.913-0800][150.449s] GC(19) Humongous regions: 10->10
[2021-11-21T21:40:55.913-0800][150.449s] GC(19) Metaspace: 63963K->63963K(1107968K)
[2021-11-21T21:40:55.913-0800][150.449s] GC(19) Pause Young (Normal) (G1 Evacuation Pause) 384M->172M(512M) 14.279ms
[2021-11-21T21:40:55.913-0800][150.449s] GC(19) User=0.05s Sys=0.00s Real=0.02s
[2021-11-21T21:42:13.116-0800][227.643s] GC(20) Pause Young (Normal) (G1 Evacuation Pause)
[2021-11-21T21:42:13.116-0800][227.643s] GC(20) Using 4 workers of 4 for evacuation
[2021-11-21T21:42:13.116-0800][227.651s] GC(20)   Pre Evacuate Collection Set: 0.0ms
[2021-11-21T21:42:13.116-0800][227.651s] GC(20)   Evacuate Collection Set: 7.4ms
[2021-11-21T21:42:13.116-0800][227.651s] GC(20)   Post Evacuate Collection Set: 0.4ms
[2021-11-21T21:42:13.116-0800][227.651s] GC(20)   Other: 0.2ms
[2021-11-21T21:42:13.116-0800][227.651s] GC(20) Eden regions: 220->0(212)
[2021-11-21T21:42:13.116-0800][227.651s] GC(20) Survivor regions: 18->29(30)
[2021-11-21T21:42:13.116-0800][227.651s] GC(20) Old regions: 145->148
[2021-11-21T21:42:13.116-0800][227.651s] GC(20) Humongous regions: 10->10
[2021-11-21T21:42:13.116-0800][227.651s] GC(20) Metaspace: 64944K->64944K(1107968K)
[2021-11-21T21:42:13.116-0800][227.651s] GC(20) Pause Young (Normal) (G1 Evacuation Pause) 392M->186M(512M) 8.199ms
[2021-11-21T21:42:13.116-0800][227.651s] GC(20) User=0.00s Sys=0.00s Real=0.00s
[2021-11-21T21:42:15.268-0800][229.796s] GC(21) Pause Young (Normal) (G1 Evacuation Pause)
[2021-11-21T21:42:15.268-0800][229.796s] GC(21) Using 4 workers of 4 for evacuation
[2021-11-21T21:42:15.284-0800][229.811s] GC(21)   Pre Evacuate Collection Set: 0.0ms
[2021-11-21T21:42:15.284-0800][229.811s] GC(21)   Evacuate Collection Set: 14.5ms
[2021-11-21T21:42:15.284-0800][229.811s] GC(21)   Post Evacuate Collection Set: 0.3ms
[2021-11-21T21:42:15.284-0800][229.811s] GC(21)   Other: 0.3ms
[2021-11-21T21:42:15.284-0800][229.811s] GC(21) Eden regions: 212->0(135)
[2021-11-21T21:42:15.284-0800][229.811s] GC(21) Survivor regions: 29->31(31)
[2021-11-21T21:42:15.284-0800][229.811s] GC(21) Old regions: 148->216
[2021-11-21T21:42:15.284-0800][229.811s] GC(21) Humongous regions: 10->10
[2021-11-21T21:42:15.284-0800][229.811s] GC(21) Metaspace: 64946K->64946K(1107968K)
[2021-11-21T21:42:15.284-0800][229.811s] GC(21) Pause Young (Normal) (G1 Evacuation Pause) 398M->256M(512M) 15.228ms
[2021-11-21T21:42:15.284-0800][229.811s] GC(21) User=0.06s Sys=0.00s Real=0.02s
[2021-11-21T21:42:15.776-0800][230.315s] GC(22) Pause Young (Normal) (G1 Evacuation Pause)
[2021-11-21T21:42:15.776-0800][230.315s] GC(22) Using 4 workers of 4 for evacuation
[2021-11-21T21:42:15.792-0800][230.322s] GC(22)   Pre Evacuate Collection Set: 0.0ms
[2021-11-21T21:42:15.792-0800][230.322s] GC(22)   Evacuate Collection Set: 6.1ms
[2021-11-21T21:42:15.792-0800][230.322s] GC(22)   Post Evacuate Collection Set: 0.2ms
[2021-11-21T21:42:15.792-0800][230.322s] GC(22)   Other: 0.2ms
[2021-11-21T21:42:15.792-0800][230.322s] GC(22) Eden regions: 135->0(136)
[2021-11-21T21:42:15.792-0800][230.322s] GC(22) Survivor regions: 31->7(21)
[2021-11-21T21:42:15.792-0800][230.322s] GC(22) Old regions: 216->248
[2021-11-21T21:42:15.792-0800][230.322s] GC(22) Humongous regions: 10->10
[2021-11-21T21:42:15.792-0800][230.322s] GC(22) Metaspace: 64947K->64947K(1107968K)
[2021-11-21T21:42:15.792-0800][230.322s] GC(22) Pause Young (Normal) (G1 Evacuation Pause) 391M->264M(512M) 6.726ms
[2021-11-21T21:42:15.792-0800][230.322s] GC(22) User=0.06s Sys=0.00s Real=0.02s
[2021-11-21T21:42:16.089-0800][230.620s] GC(23) Pause Young (Concurrent Start) (G1 Evacuation Pause)
[2021-11-21T21:42:16.089-0800][230.620s] GC(23) Using 4 workers of 4 for evacuation
[2021-11-21T21:42:16.089-0800][230.625s] GC(23)   Pre Evacuate Collection Set: 0.1ms
[2021-11-21T21:42:16.089-0800][230.625s] GC(23)   Evacuate Collection Set: 4.7ms
[2021-11-21T21:42:16.089-0800][230.625s] GC(23)   Post Evacuate Collection Set: 0.3ms
[2021-11-21T21:42:16.089-0800][230.625s] GC(23)   Other: 0.2ms
[2021-11-21T21:42:16.089-0800][230.625s] GC(23) Eden regions: 136->0(140)
[2021-11-21T21:42:16.089-0800][230.625s] GC(23) Survivor regions: 7->10(18)
[2021-11-21T21:42:16.089-0800][230.625s] GC(23) Old regions: 248->248
[2021-11-21T21:42:16.089-0800][230.625s] GC(23) Humongous regions: 10->10
[2021-11-21T21:42:16.089-0800][230.625s] GC(23) Metaspace: 64947K->64947K(1107968K)
[2021-11-21T21:42:16.089-0800][230.625s] GC(23) Pause Young (Concurrent Start) (G1 Evacuation Pause) 400M->267M(512M) 5.417ms
[2021-11-21T21:42:16.089-0800][230.625s] GC(23) User=0.00s Sys=0.00s Real=0.00s
[2021-11-21T21:42:16.089-0800][230.625s] GC(24) Concurrent Cycle
[2021-11-21T21:42:16.089-0800][230.625s] GC(24) Concurrent Clear Claimed Marks
[2021-11-21T21:42:16.089-0800][230.625s] GC(24) Concurrent Clear Claimed Marks 0.100ms
[2021-11-21T21:42:16.089-0800][230.625s] GC(24) Concurrent Scan Root Regions
[2021-11-21T21:42:16.089-0800][230.628s] GC(24) Concurrent Scan Root Regions 2.852ms
[2021-11-21T21:42:16.089-0800][230.628s] GC(24) Concurrent Mark (230.628s)
[2021-11-21T21:42:16.089-0800][230.628s] GC(24) Concurrent Mark From Roots
[2021-11-21T21:42:16.089-0800][230.628s] GC(24) Using 1 workers of 1 for marking
[2021-11-21T21:42:16.165-0800][230.691s] GC(24) Concurrent Mark From Roots 62.882ms
[2021-11-21T21:42:16.165-0800][230.691s] GC(24) Concurrent Preclean
[2021-11-21T21:42:16.165-0800][230.691s] GC(24) Concurrent Preclean 0.165ms
[2021-11-21T21:42:16.165-0800][230.691s] GC(24) Concurrent Mark (230.628s, 230.691s) 63.136ms
[2021-11-21T21:42:16.165-0800][230.691s] GC(24) Pause Remark
[2021-11-21T21:42:16.174-0800][230.701s] GC(24) Cleaned string and symbol table, strings: 30607 processed, 30 removed, symbols: 187722 processed, 550 removed
[2021-11-21T21:42:16.174-0800][230.701s] GC(24) Pause Remark 293M->182M(512M) 9.467ms
[2021-11-21T21:42:16.174-0800][230.701s] GC(24) User=0.00s Sys=0.00s Real=0.01s
[2021-11-21T21:42:16.174-0800][230.701s] GC(24) Concurrent Rebuild Remembered Sets
[2021-11-21T21:42:16.203-0800][230.737s] GC(24) Concurrent Rebuild Remembered Sets 36.234ms
[2021-11-21T21:42:16.203-0800][230.737s] GC(24) Pause Cleanup
[2021-11-21T21:42:16.203-0800][230.738s] GC(24) Pause Cleanup 198M->198M(512M) 0.136ms
[2021-11-21T21:42:16.203-0800][230.738s] GC(24) User=0.00s Sys=0.00s Real=0.00s
[2021-11-21T21:42:16.203-0800][230.738s] GC(24) Concurrent Cleanup for Next Mark
[2021-11-21T21:42:16.203-0800][230.739s] GC(24) Concurrent Cleanup for Next Mark 0.900ms
[2021-11-21T21:42:16.203-0800][230.739s] GC(24) Concurrent Cycle 113.433ms
[2021-11-21T21:42:16.419-0800][230.955s] GC(25) Pause Young (Normal) (G1 Evacuation Pause)
[2021-11-21T21:42:16.419-0800][230.955s] GC(25) Using 4 workers of 4 for evacuation
[2021-11-21T21:42:16.435-0800][230.961s] GC(25)   Pre Evacuate Collection Set: 0.0ms
[2021-11-21T21:42:16.435-0800][230.961s] GC(25)   Evacuate Collection Set: 6.3ms
[2021-11-21T21:42:16.435-0800][230.961s] GC(25)   Post Evacuate Collection Set: 0.2ms
[2021-11-21T21:42:16.435-0800][230.961s] GC(25)   Other: 0.2ms
[2021-11-21T21:42:16.435-0800][230.961s] GC(25) Eden regions: 140->0(200)
[2021-11-21T21:42:16.435-0800][230.961s] GC(25) Survivor regions: 10->13(19)
[2021-11-21T21:42:16.435-0800][230.961s] GC(25) Old regions: 142->142
[2021-11-21T21:42:16.435-0800][230.962s] GC(25) Humongous regions: 5->5
[2021-11-21T21:42:16.435-0800][230.962s] GC(25) Metaspace: 64939K->64939K(1107968K)
[2021-11-21T21:42:16.435-0800][230.962s] GC(25) Pause Young (Normal) (G1 Evacuation Pause) 296M->159M(512M) 6.888ms
[2021-11-21T21:42:16.435-0800][230.962s] GC(25) User=0.06s Sys=0.00s Real=0.02s
[2021-11-21T21:42:16.857-0800][231.392s] GC(26) Pause Young (Normal) (G1 Evacuation Pause)
[2021-11-21T21:42:16.857-0800][231.392s] GC(26) Using 4 workers of 4 for evacuation
[2021-11-21T21:42:16.872-0800][231.401s] GC(26)   Pre Evacuate Collection Set: 0.0ms
[2021-11-21T21:42:16.872-0800][231.401s] GC(26)   Evacuate Collection Set: 8.9ms
[2021-11-21T21:42:16.872-0800][231.401s] GC(26)   Post Evacuate Collection Set: 0.3ms
[2021-11-21T21:42:16.872-0800][231.401s] GC(26)   Other: 0.2ms
[2021-11-21T21:42:16.872-0800][231.401s] GC(26) Eden regions: 200->0(207)
[2021-11-21T21:42:16.872-0800][231.401s] GC(26) Survivor regions: 13->18(27)
[2021-11-21T21:42:16.872-0800][231.401s] GC(26) Old regions: 142->142
[2021-11-21T21:42:16.872-0800][231.401s] GC(26) Humongous regions: 5->5
[2021-11-21T21:42:16.872-0800][231.401s] GC(26) Metaspace: 64939K->64939K(1107968K)
[2021-11-21T21:42:16.872-0800][231.401s] GC(26) Pause Young (Normal) (G1 Evacuation Pause) 359M->164M(512M) 9.547ms
[2021-11-21T21:42:16.872-0800][231.401s] GC(26) User=0.06s Sys=0.00s Real=0.01s
[2021-11-21T21:42:17.310-0800][231.846s] GC(27) Pause Young (Normal) (G1 Evacuation Pause)
[2021-11-21T21:42:17.310-0800][231.846s] GC(27) Using 4 workers of 4 for evacuation
[2021-11-21T21:42:17.325-0800][231.856s] GC(27)   Pre Evacuate Collection Set: 0.0ms
[2021-11-21T21:42:17.325-0800][231.857s] GC(27)   Evacuate Collection Set: 10.3ms
[2021-11-21T21:42:17.325-0800][231.857s] GC(27)   Post Evacuate Collection Set: 0.3ms
[2021-11-21T21:42:17.325-0800][231.857s] GC(27)   Other: 0.2ms
[2021-11-21T21:42:17.325-0800][231.857s] GC(27) Eden regions: 207->0(211)
[2021-11-21T21:42:17.325-0800][231.857s] GC(27) Survivor regions: 18->18(29)
[2021-11-21T21:42:17.325-0800][231.857s] GC(27) Old regions: 142->147
[2021-11-21T21:42:17.325-0800][231.857s] GC(27) Humongous regions: 7->7
[2021-11-21T21:42:17.325-0800][231.857s] GC(27) Metaspace: 64939K->64939K(1107968K)
[2021-11-21T21:42:17.325-0800][231.857s] GC(27) Pause Young (Normal) (G1 Evacuation Pause) 373M->171M(512M) 10.937ms
[2021-11-21T21:42:17.325-0800][231.857s] GC(27) User=0.06s Sys=0.00s Real=0.02s
[2021-11-21T21:42:17.778-0800][232.309s] GC(28) Pause Young (Normal) (G1 Evacuation Pause)
[2021-11-21T21:42:17.778-0800][232.309s] GC(28) Using 4 workers of 4 for evacuation
[2021-11-21T21:42:17.793-0800][232.320s] GC(28)   Pre Evacuate Collection Set: 0.0ms
[2021-11-21T21:42:17.793-0800][232.320s] GC(28)   Evacuate Collection Set: 10.7ms
[2021-11-21T21:42:17.793-0800][232.320s] GC(28)   Post Evacuate Collection Set: 0.2ms
[2021-11-21T21:42:17.793-0800][232.320s] GC(28)   Other: 0.2ms
[2021-11-21T21:42:17.793-0800][232.320s] GC(28) Eden regions: 211->0(215)
[2021-11-21T21:42:17.793-0800][232.320s] GC(28) Survivor regions: 18->20(29)
[2021-11-21T21:42:17.793-0800][232.320s] GC(28) Old regions: 147->150
[2021-11-21T21:42:17.793-0800][232.320s] GC(28) Humongous regions: 7->7
[2021-11-21T21:42:17.793-0800][232.320s] GC(28) Metaspace: 64939K->64939K(1107968K)
[2021-11-21T21:42:17.793-0800][232.320s] GC(28) Pause Young (Normal) (G1 Evacuation Pause) 382M->175M(512M) 11.284ms
[2021-11-21T21:42:17.793-0800][232.320s] GC(28) User=0.03s Sys=0.00s Real=0.01s
[2021-11-21T21:42:18.246-0800][232.784s] GC(29) Pause Young (Normal) (G1 Evacuation Pause)
[2021-11-21T21:42:18.246-0800][232.784s] GC(29) Using 4 workers of 4 for evacuation
[2021-11-21T21:42:18.262-0800][232.796s] GC(29)   Pre Evacuate Collection Set: 0.0ms
[2021-11-21T21:42:18.262-0800][232.796s] GC(29)   Evacuate Collection Set: 12.2ms
[2021-11-21T21:42:18.262-0800][232.796s] GC(29)   Post Evacuate Collection Set: 0.3ms
[2021-11-21T21:42:18.262-0800][232.796s] GC(29)   Other: 0.2ms
[2021-11-21T21:42:18.262-0800][232.796s] GC(29) Eden regions: 215->0(216)
[2021-11-21T21:42:18.262-0800][232.796s] GC(29) Survivor regions: 20->18(30)
[2021-11-21T21:42:18.262-0800][232.796s] GC(29) Old regions: 150->156
[2021-11-21T21:42:18.262-0800][232.796s] GC(29) Humongous regions: 10->10
[2021-11-21T21:42:18.262-0800][232.797s] GC(29) Metaspace: 64939K->64939K(1107968K)
[2021-11-21T21:42:18.262-0800][232.797s] GC(29) Pause Young (Normal) (G1 Evacuation Pause) 393M->183M(512M) 12.796ms
[2021-11-21T21:42:18.262-0800][232.797s] GC(29) User=0.06s Sys=0.00s Real=0.02s
[2021-11-21T21:42:19.263-0800][233.803s] GC(30) Pause Young (Normal) (G1 Evacuation Pause)
[2021-11-21T21:42:19.263-0800][233.803s] GC(30) Using 4 workers of 4 for evacuation
[2021-11-21T21:42:19.278-0800][233.814s] GC(30)   Pre Evacuate Collection Set: 0.0ms
[2021-11-21T21:42:19.278-0800][233.814s] GC(30)   Evacuate Collection Set: 10.2ms
[2021-11-21T21:42:19.278-0800][233.814s] GC(30)   Post Evacuate Collection Set: 0.3ms
[2021-11-21T21:42:19.278-0800][233.814s] GC(30)   Other: 0.2ms
[2021-11-21T21:42:19.278-0800][233.814s] GC(30) Eden regions: 216->0(217)
[2021-11-21T21:42:19.278-0800][233.814s] GC(30) Survivor regions: 18->19(30)
[2021-11-21T21:42:19.278-0800][233.814s] GC(30) Old regions: 156->161
[2021-11-21T21:42:19.278-0800][233.814s] GC(30) Humongous regions: 10->10
[2021-11-21T21:42:19.278-0800][233.814s] GC(30) Metaspace: 64942K->64942K(1107968K)
[2021-11-21T21:42:19.278-0800][233.814s] GC(30) Pause Young (Normal) (G1 Evacuation Pause) 399M->189M(512M) 10.936ms
[2021-11-21T21:42:19.278-0800][233.814s] GC(30) User=0.06s Sys=0.00s Real=0.02s
[2021-11-21T22:31:33.553-0800][3188.080s] GC(31) Pause Young (Normal) (G1 Evacuation Pause)
[2021-11-21T22:31:33.553-0800][3188.080s] GC(31) Using 4 workers of 4 for evacuation
[2021-11-21T22:31:33.561-0800][3188.088s] GC(31)   Pre Evacuate Collection Set: 0.0ms
[2021-11-21T22:31:33.561-0800][3188.088s] GC(31)   Evacuate Collection Set: 7.7ms
[2021-11-21T22:31:33.561-0800][3188.088s] GC(31)   Post Evacuate Collection Set: 0.4ms
[2021-11-21T22:31:33.561-0800][3188.088s] GC(31)   Other: 0.2ms
[2021-11-21T22:31:33.561-0800][3188.088s] GC(31) Eden regions: 217->0(226)
[2021-11-21T22:31:33.561-0800][3188.088s] GC(31) Survivor regions: 19->13(30)
[2021-11-21T22:31:33.561-0800][3188.088s] GC(31) Old regions: 161->164
[2021-11-21T22:31:33.561-0800][3188.088s] GC(31) Humongous regions: 10->10
[2021-11-21T22:31:33.561-0800][3188.088s] GC(31) Metaspace: 66169K->66169K(1110016K)
[2021-11-21T22:31:33.561-0800][3188.088s] GC(31) Pause Young (Normal) (G1 Evacuation Pause) 406M->185M(512M) 8.448ms
[2021-11-21T22:31:33.561-0800][3188.088s] GC(31) User=0.05s Sys=0.00s Real=0.01s
[2021-11-22T02:46:38.822-0800][18495.072s] GC(32) Pause Young (Normal) (G1 Evacuation Pause)
[2021-11-22T02:46:38.822-0800][18495.072s] GC(32) Using 4 workers of 4 for evacuation
[2021-11-22T02:46:38.829-0800][18495.080s] GC(32)   Pre Evacuate Collection Set: 0.0ms
[2021-11-22T02:46:38.829-0800][18495.080s] GC(32)   Evacuate Collection Set: 6.5ms
[2021-11-22T02:46:38.829-0800][18495.080s] GC(32)   Post Evacuate Collection Set: 0.4ms
[2021-11-22T02:46:38.829-0800][18495.080s] GC(32)   Other: 0.2ms
[2021-11-22T02:46:38.829-0800][18495.080s] GC(32) Eden regions: 226->0(231)
[2021-11-22T02:46:38.829-0800][18495.080s] GC(32) Survivor regions: 13->14(30)
[2021-11-22T02:46:38.829-0800][18495.080s] GC(32) Old regions: 164->164
[2021-11-22T02:46:38.829-0800][18495.080s] GC(32) Humongous regions: 10->10
[2021-11-22T02:46:38.829-0800][18495.080s] GC(32) Metaspace: 66385K->66385K(1110016K)
[2021-11-22T02:46:38.829-0800][18495.080s] GC(32) Pause Young (Normal) (G1 Evacuation Pause) 411M->187M(512M) 7.295ms
[2021-11-22T02:46:38.829-0800][18495.080s] GC(32) User=0.00s Sys=0.00s Real=0.01s
