[2021-11-20T04:31:44.721-0800][0.031s] Heap region size: 1M
[2021-11-20T04:31:45.018-0800][0.328s] Using G1
[2021-11-20T04:31:45.018-0800][0.328s] Heap address: 0x00000000e0000000, size: 512 MB, Compressed Oops mode: 32-bit
[2021-11-20T04:31:46.789-0800][2.098s] GC(0) Pause Young (Normal) (G1 Evacuation Pause)
[2021-11-20T04:31:46.789-0800][2.099s] GC(0) Using 4 workers of 4 for evacuation
[2021-11-20T04:31:46.792-0800][2.102s] GC(0)   Pre Evacuate Collection Set: 0.0ms
[2021-11-20T04:31:46.792-0800][2.102s] GC(0)   Evacuate Collection Set: 2.7ms
[2021-11-20T04:31:46.792-0800][2.102s] GC(0)   Post Evacuate Collection Set: 0.3ms
[2021-11-20T04:31:46.792-0800][2.102s] GC(0)   Other: 0.3ms
[2021-11-20T04:31:46.792-0800][2.102s] GC(0) Eden regions: 25->0(303)
[2021-11-20T04:31:46.792-0800][2.102s] GC(0) Survivor regions: 0->4(4)
[2021-11-20T04:31:46.792-0800][2.102s] GC(0) Old regions: 0->0
[2021-11-20T04:31:46.792-0800][2.102s] GC(0) Humongous regions: 0->0
[2021-11-20T04:31:46.792-0800][2.102s] GC(0) Metaspace: 12281K->12281K(1060864K)
[2021-11-20T04:31:46.792-0800][2.102s] GC(0) Pause Young (Normal) (G1 Evacuation Pause) 25M->3M(512M) 3.914ms
[2021-11-20T04:31:46.792-0800][2.102s] GC(0) User=0.00s Sys=0.00s Real=0.00s
[2021-11-20T04:31:47.518-0800][2.827s] GC(1) Pause Young (Concurrent Start) (Metadata GC Threshold)
[2021-11-20T04:31:47.518-0800][2.827s] GC(1) Using 4 workers of 4 for evacuation
[2021-11-20T04:31:47.530-0800][2.839s] GC(1)   Pre Evacuate Collection Set: 0.0ms
[2021-11-20T04:31:47.530-0800][2.839s] GC(1)   Evacuate Collection Set: 11.0ms
[2021-11-20T04:31:47.530-0800][2.839s] GC(1)   Post Evacuate Collection Set: 0.4ms
[2021-11-20T04:31:47.530-0800][2.839s] GC(1)   Other: 0.2ms
[2021-11-20T04:31:47.530-0800][2.839s] GC(1) Eden regions: 30->0(50)
[2021-11-20T04:31:47.530-0800][2.839s] GC(1) Survivor regions: 4->13(21)
[2021-11-20T04:31:47.530-0800][2.839s] GC(1) Old regions: 0->0
[2021-11-20T04:31:47.530-0800][2.839s] GC(1) Humongous regions: 4->4
[2021-11-20T04:31:47.530-0800][2.839s] GC(1) Metaspace: 20712K->20712K(1069056K)
[2021-11-20T04:31:47.530-0800][2.839s] GC(1) Pause Young (Concurrent Start) (Metadata GC Threshold) 37M->16M(512M) 11.815ms
[2021-11-20T04:31:47.530-0800][2.839s] GC(1) User=0.06s Sys=0.00s Real=0.01s
[2021-11-20T04:31:47.530-0800][2.839s] GC(2) Concurrent Cycle
[2021-11-20T04:31:47.530-0800][2.839s] GC(2) Concurrent Clear Claimed Marks
[2021-11-20T04:31:47.530-0800][2.839s] GC(2) Concurrent Clear Claimed Marks 0.036ms
[2021-11-20T04:31:47.530-0800][2.839s] GC(2) Concurrent Scan Root Regions
[2021-11-20T04:31:47.535-0800][2.844s] GC(2) Concurrent Scan Root Regions 5.333ms
[2021-11-20T04:31:47.535-0800][2.844s] GC(2) Concurrent Mark (2.844s)
[2021-11-20T04:31:47.535-0800][2.844s] GC(2) Concurrent Mark From Roots
[2021-11-20T04:31:47.535-0800][2.844s] GC(2) Using 1 workers of 1 for marking
[2021-11-20T04:31:47.538-0800][2.847s] GC(2) Concurrent Mark From Roots 2.240ms
[2021-11-20T04:31:47.538-0800][2.847s] GC(2) Concurrent Preclean
[2021-11-20T04:31:47.538-0800][2.847s] GC(2) Concurrent Preclean 0.106ms
[2021-11-20T04:31:47.538-0800][2.847s] GC(2) Concurrent Mark (2.844s, 2.847s) 2.434ms
[2021-11-20T04:31:47.538-0800][2.847s] GC(2) Pause Remark
[2021-11-20T04:31:47.540-0800][2.849s] GC(2) Cleaned string and symbol table, strings: 9713 processed, 0 removed, symbols: 67337 processed, 22 removed
[2021-11-20T04:31:47.540-0800][2.849s] GC(2) Pause Remark 16M->16M(512M) 2.013ms
[2021-11-20T04:31:47.540-0800][2.849s] GC(2) User=0.00s Sys=0.00s Real=0.00s
[2021-11-20T04:31:47.540-0800][2.849s] GC(2) Concurrent Rebuild Remembered Sets
[2021-11-20T04:31:47.541-0800][2.851s] GC(2) Concurrent Rebuild Remembered Sets 1.582ms
[2021-11-20T04:31:47.542-0800][2.851s] GC(2) Pause Cleanup
[2021-11-20T04:31:47.542-0800][2.851s] GC(2) Pause Cleanup 16M->16M(512M) 0.079ms
[2021-11-20T04:31:47.542-0800][2.851s] GC(2) User=0.00s Sys=0.00s Real=0.00s
[2021-11-20T04:31:47.542-0800][2.851s] GC(2) Concurrent Cleanup for Next Mark
[2021-11-20T04:31:47.543-0800][2.852s] GC(2) Concurrent Cleanup for Next Mark 1.197ms
[2021-11-20T04:31:47.543-0800][2.852s] GC(2) Concurrent Cycle 13.234ms
[2021-11-20T04:31:48.298-0800][3.607s] GC(3) Pause Young (Normal) (G1 Evacuation Pause)
[2021-11-20T04:31:48.298-0800][3.607s] GC(3) Using 4 workers of 4 for evacuation
[2021-11-20T04:31:48.310-0800][3.619s] GC(3)   Pre Evacuate Collection Set: 0.0ms
[2021-11-20T04:31:48.310-0800][3.619s] GC(3)   Evacuate Collection Set: 11.1ms
[2021-11-20T04:31:48.310-0800][3.619s] GC(3)   Post Evacuate Collection Set: 0.7ms
[2021-11-20T04:31:48.310-0800][3.619s] GC(3)   Other: 0.1ms
[2021-11-20T04:31:48.310-0800][3.619s] GC(3) Eden regions: 38->0(260)
[2021-11-20T04:31:48.310-0800][3.619s] GC(3) Survivor regions: 13->7(7)
[2021-11-20T04:31:48.310-0800][3.619s] GC(3) Old regions: 0->12
[2021-11-20T04:31:48.310-0800][3.619s] GC(3) Humongous regions: 4->4
[2021-11-20T04:31:48.310-0800][3.619s] GC(3) Metaspace: 24649K->24649K(1071104K)
[2021-11-20T04:31:48.310-0800][3.619s] GC(3) Pause Young (Normal) (G1 Evacuation Pause) 54M->22M(512M) 12.147ms
[2021-11-20T04:31:48.310-0800][3.620s] GC(3) User=0.05s Sys=0.00s Real=0.01s
[2021-11-20T04:31:49.691-0800][5.001s] GC(4) Pause Young (Concurrent Start) (Metadata GC Threshold)
[2021-11-20T04:31:49.691-0800][5.001s] GC(4) Using 4 workers of 4 for evacuation
[2021-11-20T04:31:49.696-0800][5.005s] GC(4)   Pre Evacuate Collection Set: 0.0ms
[2021-11-20T04:31:49.696-0800][5.005s] GC(4)   Evacuate Collection Set: 3.8ms
[2021-11-20T04:31:49.696-0800][5.005s] GC(4)   Post Evacuate Collection Set: 0.4ms
[2021-11-20T04:31:49.696-0800][5.005s] GC(4)   Other: 0.2ms
[2021-11-20T04:31:49.696-0800][5.005s] GC(4) Eden regions: 84->0(94)
[2021-11-20T04:31:49.696-0800][5.005s] GC(4) Survivor regions: 7->10(34)
[2021-11-20T04:31:49.696-0800][5.005s] GC(4) Old regions: 12->12
[2021-11-20T04:31:49.696-0800][5.005s] GC(4) Humongous regions: 4->4
[2021-11-20T04:31:49.696-0800][5.005s] GC(4) Metaspace: 34731K->34731K(1081344K)
[2021-11-20T04:31:49.696-0800][5.005s] GC(4) Pause Young (Concurrent Start) (Metadata GC Threshold) 106M->25M(512M) 4.616ms
[2021-11-20T04:31:49.696-0800][5.005s] GC(4) User=0.00s Sys=0.00s Real=0.01s
[2021-11-20T04:31:49.696-0800][5.005s] GC(5) Concurrent Cycle
[2021-11-20T04:31:49.696-0800][5.005s] GC(5) Concurrent Clear Claimed Marks
[2021-11-20T04:31:49.696-0800][5.005s] GC(5) Concurrent Clear Claimed Marks 0.045ms
[2021-11-20T04:31:49.696-0800][5.005s] GC(5) Concurrent Scan Root Regions
[2021-11-20T04:31:49.699-0800][5.008s] GC(5) Concurrent Scan Root Regions 2.775ms
[2021-11-20T04:31:49.699-0800][5.008s] GC(5) Concurrent Mark (5.008s)
[2021-11-20T04:31:49.699-0800][5.008s] GC(5) Concurrent Mark From Roots
[2021-11-20T04:31:49.699-0800][5.008s] GC(5) Using 1 workers of 1 for marking
[2021-11-20T04:31:49.726-0800][5.035s] GC(5) Concurrent Mark From Roots 26.839ms
[2021-11-20T04:31:49.726-0800][5.035s] GC(5) Concurrent Preclean
[2021-11-20T04:31:49.726-0800][5.035s] GC(5) Concurrent Preclean 0.137ms
[2021-11-20T04:31:49.726-0800][5.035s] GC(5) Concurrent Mark (5.008s, 5.035s) 27.068ms
[2021-11-20T04:31:49.726-0800][5.036s] GC(5) Pause Remark
[2021-11-20T04:31:49.729-0800][5.038s] GC(5) Cleaned string and symbol table, strings: 15957 processed, 23 removed, symbols: 112524 processed, 26 removed
[2021-11-20T04:31:49.729-0800][5.038s] GC(5) Pause Remark 26M->26M(512M) 2.629ms
[2021-11-20T04:31:49.729-0800][5.038s] GC(5) User=0.00s Sys=0.00s Real=0.00s
[2021-11-20T04:31:49.729-0800][5.038s] GC(5) Concurrent Rebuild Remembered Sets
[2021-11-20T04:31:49.741-0800][5.050s] GC(5) Concurrent Rebuild Remembered Sets 11.894ms
[2021-11-20T04:31:49.741-0800][5.050s] GC(5) Pause Cleanup
[2021-11-20T04:31:49.741-0800][5.050s] GC(5) Pause Cleanup 27M->27M(512M) 0.084ms
[2021-11-20T04:31:49.741-0800][5.050s] GC(5) User=0.00s Sys=0.00s Real=0.00s
[2021-11-20T04:31:49.741-0800][5.050s] GC(5) Concurrent Cleanup for Next Mark
[2021-11-20T04:31:49.742-0800][5.051s] GC(5) Concurrent Cleanup for Next Mark 0.459ms
[2021-11-20T04:31:49.742-0800][5.051s] GC(5) Concurrent Cycle 45.669ms
[2021-11-20T04:31:59.809-0800][15.118s] GC(6) Pause Young (Normal) (G1 Evacuation Pause)
[2021-11-20T04:31:59.809-0800][15.118s] GC(6) Using 4 workers of 4 for evacuation
[2021-11-20T04:31:59.817-0800][15.126s] GC(6)   Pre Evacuate Collection Set: 0.0ms
[2021-11-20T04:31:59.817-0800][15.126s] GC(6)   Evacuate Collection Set: 7.3ms
[2021-11-20T04:31:59.817-0800][15.126s] GC(6)   Post Evacuate Collection Set: 0.5ms
[2021-11-20T04:31:59.817-0800][15.126s] GC(6)   Other: 0.2ms
[2021-11-20T04:31:59.817-0800][15.126s] GC(6) Eden regions: 94->0(295)
[2021-11-20T04:31:59.817-0800][15.126s] GC(6) Survivor regions: 10->12(13)
[2021-11-20T04:31:59.817-0800][15.126s] GC(6) Old regions: 12->19
[2021-11-20T04:31:59.817-0800][15.126s] GC(6) Humongous regions: 8->5
[2021-11-20T04:31:59.817-0800][15.126s] GC(6) Metaspace: 43337K->43337K(1089536K)
[2021-11-20T04:31:59.817-0800][15.126s] GC(6) Pause Young (Normal) (G1 Evacuation Pause) 123M->34M(512M) 8.150ms
[2021-11-20T04:31:59.817-0800][15.126s] GC(6) User=0.06s Sys=0.00s Real=0.01s
[2021-11-20T04:32:10.514-0800][25.823s] GC(7) Pause Young (Normal) (G1 Evacuation Pause)
[2021-11-20T04:32:10.514-0800][25.824s] GC(7) Using 4 workers of 4 for evacuation
[2021-11-20T04:32:10.526-0800][25.836s] GC(7)   Pre Evacuate Collection Set: 0.0ms
[2021-11-20T04:32:10.526-0800][25.836s] GC(7)   Evacuate Collection Set: 11.3ms
[2021-11-20T04:32:10.526-0800][25.836s] GC(7)   Post Evacuate Collection Set: 0.5ms
[2021-11-20T04:32:10.526-0800][25.836s] GC(7)   Other: 0.3ms
[2021-11-20T04:32:10.526-0800][25.836s] GC(7) Eden regions: 295->0(283)
[2021-11-20T04:32:10.526-0800][25.836s] GC(7) Survivor regions: 12->24(39)
[2021-11-20T04:32:10.526-0800][25.836s] GC(7) Old regions: 19->19
[2021-11-20T04:32:10.526-0800][25.836s] GC(7) Humongous regions: 10->8
[2021-11-20T04:32:10.526-0800][25.836s] GC(7) Metaspace: 57671K->57671K(1101824K)
[2021-11-20T04:32:10.526-0800][25.836s] GC(7) Pause Young (Normal) (G1 Evacuation Pause) 334M->50M(512M) 12.403ms
[2021-11-20T04:32:10.526-0800][25.836s] GC(7) User=0.00s Sys=0.00s Real=0.01s
[2021-11-20T04:32:34.545-0800][49.854s] GC(8) Pause Young (Concurrent Start) (Metadata GC Threshold)
[2021-11-20T04:32:34.545-0800][49.854s] GC(8) Using 4 workers of 4 for evacuation
[2021-11-20T04:32:34.558-0800][49.868s] GC(8)   Pre Evacuate Collection Set: 0.1ms
[2021-11-20T04:32:34.558-0800][49.868s] GC(8)   Evacuate Collection Set: 12.8ms
[2021-11-20T04:32:34.558-0800][49.868s] GC(8)   Post Evacuate Collection Set: 0.5ms
[2021-11-20T04:32:34.558-0800][49.868s] GC(8)   Other: 0.2ms
[2021-11-20T04:32:34.558-0800][49.868s] GC(8) Eden regions: 34->0(212)
[2021-11-20T04:32:34.558-0800][49.868s] GC(8) Survivor regions: 24->17(39)
[2021-11-20T04:32:34.558-0800][49.868s] GC(8) Old regions: 19->29
[2021-11-20T04:32:34.559-0800][49.868s] GC(8) Humongous regions: 8->8
[2021-11-20T04:32:34.559-0800][49.868s] GC(8) Metaspace: 58285K->58285K(1101824K)
[2021-11-20T04:32:34.559-0800][49.868s] GC(8) Pause Young (Concurrent Start) (Metadata GC Threshold) 84M->53M(512M) 13.761ms
[2021-11-20T04:32:34.559-0800][49.868s] GC(8) User=0.00s Sys=0.00s Real=0.01s
[2021-11-20T04:32:34.559-0800][49.868s] GC(9) Concurrent Cycle
[2021-11-20T04:32:34.559-0800][49.868s] GC(9) Concurrent Clear Claimed Marks
[2021-11-20T04:32:34.559-0800][49.868s] GC(9) Concurrent Clear Claimed Marks 0.073ms
[2021-11-20T04:32:34.559-0800][49.868s] GC(9) Concurrent Scan Root Regions
[2021-11-20T04:32:34.568-0800][49.877s] GC(9) Concurrent Scan Root Regions 9.153ms
[2021-11-20T04:32:34.568-0800][49.877s] GC(9) Concurrent Mark (49.877s)
[2021-11-20T04:32:34.568-0800][49.877s] GC(9) Concurrent Mark From Roots
[2021-11-20T04:32:34.568-0800][49.877s] GC(9) Using 1 workers of 1 for marking
[2021-11-20T04:32:34.607-0800][49.916s] GC(9) Concurrent Mark From Roots 38.161ms
[2021-11-20T04:32:34.607-0800][49.916s] GC(9) Concurrent Preclean
[2021-11-20T04:32:34.607-0800][49.916s] GC(9) Concurrent Preclean 0.179ms
[2021-11-20T04:32:34.607-0800][49.916s] GC(9) Concurrent Mark (49.877s, 49.916s) 38.432ms
[2021-11-20T04:32:34.608-0800][49.917s] GC(9) Pause Remark
[2021-11-20T04:32:34.617-0800][49.926s] GC(9) Cleaned string and symbol table, strings: 29107 processed, 4 removed, symbols: 175408 processed, 593 removed
[2021-11-20T04:32:34.617-0800][49.926s] GC(9) Pause Remark 59M->59M(512M) 9.138ms
[2021-11-20T04:32:34.617-0800][49.926s] GC(9) User=0.00s Sys=0.00s Real=0.01s
[2021-11-20T04:32:34.617-0800][49.926s] GC(9) Concurrent Rebuild Remembered Sets
[2021-11-20T04:32:34.634-0800][49.944s] GC(9) Concurrent Rebuild Remembered Sets 17.215ms
[2021-11-20T04:32:34.634-0800][49.944s] GC(9) Pause Cleanup
[2021-11-20T04:32:34.634-0800][49.944s] GC(9) Pause Cleanup 60M->60M(512M) 0.091ms
[2021-11-20T04:32:34.634-0800][49.944s] GC(9) User=0.00s Sys=0.00s Real=0.00s
[2021-11-20T04:32:34.634-0800][49.944s] GC(9) Concurrent Cleanup for Next Mark
[2021-11-20T04:32:34.634-0800][49.944s] GC(9) Concurrent Cleanup for Next Mark 0.465ms
[2021-11-20T04:32:34.634-0800][49.944s] GC(9) Concurrent Cycle 76.267ms
[2021-11-20T04:33:08.362-0800][83.671s] GC(10) Pause Young (Normal) (G1 Evacuation Pause)
[2021-11-20T04:33:08.362-0800][83.671s] GC(10) Using 4 workers of 4 for evacuation
[2021-11-20T04:33:08.376-0800][83.685s] GC(10)   Pre Evacuate Collection Set: 0.0ms
[2021-11-20T04:33:08.376-0800][83.685s] GC(10)   Evacuate Collection Set: 13.2ms
[2021-11-20T04:33:08.376-0800][83.685s] GC(10)   Post Evacuate Collection Set: 0.6ms
[2021-11-20T04:33:08.376-0800][83.685s] GC(10)   Other: 0.2ms
[2021-11-20T04:33:08.376-0800][83.685s] GC(10) Eden regions: 228->0(260)
[2021-11-20T04:33:08.376-0800][83.685s] GC(10) Survivor regions: 17->31(31)
[2021-11-20T04:33:08.376-0800][83.685s] GC(10) Old regions: 29->45
[2021-11-20T04:33:08.376-0800][83.685s] GC(10) Humongous regions: 8->8
[2021-11-20T04:33:08.376-0800][83.686s] GC(10) Metaspace: 63643K->63643K(1105920K)
[2021-11-20T04:33:08.376-0800][83.686s] GC(10) Pause Young (Normal) (G1 Evacuation Pause) 281M->83M(512M) 14.253ms
[2021-11-20T04:33:08.376-0800][83.686s] GC(10) User=0.06s Sys=0.00s Real=0.01s
[2021-11-20T04:33:09.010-0800][84.320s] GC(11) Pause Young (Normal) (G1 Evacuation Pause)
[2021-11-20T04:33:09.010-0800][84.320s] GC(11) Using 4 workers of 4 for evacuation
[2021-11-20T04:33:09.029-0800][84.339s] GC(11)   Pre Evacuate Collection Set: 0.0ms
[2021-11-20T04:33:09.029-0800][84.339s] GC(11)   Evacuate Collection Set: 18.7ms
[2021-11-20T04:33:09.029-0800][84.339s] GC(11)   Post Evacuate Collection Set: 0.4ms
[2021-11-20T04:33:09.029-0800][84.339s] GC(11)   Other: 0.2ms
[2021-11-20T04:33:09.029-0800][84.339s] GC(11) Eden regions: 231->0(240)
[2021-11-20T04:33:09.029-0800][84.339s] GC(11) Survivor regions: 31->33(33)
[2021-11-20T04:33:09.029-0800][84.339s] GC(11) Old regions: 45->70
[2021-11-20T04:33:09.030-0800][84.339s] GC(11) Humongous regions: 8->8
[2021-11-20T04:33:09.030-0800][84.339s] GC(11) Metaspace: 64024K->64024K(1107968K)
[2021-11-20T04:33:09.030-0800][84.339s] GC(11) Pause Young (Normal) (G1 Evacuation Pause) 314M->110M(512M) 19.452ms
[2021-11-20T04:33:09.030-0800][84.339s] GC(11) User=0.11s Sys=0.00s Real=0.02s
[2021-11-20T04:33:09.465-0800][84.775s] GC(12) Pause Young (Normal) (G1 Evacuation Pause)
[2021-11-20T04:33:09.465-0800][84.775s] GC(12) Using 4 workers of 4 for evacuation
[2021-11-20T04:33:09.483-0800][84.792s] GC(12)   Pre Evacuate Collection Set: 0.0ms
[2021-11-20T04:33:09.483-0800][84.792s] GC(12)   Evacuate Collection Set: 17.1ms
[2021-11-20T04:33:09.483-0800][84.792s] GC(12)   Post Evacuate Collection Set: 0.3ms
[2021-11-20T04:33:09.483-0800][84.792s] GC(12)   Other: 0.2ms
[2021-11-20T04:33:09.483-0800][84.792s] GC(12) Eden regions: 240->0(231)
[2021-11-20T04:33:09.483-0800][84.792s] GC(12) Survivor regions: 33->27(35)
[2021-11-20T04:33:09.483-0800][84.792s] GC(12) Old regions: 70->104
[2021-11-20T04:33:09.483-0800][84.792s] GC(12) Humongous regions: 8->8
[2021-11-20T04:33:09.483-0800][84.792s] GC(12) Metaspace: 64036K->64036K(1107968K)
[2021-11-20T04:33:09.483-0800][84.792s] GC(12) Pause Young (Normal) (G1 Evacuation Pause) 350M->138M(512M) 17.728ms
[2021-11-20T04:33:09.483-0800][84.792s] GC(12) User=0.13s Sys=0.00s Real=0.02s
[2021-11-20T04:33:10.128-0800][85.438s] GC(13) Pause Young (Normal) (G1 Evacuation Pause)
[2021-11-20T04:33:10.129-0800][85.438s] GC(13) Using 4 workers of 4 for evacuation
[2021-11-20T04:33:10.141-0800][85.450s] GC(13)   Pre Evacuate Collection Set: 0.0ms
[2021-11-20T04:33:10.141-0800][85.450s] GC(13)   Evacuate Collection Set: 11.9ms
[2021-11-20T04:33:10.141-0800][85.450s] GC(13)   Post Evacuate Collection Set: 0.2ms
[2021-11-20T04:33:10.141-0800][85.450s] GC(13)   Other: 0.2ms
[2021-11-20T04:33:10.141-0800][85.450s] GC(13) Eden regions: 231->0(228)
[2021-11-20T04:33:10.141-0800][85.450s] GC(13) Survivor regions: 27->16(33)
[2021-11-20T04:33:10.141-0800][85.450s] GC(13) Old regions: 104->131
[2021-11-20T04:33:10.141-0800][85.450s] GC(13) Humongous regions: 8->8
[2021-11-20T04:33:10.141-0800][85.450s] GC(13) Metaspace: 64040K->64040K(1107968K)
[2021-11-20T04:33:10.141-0800][85.450s] GC(13) Pause Young (Normal) (G1 Evacuation Pause) 369M->154M(512M) 12.558ms
[2021-11-20T04:33:10.141-0800][85.450s] GC(13) User=0.06s Sys=0.00s Real=0.01s
[2021-11-20T04:33:11.050-0800][86.360s] GC(14) Pause Young (Normal) (G1 Evacuation Pause)
[2021-11-20T04:33:11.050-0800][86.360s] GC(14) Using 4 workers of 4 for evacuation
[2021-11-20T04:33:11.056-0800][86.365s] GC(14)   Pre Evacuate Collection Set: 0.0ms
[2021-11-20T04:33:11.056-0800][86.365s] GC(14)   Evacuate Collection Set: 4.9ms
[2021-11-20T04:33:11.056-0800][86.365s] GC(14)   Post Evacuate Collection Set: 0.5ms
[2021-11-20T04:33:11.056-0800][86.365s] GC(14)   Other: 0.1ms
[2021-11-20T04:33:11.056-0800][86.365s] GC(14) Eden regions: 228->0(237)
[2021-11-20T04:33:11.056-0800][86.365s] GC(14) Survivor regions: 16->16(31)
[2021-11-20T04:33:11.056-0800][86.365s] GC(14) Old regions: 131->131
[2021-11-20T04:33:11.056-0800][86.365s] GC(14) Humongous regions: 8->8
[2021-11-20T04:33:11.056-0800][86.365s] GC(14) Metaspace: 64040K->64040K(1107968K)
[2021-11-20T04:33:11.056-0800][86.365s] GC(14) Pause Young (Normal) (G1 Evacuation Pause) 382M->154M(512M) 5.730ms
[2021-11-20T04:33:11.056-0800][86.365s] GC(14) User=0.00s Sys=0.00s Real=0.01s
[2021-11-20T04:33:12.040-0800][87.350s] GC(15) Pause Young (Normal) (G1 Evacuation Pause)
[2021-11-20T04:33:12.040-0800][87.350s] GC(15) Using 4 workers of 4 for evacuation
[2021-11-20T04:33:12.046-0800][87.356s] GC(15)   Pre Evacuate Collection Set: 0.0ms
[2021-11-20T04:33:12.047-0800][87.356s] GC(15)   Evacuate Collection Set: 5.5ms
[2021-11-20T04:33:12.047-0800][87.356s] GC(15)   Post Evacuate Collection Set: 0.5ms
[2021-11-20T04:33:12.047-0800][87.356s] GC(15)   Other: 0.1ms
[2021-11-20T04:33:12.047-0800][87.356s] GC(15) Eden regions: 237->0(242)
[2021-11-20T04:33:12.047-0800][87.356s] GC(15) Survivor regions: 16->18(32)
[2021-11-20T04:33:12.047-0800][87.356s] GC(15) Old regions: 131->131
[2021-11-20T04:33:12.047-0800][87.356s] GC(15) Humongous regions: 8->8
[2021-11-20T04:33:12.047-0800][87.356s] GC(15) Metaspace: 64044K->64044K(1107968K)
[2021-11-20T04:33:12.047-0800][87.356s] GC(15) Pause Young (Normal) (G1 Evacuation Pause) 391M->156M(512M) 6.316ms
[2021-11-20T04:33:12.047-0800][87.356s] GC(15) User=0.06s Sys=0.00s Real=0.01s
[2021-11-20T04:33:13.016-0800][88.326s] GC(16) Pause Young (Normal) (G1 Evacuation Pause)
[2021-11-20T04:33:13.016-0800][88.326s] GC(16) Using 4 workers of 4 for evacuation
[2021-11-20T04:33:13.023-0800][88.333s] GC(16)   Pre Evacuate Collection Set: 0.0ms
[2021-11-20T04:33:13.023-0800][88.333s] GC(16)   Evacuate Collection Set: 6.5ms
[2021-11-20T04:33:13.023-0800][88.333s] GC(16)   Post Evacuate Collection Set: 0.3ms
[2021-11-20T04:33:13.023-0800][88.333s] GC(16)   Other: 0.2ms
[2021-11-20T04:33:13.023-0800][88.333s] GC(16) Eden regions: 242->0(248)
[2021-11-20T04:33:13.023-0800][88.333s] GC(16) Survivor regions: 18->4(33)
[2021-11-20T04:33:13.023-0800][88.333s] GC(16) Old regions: 131->146
[2021-11-20T04:33:13.023-0800][88.333s] GC(16) Humongous regions: 8->8
[2021-11-20T04:33:13.023-0800][88.333s] GC(16) Metaspace: 64044K->64044K(1107968K)
[2021-11-20T04:33:13.023-0800][88.333s] GC(16) Pause Young (Normal) (G1 Evacuation Pause) 398M->157M(512M) 7.150ms
[2021-11-20T04:33:13.023-0800][88.333s] GC(16) User=0.00s Sys=0.00s Real=0.01s
[2021-11-20T04:33:14.008-0800][89.317s] GC(17) Pause Young (Normal) (G1 Evacuation Pause)
[2021-11-20T04:33:14.008-0800][89.317s] GC(17) Using 4 workers of 4 for evacuation
[2021-11-20T04:33:14.012-0800][89.321s] GC(17)   Pre Evacuate Collection Set: 0.0ms
[2021-11-20T04:33:14.012-0800][89.321s] GC(17)   Evacuate Collection Set: 3.4ms
[2021-11-20T04:33:14.012-0800][89.321s] GC(17)   Post Evacuate Collection Set: 0.4ms
[2021-11-20T04:33:14.012-0800][89.321s] GC(17)   Other: 0.2ms
[2021-11-20T04:33:14.012-0800][89.321s] GC(17) Eden regions: 248->0(253)
[2021-11-20T04:33:14.012-0800][89.321s] GC(17) Survivor regions: 4->5(32)
[2021-11-20T04:33:14.012-0800][89.321s] GC(17) Old regions: 146->146
[2021-11-20T04:33:14.012-0800][89.321s] GC(17) Humongous regions: 8->8
[2021-11-20T04:33:14.012-0800][89.321s] GC(17) Metaspace: 64044K->64044K(1107968K)
[2021-11-20T04:33:14.012-0800][89.321s] GC(17) Pause Young (Normal) (G1 Evacuation Pause) 405M->158M(512M) 4.213ms
[2021-11-20T04:33:14.012-0800][89.321s] GC(17) User=0.00s Sys=0.00s Real=0.00s
[2021-11-20T04:33:15.013-0800][90.322s] GC(18) Pause Young (Normal) (G1 Evacuation Pause)
[2021-11-20T04:33:15.013-0800][90.322s] GC(18) Using 4 workers of 4 for evacuation
[2021-11-20T04:33:15.018-0800][90.327s] GC(18)   Pre Evacuate Collection Set: 0.0ms
[2021-11-20T04:33:15.018-0800][90.327s] GC(18)   Evacuate Collection Set: 4.4ms
[2021-11-20T04:33:15.018-0800][90.327s] GC(18)   Post Evacuate Collection Set: 0.2ms
[2021-11-20T04:33:15.018-0800][90.327s] GC(18)   Other: 0.2ms
[2021-11-20T04:33:15.018-0800][90.327s] GC(18) Eden regions: 253->0(257)
[2021-11-20T04:33:15.018-0800][90.327s] GC(18) Survivor regions: 5->6(33)
[2021-11-20T04:33:15.018-0800][90.327s] GC(18) Old regions: 146->146
[2021-11-20T04:33:15.018-0800][90.327s] GC(18) Humongous regions: 8->8
[2021-11-20T04:33:15.018-0800][90.327s] GC(18) Metaspace: 64045K->64045K(1107968K)
[2021-11-20T04:33:15.018-0800][90.327s] GC(18) Pause Young (Normal) (G1 Evacuation Pause) 411M->158M(512M) 5.043ms
[2021-11-20T04:33:15.018-0800][90.327s] GC(18) User=0.00s Sys=0.00s Real=0.00s
[2021-11-20T04:33:16.052-0800][91.361s] GC(19) Pause Young (Normal) (G1 Evacuation Pause)
[2021-11-20T04:33:16.052-0800][91.361s] GC(19) Using 4 workers of 4 for evacuation
[2021-11-20T04:33:16.057-0800][91.366s] GC(19)   Pre Evacuate Collection Set: 0.0ms
[2021-11-20T04:33:16.057-0800][91.366s] GC(19)   Evacuate Collection Set: 4.7ms
[2021-11-20T04:33:16.057-0800][91.366s] GC(19)   Post Evacuate Collection Set: 0.3ms
[2021-11-20T04:33:16.057-0800][91.366s] GC(19)   Other: 0.2ms
[2021-11-20T04:33:16.057-0800][91.366s] GC(19) Eden regions: 257->0(261)
[2021-11-20T04:33:16.057-0800][91.366s] GC(19) Survivor regions: 6->7(33)
[2021-11-20T04:33:16.057-0800][91.366s] GC(19) Old regions: 146->146
[2021-11-20T04:33:16.057-0800][91.366s] GC(19) Humongous regions: 8->8
[2021-11-20T04:33:16.057-0800][91.366s] GC(19) Metaspace: 64045K->64045K(1107968K)
[2021-11-20T04:33:16.057-0800][91.366s] GC(19) Pause Young (Normal) (G1 Evacuation Pause) 415M->160M(512M) 5.412ms
[2021-11-20T04:33:16.057-0800][91.366s] GC(19) User=0.00s Sys=0.00s Real=0.00s
[2021-11-20T04:33:17.136-0800][92.445s] GC(20) Pause Young (Normal) (G1 Evacuation Pause)
[2021-11-20T04:33:17.136-0800][92.445s] GC(20) Using 4 workers of 4 for evacuation
[2021-11-20T04:33:17.142-0800][92.451s] GC(20)   Pre Evacuate Collection Set: 0.0ms
[2021-11-20T04:33:17.142-0800][92.451s] GC(20)   Evacuate Collection Set: 5.7ms
[2021-11-20T04:33:17.142-0800][92.451s] GC(20)   Post Evacuate Collection Set: 0.2ms
[2021-11-20T04:33:17.142-0800][92.451s] GC(20)   Other: 0.2ms
[2021-11-20T04:33:17.142-0800][92.451s] GC(20) Eden regions: 261->0(264)
[2021-11-20T04:33:17.142-0800][92.451s] GC(20) Survivor regions: 7->9(34)
[2021-11-20T04:33:17.142-0800][92.451s] GC(20) Old regions: 146->146
[2021-11-20T04:33:17.142-0800][92.451s] GC(20) Humongous regions: 8->8
[2021-11-20T04:33:17.142-0800][92.451s] GC(20) Metaspace: 64045K->64045K(1107968K)
[2021-11-20T04:33:17.142-0800][92.452s] GC(20) Pause Young (Normal) (G1 Evacuation Pause) 421M->161M(512M) 6.296ms
[2021-11-20T04:33:17.142-0800][92.452s] GC(20) User=0.06s Sys=0.00s Real=0.01s
[2021-11-20T04:33:18.185-0800][93.494s] GC(21) Pause Young (Normal) (G1 Evacuation Pause)
[2021-11-20T04:33:18.185-0800][93.494s] GC(21) Using 4 workers of 4 for evacuation
[2021-11-20T04:33:18.191-0800][93.501s] GC(21)   Pre Evacuate Collection Set: 0.0ms
[2021-11-20T04:33:18.191-0800][93.501s] GC(21)   Evacuate Collection Set: 6.2ms
[2021-11-20T04:33:18.191-0800][93.501s] GC(21)   Post Evacuate Collection Set: 0.2ms
[2021-11-20T04:33:18.191-0800][93.501s] GC(21)   Other: 0.2ms
[2021-11-20T04:33:18.191-0800][93.501s] GC(21) Eden regions: 264->0(267)
[2021-11-20T04:33:18.191-0800][93.501s] GC(21) Survivor regions: 9->10(35)
[2021-11-20T04:33:18.191-0800][93.501s] GC(21) Old regions: 146->146
[2021-11-20T04:33:18.191-0800][93.501s] GC(21) Humongous regions: 8->8
[2021-11-20T04:33:18.191-0800][93.501s] GC(21) Metaspace: 64045K->64045K(1107968K)
[2021-11-20T04:33:18.191-0800][93.501s] GC(21) Pause Young (Normal) (G1 Evacuation Pause) 425M->162M(512M) 6.806ms
[2021-11-20T04:33:18.191-0800][93.501s] GC(21) User=0.00s Sys=0.00s Real=0.01s
[2021-11-20T04:33:19.235-0800][94.545s] GC(22) Pause Young (Normal) (G1 Evacuation Pause)
[2021-11-20T04:33:19.235-0800][94.545s] GC(22) Using 4 workers of 4 for evacuation
[2021-11-20T04:33:19.243-0800][94.553s] GC(22)   Pre Evacuate Collection Set: 0.0ms
[2021-11-20T04:33:19.243-0800][94.553s] GC(22)   Evacuate Collection Set: 7.5ms
[2021-11-20T04:33:19.243-0800][94.553s] GC(22)   Post Evacuate Collection Set: 0.3ms
[2021-11-20T04:33:19.243-0800][94.553s] GC(22)   Other: 0.2ms
[2021-11-20T04:33:19.243-0800][94.553s] GC(22) Eden regions: 267->0(269)
[2021-11-20T04:33:19.243-0800][94.553s] GC(22) Survivor regions: 10->11(35)
[2021-11-20T04:33:19.243-0800][94.553s] GC(22) Old regions: 146->146
[2021-11-20T04:33:19.243-0800][94.553s] GC(22) Humongous regions: 8->8
[2021-11-20T04:33:19.243-0800][94.553s] GC(22) Metaspace: 64045K->64045K(1107968K)
[2021-11-20T04:33:19.243-0800][94.553s] GC(22) Pause Young (Normal) (G1 Evacuation Pause) 429M->164M(512M) 8.163ms
[2021-11-20T04:33:19.243-0800][94.553s] GC(22) User=0.00s Sys=0.00s Real=0.01s
[2021-11-20T04:33:20.282-0800][95.592s] GC(23) Pause Young (Normal) (G1 Evacuation Pause)
[2021-11-20T04:33:20.282-0800][95.592s] GC(23) Using 4 workers of 4 for evacuation
[2021-11-20T04:33:20.291-0800][95.600s] GC(23)   Pre Evacuate Collection Set: 0.0ms
[2021-11-20T04:33:20.291-0800][95.600s] GC(23)   Evacuate Collection Set: 8.0ms
[2021-11-20T04:33:20.291-0800][95.600s] GC(23)   Post Evacuate Collection Set: 0.2ms
[2021-11-20T04:33:20.291-0800][95.600s] GC(23)   Other: 0.2ms
[2021-11-20T04:33:20.291-0800][95.600s] GC(23) Eden regions: 269->0(271)
[2021-11-20T04:33:20.291-0800][95.600s] GC(23) Survivor regions: 11->13(35)
[2021-11-20T04:33:20.291-0800][95.600s] GC(23) Old regions: 146->146
[2021-11-20T04:33:20.291-0800][95.600s] GC(23) Humongous regions: 8->8
[2021-11-20T04:33:20.291-0800][95.600s] GC(23) Metaspace: 64046K->64046K(1107968K)
[2021-11-20T04:33:20.291-0800][95.600s] GC(23) Pause Young (Normal) (G1 Evacuation Pause) 433M->165M(512M) 8.790ms
[2021-11-20T04:33:20.291-0800][95.600s] GC(23) User=0.00s Sys=0.00s Real=0.01s
[2021-11-20T04:33:21.355-0800][96.664s] GC(24) Pause Young (Normal) (G1 Evacuation Pause)
[2021-11-20T04:33:21.355-0800][96.664s] GC(24) Using 4 workers of 4 for evacuation
[2021-11-20T04:33:21.364-0800][96.673s] GC(24)   Pre Evacuate Collection Set: 0.0ms
[2021-11-20T04:33:21.364-0800][96.673s] GC(24)   Evacuate Collection Set: 8.8ms
[2021-11-20T04:33:21.364-0800][96.673s] GC(24)   Post Evacuate Collection Set: 0.2ms
[2021-11-20T04:33:21.364-0800][96.673s] GC(24)   Other: 0.2ms
[2021-11-20T04:33:21.364-0800][96.673s] GC(24) Eden regions: 271->0(273)
[2021-11-20T04:33:21.364-0800][96.674s] GC(24) Survivor regions: 13->14(36)
[2021-11-20T04:33:21.364-0800][96.674s] GC(24) Old regions: 146->146
[2021-11-20T04:33:21.364-0800][96.674s] GC(24) Humongous regions: 8->8
[2021-11-20T04:33:21.364-0800][96.674s] GC(24) Metaspace: 64046K->64046K(1107968K)
[2021-11-20T04:33:21.364-0800][96.674s] GC(24) Pause Young (Normal) (G1 Evacuation Pause) 436M->166M(512M) 9.427ms
[2021-11-20T04:33:21.364-0800][96.674s] GC(24) User=0.06s Sys=0.00s Real=0.01s
[2021-11-20T04:33:22.497-0800][97.806s] GC(25) Pause Young (Normal) (G1 Evacuation Pause)
[2021-11-20T04:33:22.497-0800][97.806s] GC(25) Using 4 workers of 4 for evacuation
[2021-11-20T04:33:22.507-0800][97.816s] GC(25)   Pre Evacuate Collection Set: 0.0ms
[2021-11-20T04:33:22.507-0800][97.816s] GC(25)   Evacuate Collection Set: 9.6ms
[2021-11-20T04:33:22.507-0800][97.816s] GC(25)   Post Evacuate Collection Set: 0.2ms
[2021-11-20T04:33:22.507-0800][97.816s] GC(25)   Other: 0.2ms
[2021-11-20T04:33:22.507-0800][97.816s] GC(25) Eden regions: 273->0(275)
[2021-11-20T04:33:22.507-0800][97.816s] GC(25) Survivor regions: 14->15(36)
[2021-11-20T04:33:22.507-0800][97.816s] GC(25) Old regions: 146->146
[2021-11-20T04:33:22.507-0800][97.816s] GC(25) Humongous regions: 8->8
[2021-11-20T04:33:22.507-0800][97.816s] GC(25) Metaspace: 64046K->64046K(1107968K)
[2021-11-20T04:33:22.507-0800][97.816s] GC(25) Pause Young (Normal) (G1 Evacuation Pause) 439M->168M(512M) 10.209ms
[2021-11-20T04:33:22.507-0800][97.816s] GC(25) User=0.00s Sys=0.00s Real=0.01s
[2021-11-20T04:33:23.647-0800][98.957s] GC(26) Pause Young (Normal) (G1 Evacuation Pause)
[2021-11-20T04:33:23.647-0800][98.957s] GC(26) Using 4 workers of 4 for evacuation
[2021-11-20T04:33:23.658-0800][98.968s] GC(26)   Pre Evacuate Collection Set: 0.0ms
[2021-11-20T04:33:23.658-0800][98.968s] GC(26)   Evacuate Collection Set: 10.2ms
[2021-11-20T04:33:23.658-0800][98.968s] GC(26)   Post Evacuate Collection Set: 0.4ms
[2021-11-20T04:33:23.658-0800][98.968s] GC(26)   Other: 0.2ms
[2021-11-20T04:33:23.658-0800][98.968s] GC(26) Eden regions: 275->0(274)
[2021-11-20T04:33:23.658-0800][98.968s] GC(26) Survivor regions: 15->16(37)
[2021-11-20T04:33:23.658-0800][98.968s] GC(26) Old regions: 146->146
[2021-11-20T04:33:23.658-0800][98.968s] GC(26) Humongous regions: 8->8
[2021-11-20T04:33:23.658-0800][98.968s] GC(26) Metaspace: 64048K->64048K(1107968K)
[2021-11-20T04:33:23.658-0800][98.968s] GC(26) Pause Young (Normal) (G1 Evacuation Pause) 443M->169M(512M) 10.963ms
[2021-11-20T04:33:23.658-0800][98.968s] GC(26) User=0.06s Sys=0.00s Real=0.01s
[2021-11-20T04:33:24.725-0800][100.034s] GC(27) Pause Young (Normal) (G1 Evacuation Pause)
[2021-11-20T04:33:24.725-0800][100.034s] GC(27) Using 4 workers of 4 for evacuation
[2021-11-20T04:33:24.736-0800][100.045s] GC(27)   Pre Evacuate Collection Set: 0.0ms
[2021-11-20T04:33:24.736-0800][100.045s] GC(27)   Evacuate Collection Set: 10.9ms
[2021-11-20T04:33:24.736-0800][100.045s] GC(27)   Post Evacuate Collection Set: 0.6ms
[2021-11-20T04:33:24.736-0800][100.045s] GC(27)   Other: 0.1ms
[2021-11-20T04:33:24.736-0800][100.045s] GC(27) Eden regions: 274->0(272)
[2021-11-20T04:33:24.736-0800][100.045s] GC(27) Survivor regions: 16->17(37)
[2021-11-20T04:33:24.736-0800][100.045s] GC(27) Old regions: 146->146
[2021-11-20T04:33:24.736-0800][100.046s] GC(27) Humongous regions: 8->8
[2021-11-20T04:33:24.736-0800][100.046s] GC(27) Metaspace: 64048K->64048K(1107968K)
[2021-11-20T04:33:24.736-0800][100.046s] GC(27) Pause Young (Normal) (G1 Evacuation Pause) 443M->170M(512M) 11.917ms
[2021-11-20T04:33:24.736-0800][100.046s] GC(27) User=0.06s Sys=0.00s Real=0.01s
[2021-11-20T04:33:25.807-0800][101.117s] GC(28) Pause Young (Normal) (G1 Evacuation Pause)
[2021-11-20T04:33:25.807-0800][101.117s] GC(28) Using 4 workers of 4 for evacuation
[2021-11-20T04:33:25.820-0800][101.129s] GC(28)   Pre Evacuate Collection Set: 0.0ms
[2021-11-20T04:33:25.820-0800][101.129s] GC(28)   Evacuate Collection Set: 12.2ms
[2021-11-20T04:33:25.820-0800][101.129s] GC(28)   Post Evacuate Collection Set: 0.3ms
[2021-11-20T04:33:25.820-0800][101.129s] GC(28)   Other: 0.2ms
[2021-11-20T04:33:25.820-0800][101.129s] GC(28) Eden regions: 272->0(270)
[2021-11-20T04:33:25.820-0800][101.129s] GC(28) Survivor regions: 17->18(37)
[2021-11-20T04:33:25.820-0800][101.129s] GC(28) Old regions: 146->146
[2021-11-20T04:33:25.820-0800][101.129s] GC(28) Humongous regions: 8->8
[2021-11-20T04:33:25.820-0800][101.129s] GC(28) Metaspace: 64051K->64051K(1107968K)
[2021-11-20T04:33:25.820-0800][101.130s] GC(28) Pause Young (Normal) (G1 Evacuation Pause) 442M->171M(512M) 12.897ms
[2021-11-20T04:33:25.820-0800][101.130s] GC(28) User=0.06s Sys=0.00s Real=0.01s
[2021-11-20T04:33:26.896-0800][102.205s] GC(29) Pause Young (Normal) (G1 Evacuation Pause)
[2021-11-20T04:33:26.896-0800][102.205s] GC(29) Using 4 workers of 4 for evacuation
[2021-11-20T04:33:26.910-0800][102.219s] GC(29)   Pre Evacuate Collection Set: 0.0ms
[2021-11-20T04:33:26.910-0800][102.220s] GC(29)   Evacuate Collection Set: 13.7ms
[2021-11-20T04:33:26.910-0800][102.220s] GC(29)   Post Evacuate Collection Set: 0.3ms
[2021-11-20T04:33:26.910-0800][102.220s] GC(29)   Other: 0.2ms
[2021-11-20T04:33:26.911-0800][102.220s] GC(29) Eden regions: 270->0(267)
[2021-11-20T04:33:26.911-0800][102.220s] GC(29) Survivor regions: 18->19(36)
[2021-11-20T04:33:26.911-0800][102.220s] GC(29) Old regions: 146->147
[2021-11-20T04:33:26.911-0800][102.220s] GC(29) Humongous regions: 8->8
[2021-11-20T04:33:26.911-0800][102.220s] GC(29) Metaspace: 64051K->64051K(1107968K)
[2021-11-20T04:33:26.911-0800][102.220s] GC(29) Pause Young (Normal) (G1 Evacuation Pause) 441M->172M(512M) 14.409ms
[2021-11-20T04:33:26.911-0800][102.220s] GC(29) User=0.05s Sys=0.00s Real=0.02s
[2021-11-20T04:33:27.962-0800][103.272s] GC(30) Pause Young (Normal) (G1 Evacuation Pause)
[2021-11-20T04:33:27.962-0800][103.272s] GC(30) Using 4 workers of 4 for evacuation
[2021-11-20T04:33:27.976-0800][103.285s] GC(30)   Pre Evacuate Collection Set: 0.0ms
[2021-11-20T04:33:27.976-0800][103.285s] GC(30)   Evacuate Collection Set: 13.0ms
[2021-11-20T04:33:27.976-0800][103.285s] GC(30)   Post Evacuate Collection Set: 0.3ms
[2021-11-20T04:33:27.976-0800][103.285s] GC(30)   Other: 0.2ms
[2021-11-20T04:33:27.976-0800][103.285s] GC(30) Eden regions: 267->0(268)
[2021-11-20T04:33:27.976-0800][103.285s] GC(30) Survivor regions: 19->18(36)
[2021-11-20T04:33:27.976-0800][103.285s] GC(30) Old regions: 147->148
[2021-11-20T04:33:27.976-0800][103.285s] GC(30) Humongous regions: 8->8
[2021-11-20T04:33:27.976-0800][103.285s] GC(30) Metaspace: 64051K->64051K(1107968K)
[2021-11-20T04:33:27.976-0800][103.285s] GC(30) Pause Young (Normal) (G1 Evacuation Pause) 439M->173M(512M) 13.678ms
[2021-11-20T04:33:27.976-0800][103.285s] GC(30) User=0.06s Sys=0.00s Real=0.01s
[2021-11-20T04:33:29.069-0800][104.378s] GC(31) Pause Young (Normal) (G1 Evacuation Pause)
[2021-11-20T04:33:29.069-0800][104.378s] GC(31) Using 4 workers of 4 for evacuation
[2021-11-20T04:33:29.082-0800][104.391s] GC(31)   Pre Evacuate Collection Set: 0.0ms
[2021-11-20T04:33:29.082-0800][104.392s] GC(31)   Evacuate Collection Set: 12.7ms
[2021-11-20T04:33:29.082-0800][104.392s] GC(31)   Post Evacuate Collection Set: 0.3ms
[2021-11-20T04:33:29.082-0800][104.392s] GC(31)   Other: 0.2ms
[2021-11-20T04:33:29.082-0800][104.392s] GC(31) Eden regions: 268->0(265)
[2021-11-20T04:33:29.082-0800][104.392s] GC(31) Survivor regions: 18->19(36)
[2021-11-20T04:33:29.082-0800][104.392s] GC(31) Old regions: 148->149
[2021-11-20T04:33:29.082-0800][104.392s] GC(31) Humongous regions: 8->8
[2021-11-20T04:33:29.082-0800][104.392s] GC(31) Metaspace: 64054K->64054K(1107968K)
[2021-11-20T04:33:29.082-0800][104.392s] GC(31) Pause Young (Normal) (G1 Evacuation Pause) 441M->175M(512M) 13.370ms
[2021-11-20T04:33:29.082-0800][104.392s] GC(31) User=0.06s Sys=0.00s Real=0.01s
[2021-11-20T04:33:30.148-0800][105.457s] GC(32) Pause Young (Normal) (G1 Evacuation Pause)
[2021-11-20T04:33:30.148-0800][105.457s] GC(32) Using 4 workers of 4 for evacuation
[2021-11-20T04:33:30.161-0800][105.471s] GC(32)   Pre Evacuate Collection Set: 0.0ms
[2021-11-20T04:33:30.161-0800][105.471s] GC(32)   Evacuate Collection Set: 12.9ms
[2021-11-20T04:33:30.161-0800][105.471s] GC(32)   Post Evacuate Collection Set: 0.3ms
[2021-11-20T04:33:30.161-0800][105.471s] GC(32)   Other: 0.2ms
[2021-11-20T04:33:30.161-0800][105.471s] GC(32) Eden regions: 265->0(264)
[2021-11-20T04:33:30.161-0800][105.471s] GC(32) Survivor regions: 19->19(36)
[2021-11-20T04:33:30.161-0800][105.471s] GC(32) Old regions: 149->150
[2021-11-20T04:33:30.161-0800][105.471s] GC(32) Humongous regions: 8->8
[2021-11-20T04:33:30.161-0800][105.471s] GC(32) Metaspace: 64056K->64056K(1107968K)
[2021-11-20T04:33:30.162-0800][105.471s] GC(32) Pause Young (Normal) (G1 Evacuation Pause) 440M->176M(512M) 13.581ms
[2021-11-20T04:33:30.162-0800][105.471s] GC(32) User=0.06s Sys=0.00s Real=0.01s
[2021-11-20T04:33:31.227-0800][106.536s] GC(33) Pause Young (Normal) (G1 Evacuation Pause)
[2021-11-20T04:33:31.227-0800][106.536s] GC(33) Using 4 workers of 4 for evacuation
[2021-11-20T04:33:31.241-0800][106.550s] GC(33)   Pre Evacuate Collection Set: 0.0ms
[2021-11-20T04:33:31.241-0800][106.550s] GC(33)   Evacuate Collection Set: 13.4ms
[2021-11-20T04:33:31.241-0800][106.550s] GC(33)   Post Evacuate Collection Set: 0.4ms
[2021-11-20T04:33:31.241-0800][106.550s] GC(33)   Other: 0.2ms
[2021-11-20T04:33:31.241-0800][106.550s] GC(33) Eden regions: 264->0(263)
[2021-11-20T04:33:31.241-0800][106.550s] GC(33) Survivor regions: 19->19(36)
[2021-11-20T04:33:31.241-0800][106.550s] GC(33) Old regions: 150->151
[2021-11-20T04:33:31.241-0800][106.550s] GC(33) Humongous regions: 8->8
[2021-11-20T04:33:31.241-0800][106.550s] GC(33) Metaspace: 64066K->64066K(1107968K)
[2021-11-20T04:33:31.241-0800][106.550s] GC(33) Pause Young (Normal) (G1 Evacuation Pause) 440M->177M(512M) 14.297ms
[2021-11-20T04:33:31.241-0800][106.550s] GC(33) User=0.06s Sys=0.00s Real=0.01s
[2021-11-20T04:33:32.272-0800][107.582s] GC(34) Pause Young (Normal) (G1 Evacuation Pause)
[2021-11-20T04:33:32.272-0800][107.582s] GC(34) Using 4 workers of 4 for evacuation
[2021-11-20T04:33:32.285-0800][107.595s] GC(34)   Pre Evacuate Collection Set: 0.0ms
[2021-11-20T04:33:32.286-0800][107.595s] GC(34)   Evacuate Collection Set: 12.9ms
[2021-11-20T04:33:32.286-0800][107.595s] GC(34)   Post Evacuate Collection Set: 0.3ms
[2021-11-20T04:33:32.286-0800][107.595s] GC(34)   Other: 0.2ms
[2021-11-20T04:33:32.286-0800][107.595s] GC(34) Eden regions: 263->0(261)
[2021-11-20T04:33:32.286-0800][107.595s] GC(34) Survivor regions: 19->19(36)
[2021-11-20T04:33:32.286-0800][107.595s] GC(34) Old regions: 151->153
[2021-11-20T04:33:32.286-0800][107.595s] GC(34) Humongous regions: 8->8
[2021-11-20T04:33:32.286-0800][107.595s] GC(34) Metaspace: 64066K->64066K(1107968K)
[2021-11-20T04:33:32.286-0800][107.595s] GC(34) Pause Young (Normal) (G1 Evacuation Pause) 440M->178M(512M) 13.571ms
[2021-11-20T04:33:32.286-0800][107.595s] GC(34) User=0.06s Sys=0.00s Real=0.01s
[2021-11-20T04:33:33.309-0800][108.618s] GC(35) Pause Young (Normal) (G1 Evacuation Pause)
[2021-11-20T04:33:33.309-0800][108.618s] GC(35) Using 4 workers of 4 for evacuation
[2021-11-20T04:33:33.323-0800][108.632s] GC(35)   Pre Evacuate Collection Set: 0.0ms
[2021-11-20T04:33:33.323-0800][108.632s] GC(35)   Evacuate Collection Set: 13.0ms
[2021-11-20T04:33:33.323-0800][108.632s] GC(35)   Post Evacuate Collection Set: 0.3ms
[2021-11-20T04:33:33.323-0800][108.632s] GC(35)   Other: 0.2ms
[2021-11-20T04:33:33.323-0800][108.632s] GC(35) Eden regions: 261->0(260)
[2021-11-20T04:33:33.323-0800][108.632s] GC(35) Survivor regions: 19->19(35)
[2021-11-20T04:33:33.323-0800][108.632s] GC(35) Old regions: 153->154
[2021-11-20T04:33:33.323-0800][108.632s] GC(35) Humongous regions: 8->8
[2021-11-20T04:33:33.323-0800][108.632s] GC(35) Metaspace: 64069K->64069K(1107968K)
[2021-11-20T04:33:33.323-0800][108.632s] GC(35) Pause Young (Normal) (G1 Evacuation Pause) 439M->180M(512M) 13.670ms
[2021-11-20T04:33:33.323-0800][108.632s] GC(35) User=0.06s Sys=0.00s Real=0.01s
[2021-11-20T04:33:34.338-0800][109.647s] GC(36) Pause Young (Normal) (G1 Evacuation Pause)
[2021-11-20T04:33:34.338-0800][109.648s] GC(36) Using 4 workers of 4 for evacuation
[2021-11-20T04:33:34.351-0800][109.660s] GC(36)   Pre Evacuate Collection Set: 0.0ms
[2021-11-20T04:33:34.351-0800][109.661s] GC(36)   Evacuate Collection Set: 12.6ms
[2021-11-20T04:33:34.351-0800][109.661s] GC(36)   Post Evacuate Collection Set: 0.3ms
[2021-11-20T04:33:34.351-0800][109.661s] GC(36)   Other: 0.2ms
[2021-11-20T04:33:34.351-0800][109.661s] GC(36) Eden regions: 260->0(259)
[2021-11-20T04:33:34.351-0800][109.661s] GC(36) Survivor regions: 19->19(35)
[2021-11-20T04:33:34.351-0800][109.661s] GC(36) Old regions: 154->155
[2021-11-20T04:33:34.351-0800][109.661s] GC(36) Humongous regions: 8->8
[2021-11-20T04:33:34.351-0800][109.661s] GC(36) Metaspace: 64069K->64069K(1107968K)
[2021-11-20T04:33:34.351-0800][109.661s] GC(36) Pause Young (Normal) (G1 Evacuation Pause) 440M->181M(512M) 13.205ms
[2021-11-20T04:33:34.351-0800][109.661s] GC(36) User=0.06s Sys=0.00s Real=0.01s
[2021-11-20T04:33:35.374-0800][110.683s] GC(37) Pause Young (Normal) (G1 Evacuation Pause)
[2021-11-20T04:33:35.374-0800][110.683s] GC(37) Using 4 workers of 4 for evacuation
[2021-11-20T04:33:35.388-0800][110.697s] GC(37)   Pre Evacuate Collection Set: 0.0ms
[2021-11-20T04:33:35.388-0800][110.697s] GC(37)   Evacuate Collection Set: 13.2ms
[2021-11-20T04:33:35.388-0800][110.697s] GC(37)   Post Evacuate Collection Set: 0.3ms
[2021-11-20T04:33:35.388-0800][110.697s] GC(37)   Other: 0.2ms
[2021-11-20T04:33:35.388-0800][110.697s] GC(37) Eden regions: 259->0(257)
[2021-11-20T04:33:35.388-0800][110.697s] GC(37) Survivor regions: 19->19(35)
[2021-11-20T04:33:35.388-0800][110.697s] GC(37) Old regions: 155->157
[2021-11-20T04:33:35.388-0800][110.697s] GC(37) Humongous regions: 8->8
[2021-11-20T04:33:35.388-0800][110.697s] GC(37) Metaspace: 64081K->64081K(1107968K)
[2021-11-20T04:33:35.388-0800][110.697s] GC(37) Pause Young (Normal) (G1 Evacuation Pause) 440M->182M(512M) 13.853ms
[2021-11-20T04:33:35.388-0800][110.697s] GC(37) User=0.06s Sys=0.00s Real=0.01s
[2021-11-20T04:33:36.389-0800][111.699s] GC(38) Pause Young (Normal) (G1 Evacuation Pause)
[2021-11-20T04:33:36.389-0800][111.699s] GC(38) Using 4 workers of 4 for evacuation
[2021-11-20T04:33:36.402-0800][111.712s] GC(38)   Pre Evacuate Collection Set: 0.0ms
[2021-11-20T04:33:36.402-0800][111.712s] GC(38)   Evacuate Collection Set: 12.9ms
[2021-11-20T04:33:36.402-0800][111.712s] GC(38)   Post Evacuate Collection Set: 0.3ms
[2021-11-20T04:33:36.402-0800][111.712s] GC(38)   Other: 0.1ms
[2021-11-20T04:33:36.402-0800][111.712s] GC(38) Eden regions: 257->0(256)
[2021-11-20T04:33:36.402-0800][111.712s] GC(38) Survivor regions: 19->19(35)
[2021-11-20T04:33:36.402-0800][111.712s] GC(38) Old regions: 157->158
[2021-11-20T04:33:36.402-0800][111.712s] GC(38) Humongous regions: 8->8
[2021-11-20T04:33:36.402-0800][111.712s] GC(38) Metaspace: 64081K->64081K(1107968K)
[2021-11-20T04:33:36.403-0800][111.712s] GC(38) Pause Young (Normal) (G1 Evacuation Pause) 439M->183M(512M) 13.508ms
[2021-11-20T04:33:36.403-0800][111.712s] GC(38) User=0.00s Sys=0.02s Real=0.01s
[2021-11-20T04:33:42.719-0800][118.028s] GC(39) Pause Young (Normal) (G1 Evacuation Pause)
[2021-11-20T04:33:42.719-0800][118.028s] GC(39) Using 4 workers of 4 for evacuation
[2021-11-20T04:33:42.735-0800][118.045s] GC(39)   Pre Evacuate Collection Set: 0.0ms
[2021-11-20T04:33:42.735-0800][118.045s] GC(39)   Evacuate Collection Set: 15.9ms
[2021-11-20T04:33:42.735-0800][118.045s] GC(39)   Post Evacuate Collection Set: 0.3ms
[2021-11-20T04:33:42.735-0800][118.045s] GC(39)   Other: 0.2ms
[2021-11-20T04:33:42.735-0800][118.045s] GC(39) Eden regions: 256->0(216)
[2021-11-20T04:33:42.735-0800][118.045s] GC(39) Survivor regions: 19->35(35)
[2021-11-20T04:33:42.735-0800][118.045s] GC(39) Old regions: 158->166
[2021-11-20T04:33:42.735-0800][118.045s] GC(39) Humongous regions: 8->8
[2021-11-20T04:33:42.735-0800][118.045s] GC(39) Metaspace: 64120K->64120K(1107968K)
[2021-11-20T04:33:42.735-0800][118.045s] GC(39) Pause Young (Normal) (G1 Evacuation Pause) 439M->208M(512M) 16.648ms
[2021-11-20T04:33:42.735-0800][118.045s] GC(39) User=0.06s Sys=0.00s Real=0.02s
[2021-11-20T04:33:43.245-0800][118.554s] GC(40) Pause Young (Normal) (G1 Evacuation Pause)
[2021-11-20T04:33:43.245-0800][118.554s] GC(40) Using 4 workers of 4 for evacuation
[2021-11-20T04:33:43.266-0800][118.575s] GC(40)   Pre Evacuate Collection Set: 0.0ms
[2021-11-20T04:33:43.266-0800][118.575s] GC(40)   Evacuate Collection Set: 21.4ms
[2021-11-20T04:33:43.266-0800][118.575s] GC(40)   Post Evacuate Collection Set: 0.2ms
[2021-11-20T04:33:43.266-0800][118.575s] GC(40)   Other: 0.2ms
[2021-11-20T04:33:43.266-0800][118.575s] GC(40) Eden regions: 216->0(183)
[2021-11-20T04:33:43.267-0800][118.575s] GC(40) Survivor regions: 35->27(32)
[2021-11-20T04:33:43.267-0800][118.575s] GC(40) Old regions: 166->202
[2021-11-20T04:33:43.267-0800][118.575s] GC(40) Humongous regions: 8->8
[2021-11-20T04:33:43.267-0800][118.575s] GC(40) Metaspace: 64120K->64120K(1107968K)
[2021-11-20T04:33:43.267-0800][118.576s] GC(40) Pause Young (Normal) (G1 Evacuation Pause) 424M->236M(512M) 21.982ms
[2021-11-20T04:33:43.267-0800][118.576s] GC(40) User=0.13s Sys=0.00s Real=0.02s
[2021-11-20T04:33:43.497-0800][118.807s] GC(41) Pause Young (Normal) (G1 Evacuation Pause)
[2021-11-20T04:33:43.497-0800][118.807s] GC(41) Using 4 workers of 4 for evacuation
[2021-11-20T04:33:43.511-0800][118.821s] GC(41)   Pre Evacuate Collection Set: 0.0ms
[2021-11-20T04:33:43.511-0800][118.821s] GC(41)   Evacuate Collection Set: 13.1ms
[2021-11-20T04:33:43.511-0800][118.821s] GC(41)   Post Evacuate Collection Set: 0.2ms
[2021-11-20T04:33:43.511-0800][118.821s] GC(41)   Other: 0.2ms
[2021-11-20T04:33:43.511-0800][118.821s] GC(41) Eden regions: 183->0(161)
[2021-11-20T04:33:43.511-0800][118.821s] GC(41) Survivor regions: 27->22(27)
[2021-11-20T04:33:43.511-0800][118.821s] GC(41) Old regions: 202->228
[2021-11-20T04:33:43.511-0800][118.821s] GC(41) Humongous regions: 8->8
[2021-11-20T04:33:43.511-0800][118.821s] GC(41) Metaspace: 64120K->64120K(1107968K)
[2021-11-20T04:33:43.511-0800][118.821s] GC(41) Pause Young (Normal) (G1 Evacuation Pause) 419M->257M(512M) 13.721ms
[2021-11-20T04:33:43.511-0800][118.821s] GC(41) User=0.00s Sys=0.00s Real=0.01s
[2021-11-20T04:33:43.825-0800][119.134s] GC(42) Pause Young (Concurrent Start) (G1 Evacuation Pause)
[2021-11-20T04:33:43.825-0800][119.134s] GC(42) Using 4 workers of 4 for evacuation
[2021-11-20T04:33:43.837-0800][119.146s] GC(42)   Pre Evacuate Collection Set: 0.1ms
[2021-11-20T04:33:43.837-0800][119.147s] GC(42)   Evacuate Collection Set: 11.7ms
[2021-11-20T04:33:43.837-0800][119.147s] GC(42)   Post Evacuate Collection Set: 0.2ms
[2021-11-20T04:33:43.837-0800][119.147s] GC(42)   Other: 0.2ms
[2021-11-20T04:33:43.837-0800][119.147s] GC(42) Eden regions: 161->0(148)
[2021-11-20T04:33:43.837-0800][119.147s] GC(42) Survivor regions: 22->15(23)
[2021-11-20T04:33:43.837-0800][119.147s] GC(42) Old regions: 228->250
[2021-11-20T04:33:43.837-0800][119.147s] GC(42) Humongous regions: 8->8
[2021-11-20T04:33:43.837-0800][119.147s] GC(42) Metaspace: 64121K->64121K(1107968K)
[2021-11-20T04:33:43.837-0800][119.147s] GC(42) Pause Young (Concurrent Start) (G1 Evacuation Pause) 418M->273M(512M) 12.297ms
[2021-11-20T04:33:43.837-0800][119.147s] GC(42) User=0.00s Sys=0.00s Real=0.01s
[2021-11-20T04:33:43.837-0800][119.147s] GC(43) Concurrent Cycle
[2021-11-20T04:33:43.837-0800][119.147s] GC(43) Concurrent Clear Claimed Marks
[2021-11-20T04:33:43.837-0800][119.147s] GC(43) Concurrent Clear Claimed Marks 0.079ms
[2021-11-20T04:33:43.837-0800][119.147s] GC(43) Concurrent Scan Root Regions
[2021-11-20T04:33:43.841-0800][119.151s] GC(43) Concurrent Scan Root Regions 4.135ms
[2021-11-20T04:33:43.841-0800][119.151s] GC(43) Concurrent Mark (119.151s)
[2021-11-20T04:33:43.841-0800][119.151s] GC(43) Concurrent Mark From Roots
[2021-11-20T04:33:43.841-0800][119.151s] GC(43) Using 1 workers of 1 for marking
[2021-11-20T04:33:43.941-0800][119.250s] GC(43) Concurrent Mark From Roots 98.763ms
[2021-11-20T04:33:43.941-0800][119.250s] GC(43) Concurrent Preclean
[2021-11-20T04:33:43.941-0800][119.250s] GC(43) Concurrent Preclean 0.203ms
[2021-11-20T04:33:43.941-0800][119.250s] GC(43) Concurrent Mark (119.151s, 119.250s) 99.046ms
[2021-11-20T04:33:43.941-0800][119.250s] GC(43) Pause Remark
[2021-11-20T04:33:43.949-0800][119.258s] GC(43) Cleaned string and symbol table, strings: 33345 processed, 44 removed, symbols: 188661 processed, 47 removed
[2021-11-20T04:33:43.950-0800][119.259s] GC(43) Pause Remark 298M->193M(512M) 8.489ms
[2021-11-20T04:33:43.950-0800][119.259s] GC(43) User=0.00s Sys=0.00s Real=0.01s
[2021-11-20T04:33:43.950-0800][119.259s] GC(43) Concurrent Rebuild Remembered Sets
[2021-11-20T04:33:44.003-0800][119.312s] GC(43) Concurrent Rebuild Remembered Sets 53.090ms
[2021-11-20T04:33:44.003-0800][119.312s] GC(43) Pause Cleanup
[2021-11-20T04:33:44.003-0800][119.312s] GC(43) Pause Cleanup 207M->207M(512M) 0.161ms
[2021-11-20T04:33:44.003-0800][119.312s] GC(43) User=0.00s Sys=0.00s Real=0.00s
[2021-11-20T04:33:44.003-0800][119.312s] GC(43) Concurrent Cleanup for Next Mark
[2021-11-20T04:33:44.004-0800][119.313s] GC(43) Concurrent Cleanup for Next Mark 0.478ms
[2021-11-20T04:33:44.004-0800][119.313s] GC(43) Concurrent Cycle 166.092ms
[2021-11-20T04:33:44.452-0800][119.761s] GC(44) Pause Young (Prepare Mixed) (G1 Evacuation Pause)
[2021-11-20T04:33:44.452-0800][119.761s] GC(44) Using 4 workers of 4 for evacuation
[2021-11-20T04:33:44.456-0800][119.766s] GC(44)   Pre Evacuate Collection Set: 0.0ms
[2021-11-20T04:33:44.457-0800][119.766s] GC(44)   Evacuate Collection Set: 4.3ms
[2021-11-20T04:33:44.457-0800][119.766s] GC(44)   Post Evacuate Collection Set: 0.4ms
[2021-11-20T04:33:44.457-0800][119.766s] GC(44)   Other: 0.1ms
[2021-11-20T04:33:44.457-0800][119.766s] GC(44) Eden regions: 148->0(23)
[2021-11-20T04:33:44.457-0800][119.766s] GC(44) Survivor regions: 15->2(21)
[2021-11-20T04:33:44.457-0800][119.766s] GC(44) Old regions: 145->161
[2021-11-20T04:33:44.457-0800][119.766s] GC(44) Humongous regions: 8->8
[2021-11-20T04:33:44.457-0800][119.767s] GC(44) Metaspace: 64032K->64032K(1107968K)
[2021-11-20T04:33:44.457-0800][119.767s] GC(44) Pause Young (Prepare Mixed) (G1 Evacuation Pause) 316M->170M(512M) 5.259ms
[2021-11-20T04:33:44.457-0800][119.767s] GC(44) User=0.00s Sys=0.00s Real=0.01s
[2021-11-20T04:33:44.548-0800][119.858s] GC(45) Pause Young (Mixed) (G1 Evacuation Pause)
[2021-11-20T04:33:44.549-0800][119.858s] GC(45) Using 4 workers of 4 for evacuation
[2021-11-20T04:33:44.552-0800][119.862s] GC(45)   Pre Evacuate Collection Set: 0.0ms
[2021-11-20T04:33:44.552-0800][119.862s] GC(45)   Evacuate Collection Set: 3.5ms
[2021-11-20T04:33:44.552-0800][119.862s] GC(45)   Post Evacuate Collection Set: 0.2ms
[2021-11-20T04:33:44.552-0800][119.862s] GC(45)   Other: 0.2ms
[2021-11-20T04:33:44.553-0800][119.862s] GC(45) Eden regions: 23->0(229)
[2021-11-20T04:33:44.553-0800][119.862s] GC(45) Survivor regions: 2->2(4)
[2021-11-20T04:33:44.553-0800][119.862s] GC(45) Old regions: 161->133
[2021-11-20T04:33:44.553-0800][119.862s] GC(45) Humongous regions: 8->8
[2021-11-20T04:33:44.553-0800][119.862s] GC(45) Metaspace: 64032K->64032K(1107968K)
[2021-11-20T04:33:44.553-0800][119.862s] GC(45) Pause Young (Mixed) (G1 Evacuation Pause) 193M->141M(512M) 4.398ms
[2021-11-20T04:33:44.553-0800][119.862s] GC(45) User=0.00s Sys=0.00s Real=0.00s
[2021-11-20T04:33:45.473-0800][120.782s] GC(46) Pause Young (Normal) (G1 Evacuation Pause)
[2021-11-20T04:33:45.473-0800][120.782s] GC(46) Using 4 workers of 4 for evacuation
[2021-11-20T04:33:45.476-0800][120.785s] GC(46)   Pre Evacuate Collection Set: 0.0ms
[2021-11-20T04:33:45.476-0800][120.785s] GC(46)   Evacuate Collection Set: 1.7ms
[2021-11-20T04:33:45.476-0800][120.785s] GC(46)   Post Evacuate Collection Set: 0.4ms
[2021-11-20T04:33:45.476-0800][120.785s] GC(46)   Other: 0.1ms
[2021-11-20T04:33:45.476-0800][120.785s] GC(46) Eden regions: 229->0(240)
[2021-11-20T04:33:45.476-0800][120.785s] GC(46) Survivor regions: 2->2(29)
[2021-11-20T04:33:45.476-0800][120.785s] GC(46) Old regions: 133->133
[2021-11-20T04:33:45.476-0800][120.785s] GC(46) Humongous regions: 8->8
[2021-11-20T04:33:45.476-0800][120.785s] GC(46) Metaspace: 64032K->64032K(1107968K)
[2021-11-20T04:33:45.476-0800][120.785s] GC(46) Pause Young (Normal) (G1 Evacuation Pause) 370M->142M(512M) 2.495ms
[2021-11-20T04:33:45.476-0800][120.785s] GC(46) User=0.00s Sys=0.00s Real=0.00s
[2021-11-20T04:33:46.423-0800][121.732s] GC(47) Pause Young (Normal) (G1 Evacuation Pause)
[2021-11-20T04:33:46.423-0800][121.732s] GC(47) Using 4 workers of 4 for evacuation
[2021-11-20T04:33:46.426-0800][121.735s] GC(47)   Pre Evacuate Collection Set: 0.0ms
[2021-11-20T04:33:46.426-0800][121.735s] GC(47)   Evacuate Collection Set: 2.5ms
[2021-11-20T04:33:46.426-0800][121.735s] GC(47)   Post Evacuate Collection Set: 0.5ms
[2021-11-20T04:33:46.426-0800][121.735s] GC(47)   Other: 0.2ms
[2021-11-20T04:33:46.426-0800][121.735s] GC(47) Eden regions: 240->0(247)
[2021-11-20T04:33:46.426-0800][121.735s] GC(47) Survivor regions: 2->3(31)
[2021-11-20T04:33:46.426-0800][121.735s] GC(47) Old regions: 133->133
[2021-11-20T04:33:46.426-0800][121.735s] GC(47) Humongous regions: 8->8
[2021-11-20T04:33:46.426-0800][121.735s] GC(47) Metaspace: 64032K->64032K(1107968K)
[2021-11-20T04:33:46.426-0800][121.735s] GC(47) Pause Young (Normal) (G1 Evacuation Pause) 382M->143M(512M) 3.423ms
[2021-11-20T04:33:46.426-0800][121.735s] GC(47) User=0.00s Sys=0.00s Real=0.00s
[2021-11-20T04:33:47.406-0800][122.716s] GC(48) Pause Young (Normal) (G1 Evacuation Pause)
[2021-11-20T04:33:47.406-0800][122.716s] GC(48) Using 4 workers of 4 for evacuation
[2021-11-20T04:33:47.410-0800][122.720s] GC(48)   Pre Evacuate Collection Set: 0.0ms
[2021-11-20T04:33:47.410-0800][122.720s] GC(48)   Evacuate Collection Set: 3.2ms
[2021-11-20T04:33:47.410-0800][122.720s] GC(48)   Post Evacuate Collection Set: 0.5ms
[2021-11-20T04:33:47.410-0800][122.720s] GC(48)   Other: 0.1ms
[2021-11-20T04:33:47.410-0800][122.720s] GC(48) Eden regions: 247->0(252)
[2021-11-20T04:33:47.410-0800][122.720s] GC(48) Survivor regions: 3->5(32)
[2021-11-20T04:33:47.410-0800][122.720s] GC(48) Old regions: 133->133
[2021-11-20T04:33:47.410-0800][122.720s] GC(48) Humongous regions: 8->8
[2021-11-20T04:33:47.410-0800][122.720s] GC(48) Metaspace: 64032K->64032K(1107968K)
[2021-11-20T04:33:47.410-0800][122.720s] GC(48) Pause Young (Normal) (G1 Evacuation Pause) 390M->144M(512M) 4.281ms
[2021-11-20T04:33:47.410-0800][122.720s] GC(48) User=0.00s Sys=0.00s Real=0.00s
[2021-11-20T04:33:48.453-0800][123.763s] GC(49) Pause Young (Normal) (G1 Evacuation Pause)
[2021-11-20T04:33:48.453-0800][123.763s] GC(49) Using 4 workers of 4 for evacuation
[2021-11-20T04:33:48.458-0800][123.767s] GC(49)   Pre Evacuate Collection Set: 0.0ms
[2021-11-20T04:33:48.458-0800][123.767s] GC(49)   Evacuate Collection Set: 4.2ms
[2021-11-20T04:33:48.458-0800][123.767s] GC(49)   Post Evacuate Collection Set: 0.2ms
[2021-11-20T04:33:48.458-0800][123.767s] GC(49)   Other: 0.2ms
[2021-11-20T04:33:48.458-0800][123.767s] GC(49) Eden regions: 252->0(257)
[2021-11-20T04:33:48.458-0800][123.767s] GC(49) Survivor regions: 5->6(33)
[2021-11-20T04:33:48.458-0800][123.767s] GC(49) Old regions: 133->133
[2021-11-20T04:33:48.458-0800][123.767s] GC(49) Humongous regions: 8->8
[2021-11-20T04:33:48.458-0800][123.767s] GC(49) Metaspace: 64032K->64032K(1107968K)
[2021-11-20T04:33:48.458-0800][123.767s] GC(49) Pause Young (Normal) (G1 Evacuation Pause) 396M->146M(512M) 4.814ms
[2021-11-20T04:33:48.458-0800][123.768s] GC(49) User=0.00s Sys=0.00s Real=0.00s
[2021-11-20T04:33:49.533-0800][124.843s] GC(50) Pause Young (Normal) (G1 Evacuation Pause)
[2021-11-20T04:33:49.533-0800][124.843s] GC(50) Using 4 workers of 4 for evacuation
[2021-11-20T04:33:49.539-0800][124.848s] GC(50)   Pre Evacuate Collection Set: 0.0ms
[2021-11-20T04:33:49.539-0800][124.848s] GC(50)   Evacuate Collection Set: 4.5ms
[2021-11-20T04:33:49.539-0800][124.848s] GC(50)   Post Evacuate Collection Set: 0.4ms
[2021-11-20T04:33:49.539-0800][124.848s] GC(50)   Other: 0.2ms
[2021-11-20T04:33:49.539-0800][124.848s] GC(50) Eden regions: 257->0(263)
[2021-11-20T04:33:49.539-0800][124.848s] GC(50) Survivor regions: 6->7(33)
[2021-11-20T04:33:49.539-0800][124.848s] GC(50) Old regions: 133->133
[2021-11-20T04:33:49.539-0800][124.848s] GC(50) Humongous regions: 8->8
[2021-11-20T04:33:49.539-0800][124.848s] GC(50) Metaspace: 64032K->64032K(1107968K)
[2021-11-20T04:33:49.539-0800][124.848s] GC(50) Pause Young (Normal) (G1 Evacuation Pause) 403M->147M(512M) 5.255ms
[2021-11-20T04:33:49.539-0800][124.848s] GC(50) User=0.00s Sys=0.00s Real=0.01s
[2021-11-20T04:33:50.577-0800][125.887s] GC(51) Pause Young (Normal) (G1 Evacuation Pause)
[2021-11-20T04:33:50.577-0800][125.887s] GC(51) Using 4 workers of 4 for evacuation
[2021-11-20T04:33:50.583-0800][125.892s] GC(51)   Pre Evacuate Collection Set: 0.0ms
[2021-11-20T04:33:50.583-0800][125.892s] GC(51)   Evacuate Collection Set: 5.3ms
[2021-11-20T04:33:50.583-0800][125.892s] GC(51)   Post Evacuate Collection Set: 0.2ms
[2021-11-20T04:33:50.583-0800][125.892s] GC(51)   Other: 0.2ms
[2021-11-20T04:33:50.583-0800][125.893s] GC(51) Eden regions: 263->0(268)
[2021-11-20T04:33:50.583-0800][125.893s] GC(51) Survivor regions: 7->8(34)
[2021-11-20T04:33:50.583-0800][125.893s] GC(51) Old regions: 133->133
[2021-11-20T04:33:50.583-0800][125.893s] GC(51) Humongous regions: 8->8
[2021-11-20T04:33:50.583-0800][125.893s] GC(51) Metaspace: 64032K->64032K(1107968K)
[2021-11-20T04:33:50.583-0800][125.893s] GC(51) Pause Young (Normal) (G1 Evacuation Pause) 410M->148M(512M) 5.973ms
[2021-11-20T04:33:50.583-0800][125.893s] GC(51) User=0.00s Sys=0.00s Real=0.01s
[2021-11-20T04:33:51.650-0800][126.960s] GC(52) Pause Young (Normal) (G1 Evacuation Pause)
[2021-11-20T04:33:51.650-0800][126.960s] GC(52) Using 4 workers of 4 for evacuation
[2021-11-20T04:33:51.657-0800][126.966s] GC(52)   Pre Evacuate Collection Set: 0.0ms
[2021-11-20T04:33:51.657-0800][126.966s] GC(52)   Evacuate Collection Set: 6.0ms
[2021-11-20T04:33:51.657-0800][126.966s] GC(52)   Post Evacuate Collection Set: 0.4ms
[2021-11-20T04:33:51.657-0800][126.966s] GC(52)   Other: 0.2ms
[2021-11-20T04:33:51.657-0800][126.966s] GC(52) Eden regions: 268->0(272)
[2021-11-20T04:33:51.657-0800][126.966s] GC(52) Survivor regions: 8->9(35)
[2021-11-20T04:33:51.657-0800][126.966s] GC(52) Old regions: 133->133
[2021-11-20T04:33:51.657-0800][126.966s] GC(52) Humongous regions: 8->8
[2021-11-20T04:33:51.657-0800][126.966s] GC(52) Metaspace: 64049K->64049K(1107968K)
[2021-11-20T04:33:51.657-0800][126.966s] GC(52) Pause Young (Normal) (G1 Evacuation Pause) 416M->149M(512M) 6.895ms
[2021-11-20T04:33:51.657-0800][126.967s] GC(52) User=0.06s Sys=0.00s Real=0.01s
[2021-11-20T04:33:52.750-0800][128.060s] GC(53) Pause Young (Normal) (G1 Evacuation Pause)
[2021-11-20T04:33:52.750-0800][128.060s] GC(53) Using 4 workers of 4 for evacuation
[2021-11-20T04:33:52.758-0800][128.067s] GC(53)   Pre Evacuate Collection Set: 0.0ms
[2021-11-20T04:33:52.758-0800][128.067s] GC(53)   Evacuate Collection Set: 7.0ms
[2021-11-20T04:33:52.758-0800][128.067s] GC(53)   Post Evacuate Collection Set: 0.2ms
[2021-11-20T04:33:52.758-0800][128.067s] GC(53)   Other: 0.1ms
[2021-11-20T04:33:52.758-0800][128.067s] GC(53) Eden regions: 272->0(274)
[2021-11-20T04:33:52.758-0800][128.068s] GC(53) Survivor regions: 9->11(36)
[2021-11-20T04:33:52.758-0800][128.068s] GC(53) Old regions: 133->133
[2021-11-20T04:33:52.758-0800][128.068s] GC(53) Humongous regions: 8->8
[2021-11-20T04:33:52.758-0800][128.068s] GC(53) Metaspace: 64049K->64049K(1107968K)
[2021-11-20T04:33:52.758-0800][128.068s] GC(53) Pause Young (Normal) (G1 Evacuation Pause) 421M->150M(512M) 7.639ms
[2021-11-20T04:33:52.758-0800][128.068s] GC(53) User=0.00s Sys=0.00s Real=0.01s
[2021-11-20T04:33:53.860-0800][129.170s] GC(54) Pause Young (Normal) (G1 Evacuation Pause)
[2021-11-20T04:33:53.860-0800][129.170s] GC(54) Using 4 workers of 4 for evacuation
[2021-11-20T04:33:53.869-0800][129.178s] GC(54)   Pre Evacuate Collection Set: 0.0ms
[2021-11-20T04:33:53.869-0800][129.178s] GC(54)   Evacuate Collection Set: 7.7ms
[2021-11-20T04:33:53.869-0800][129.178s] GC(54)   Post Evacuate Collection Set: 0.3ms
[2021-11-20T04:33:53.869-0800][129.178s] GC(54)   Other: 0.2ms
[2021-11-20T04:33:53.869-0800][129.178s] GC(54) Eden regions: 274->0(277)
[2021-11-20T04:33:53.869-0800][129.178s] GC(54) Survivor regions: 11->12(36)
[2021-11-20T04:33:53.869-0800][129.178s] GC(54) Old regions: 133->133
[2021-11-20T04:33:53.869-0800][129.178s] GC(54) Humongous regions: 8->8
[2021-11-20T04:33:53.869-0800][129.178s] GC(54) Metaspace: 64051K->64051K(1107968K)
[2021-11-20T04:33:53.869-0800][129.178s] GC(54) Pause Young (Normal) (G1 Evacuation Pause) 424M->152M(512M) 8.366ms
[2021-11-20T04:33:53.869-0800][129.178s] GC(54) User=0.00s Sys=0.00s Real=0.01s
[2021-11-20T04:33:54.995-0800][130.304s] GC(55) Pause Young (Normal) (G1 Evacuation Pause)
[2021-11-20T04:33:54.995-0800][130.304s] GC(55) Using 4 workers of 4 for evacuation
[2021-11-20T04:33:55.004-0800][130.313s] GC(55)   Pre Evacuate Collection Set: 0.0ms
[2021-11-20T04:33:55.004-0800][130.313s] GC(55)   Evacuate Collection Set: 8.6ms
[2021-11-20T04:33:55.004-0800][130.313s] GC(55)   Post Evacuate Collection Set: 0.3ms
[2021-11-20T04:33:55.004-0800][130.313s] GC(55)   Other: 0.2ms
[2021-11-20T04:33:55.004-0800][130.313s] GC(55) Eden regions: 277->0(280)
[2021-11-20T04:33:55.004-0800][130.313s] GC(55) Survivor regions: 12->13(37)
[2021-11-20T04:33:55.004-0800][130.313s] GC(55) Old regions: 133->133
[2021-11-20T04:33:55.004-0800][130.313s] GC(55) Humongous regions: 8->8
[2021-11-20T04:33:55.004-0800][130.313s] GC(55) Metaspace: 64051K->64051K(1107968K)
[2021-11-20T04:33:55.004-0800][130.313s] GC(55) Pause Young (Normal) (G1 Evacuation Pause) 429M->153M(512M) 9.329ms
[2021-11-20T04:33:55.004-0800][130.313s] GC(55) User=0.06s Sys=0.00s Real=0.01s
[2021-11-20T04:33:56.158-0800][131.468s] GC(56) Pause Young (Normal) (G1 Evacuation Pause)
[2021-11-20T04:33:56.158-0800][131.468s] GC(56) Using 4 workers of 4 for evacuation
[2021-11-20T04:33:56.169-0800][131.478s] GC(56)   Pre Evacuate Collection Set: 0.0ms
[2021-11-20T04:33:56.169-0800][131.478s] GC(56)   Evacuate Collection Set: 9.8ms
[2021-11-20T04:33:56.169-0800][131.478s] GC(56)   Post Evacuate Collection Set: 0.3ms
[2021-11-20T04:33:56.169-0800][131.479s] GC(56)   Other: 0.1ms
[2021-11-20T04:33:56.169-0800][131.479s] GC(56) Eden regions: 280->0(281)
[2021-11-20T04:33:56.169-0800][131.479s] GC(56) Survivor regions: 13->14(37)
[2021-11-20T04:33:56.169-0800][131.479s] GC(56) Old regions: 133->133
[2021-11-20T04:33:56.169-0800][131.479s] GC(56) Humongous regions: 8->8
[2021-11-20T04:33:56.169-0800][131.479s] GC(56) Metaspace: 64051K->64051K(1107968K)
[2021-11-20T04:33:56.169-0800][131.479s] GC(56) Pause Young (Normal) (G1 Evacuation Pause) 433M->154M(512M) 10.454ms
[2021-11-20T04:33:56.169-0800][131.479s] GC(56) User=0.02s Sys=0.00s Real=0.01s
[2021-11-20T04:33:57.336-0800][132.646s] GC(57) Pause Young (Normal) (G1 Evacuation Pause)
[2021-11-20T04:33:57.336-0800][132.646s] GC(57) Using 4 workers of 4 for evacuation
[2021-11-20T04:33:57.347-0800][132.657s] GC(57)   Pre Evacuate Collection Set: 0.0ms
[2021-11-20T04:33:57.347-0800][132.657s] GC(57)   Evacuate Collection Set: 10.6ms
[2021-11-20T04:33:57.347-0800][132.657s] GC(57)   Post Evacuate Collection Set: 0.3ms
[2021-11-20T04:33:57.347-0800][132.657s] GC(57)   Other: 0.2ms
[2021-11-20T04:33:57.347-0800][132.657s] GC(57) Eden regions: 281->0(282)
[2021-11-20T04:33:57.347-0800][132.657s] GC(57) Survivor regions: 14->16(37)
[2021-11-20T04:33:57.347-0800][132.657s] GC(57) Old regions: 133->133
[2021-11-20T04:33:57.347-0800][132.657s] GC(57) Humongous regions: 8->8
[2021-11-20T04:33:57.347-0800][132.657s] GC(57) Metaspace: 64058K->64058K(1107968K)
[2021-11-20T04:33:57.347-0800][132.657s] GC(57) Pause Young (Normal) (G1 Evacuation Pause) 435M->156M(512M) 11.274ms
[2021-11-20T04:33:57.348-0800][132.657s] GC(57) User=0.06s Sys=0.00s Real=0.01s
[2021-11-20T04:33:58.462-0800][133.772s] GC(58) Pause Young (Normal) (G1 Evacuation Pause)
[2021-11-20T04:33:58.462-0800][133.772s] GC(58) Using 4 workers of 4 for evacuation
[2021-11-20T04:33:58.474-0800][133.784s] GC(58)   Pre Evacuate Collection Set: 0.0ms
[2021-11-20T04:33:58.474-0800][133.784s] GC(58)   Evacuate Collection Set: 11.0ms
[2021-11-20T04:33:58.474-0800][133.784s] GC(58)   Post Evacuate Collection Set: 0.3ms
[2021-11-20T04:33:58.474-0800][133.784s] GC(58)   Other: 0.2ms
[2021-11-20T04:33:58.474-0800][133.784s] GC(58) Eden regions: 282->0(283)
[2021-11-20T04:33:58.474-0800][133.784s] GC(58) Survivor regions: 16->17(38)
[2021-11-20T04:33:58.474-0800][133.784s] GC(58) Old regions: 133->133
[2021-11-20T04:33:58.474-0800][133.784s] GC(58) Humongous regions: 8->8
[2021-11-20T04:33:58.474-0800][133.784s] GC(58) Metaspace: 64058K->64058K(1107968K)
[2021-11-20T04:33:58.474-0800][133.784s] GC(58) Pause Young (Normal) (G1 Evacuation Pause) 438M->157M(512M) 11.655ms
[2021-11-20T04:33:58.474-0800][133.784s] GC(58) User=0.06s Sys=0.00s Real=0.01s
[2021-11-20T04:33:59.597-0800][134.907s] GC(59) Pause Young (Normal) (G1 Evacuation Pause)
[2021-11-20T04:33:59.597-0800][134.907s] GC(59) Using 4 workers of 4 for evacuation
[2021-11-20T04:33:59.610-0800][134.919s] GC(59)   Pre Evacuate Collection Set: 0.0ms
[2021-11-20T04:33:59.610-0800][134.919s] GC(59)   Evacuate Collection Set: 11.8ms
[2021-11-20T04:33:59.610-0800][134.919s] GC(59)   Post Evacuate Collection Set: 0.4ms
[2021-11-20T04:33:59.610-0800][134.919s] GC(59)   Other: 0.2ms
[2021-11-20T04:33:59.610-0800][134.919s] GC(59) Eden regions: 283->0(284)
[2021-11-20T04:33:59.610-0800][134.919s] GC(59) Survivor regions: 17->17(38)
[2021-11-20T04:33:59.610-0800][134.919s] GC(59) Old regions: 133->134
[2021-11-20T04:33:59.610-0800][134.919s] GC(59) Humongous regions: 8->8
[2021-11-20T04:33:59.610-0800][134.919s] GC(59) Metaspace: 64065K->64065K(1107968K)
[2021-11-20T04:33:59.610-0800][134.919s] GC(59) Pause Young (Normal) (G1 Evacuation Pause) 440M->158M(512M) 12.570ms
[2021-11-20T04:33:59.610-0800][134.919s] GC(59) User=0.06s Sys=0.00s Real=0.01s
[2021-11-20T04:34:00.805-0800][136.115s] GC(60) Pause Young (Normal) (G1 Evacuation Pause)
[2021-11-20T04:34:00.805-0800][136.115s] GC(60) Using 4 workers of 4 for evacuation
[2021-11-20T04:34:00.818-0800][136.128s] GC(60)   Pre Evacuate Collection Set: 0.0ms
[2021-11-20T04:34:00.818-0800][136.128s] GC(60)   Evacuate Collection Set: 12.9ms
[2021-11-20T04:34:00.818-0800][136.128s] GC(60)   Post Evacuate Collection Set: 0.3ms
[2021-11-20T04:34:00.818-0800][136.128s] GC(60)   Other: 0.1ms
[2021-11-20T04:34:00.818-0800][136.128s] GC(60) Eden regions: 284->0(280)
[2021-11-20T04:34:00.818-0800][136.128s] GC(60) Survivor regions: 17->19(38)
[2021-11-20T04:34:00.818-0800][136.128s] GC(60) Old regions: 134->134
[2021-11-20T04:34:00.818-0800][136.128s] GC(60) Humongous regions: 8->8
[2021-11-20T04:34:00.818-0800][136.128s] GC(60) Metaspace: 64065K->64065K(1107968K)
[2021-11-20T04:34:00.819-0800][136.128s] GC(60) Pause Young (Normal) (G1 Evacuation Pause) 442M->160M(512M) 13.543ms
[2021-11-20T04:34:00.819-0800][136.128s] GC(60) User=0.06s Sys=0.00s Real=0.01s
[2021-11-20T04:34:01.987-0800][137.297s] GC(61) Pause Young (Normal) (G1 Evacuation Pause)
[2021-11-20T04:34:01.987-0800][137.297s] GC(61) Using 4 workers of 4 for evacuation
[2021-11-20T04:34:02.001-0800][137.310s] GC(61)   Pre Evacuate Collection Set: 0.0ms
[2021-11-20T04:34:02.001-0800][137.310s] GC(61)   Evacuate Collection Set: 13.0ms
[2021-11-20T04:34:02.001-0800][137.310s] GC(61)   Post Evacuate Collection Set: 0.3ms
[2021-11-20T04:34:02.001-0800][137.310s] GC(61)   Other: 0.2ms
[2021-11-20T04:34:02.001-0800][137.310s] GC(61) Eden regions: 280->0(279)
[2021-11-20T04:34:02.001-0800][137.310s] GC(61) Survivor regions: 19->19(38)
[2021-11-20T04:34:02.001-0800][137.310s] GC(61) Old regions: 134->135
[2021-11-20T04:34:02.001-0800][137.310s] GC(61) Humongous regions: 8->8
[2021-11-20T04:34:02.001-0800][137.310s] GC(61) Metaspace: 64066K->64066K(1107968K)
[2021-11-20T04:34:02.001-0800][137.310s] GC(61) Pause Young (Normal) (G1 Evacuation Pause) 440M->160M(512M) 13.686ms
[2021-11-20T04:34:02.001-0800][137.310s] GC(61) User=0.06s Sys=0.00s Real=0.01s
[2021-11-20T04:34:03.407-0800][138.716s] GC(62) Pause Young (Normal) (G1 Evacuation Pause)
[2021-11-20T04:34:03.407-0800][138.717s] GC(62) Using 4 workers of 4 for evacuation
[2021-11-20T04:34:03.421-0800][138.731s] GC(62)   Pre Evacuate Collection Set: 0.0ms
[2021-11-20T04:34:03.421-0800][138.731s] GC(62)   Evacuate Collection Set: 13.8ms
[2021-11-20T04:34:03.421-0800][138.731s] GC(62)   Post Evacuate Collection Set: 0.4ms
[2021-11-20T04:34:03.421-0800][138.731s] GC(62)   Other: 0.2ms
[2021-11-20T04:34:03.421-0800][138.731s] GC(62) Eden regions: 279->0(278)
[2021-11-20T04:34:03.421-0800][138.731s] GC(62) Survivor regions: 19->19(38)
[2021-11-20T04:34:03.421-0800][138.731s] GC(62) Old regions: 135->136
[2021-11-20T04:34:03.421-0800][138.731s] GC(62) Humongous regions: 8->8
[2021-11-20T04:34:03.421-0800][138.731s] GC(62) Metaspace: 64097K->64097K(1107968K)
[2021-11-20T04:34:03.421-0800][138.731s] GC(62) Pause Young (Normal) (G1 Evacuation Pause) 439M->162M(512M) 14.604ms
[2021-11-20T04:34:03.421-0800][138.731s] GC(62) User=0.06s Sys=0.00s Real=0.01s
[2021-11-20T04:34:04.631-0800][139.941s] GC(63) Pause Young (Normal) (G1 Evacuation Pause)
[2021-11-20T04:34:04.631-0800][139.941s] GC(63) Using 4 workers of 4 for evacuation
[2021-11-20T04:34:04.646-0800][139.955s] GC(63)   Pre Evacuate Collection Set: 0.0ms
[2021-11-20T04:34:04.646-0800][139.955s] GC(63)   Evacuate Collection Set: 13.9ms
[2021-11-20T04:34:04.646-0800][139.955s] GC(63)   Post Evacuate Collection Set: 0.3ms
[2021-11-20T04:34:04.646-0800][139.955s] GC(63)   Other: 0.2ms
[2021-11-20T04:34:04.646-0800][139.955s] GC(63) Eden regions: 278->0(275)
[2021-11-20T04:34:04.646-0800][139.955s] GC(63) Survivor regions: 19->20(38)
[2021-11-20T04:34:04.646-0800][139.955s] GC(63) Old regions: 136->137
[2021-11-20T04:34:04.646-0800][139.955s] GC(63) Humongous regions: 8->8
[2021-11-20T04:34:04.646-0800][139.955s] GC(63) Metaspace: 64104K->64104K(1107968K)
[2021-11-20T04:34:04.646-0800][139.955s] GC(63) Pause Young (Normal) (G1 Evacuation Pause) 440M->164M(512M) 14.572ms
[2021-11-20T04:34:04.646-0800][139.955s] GC(63) User=0.06s Sys=0.00s Real=0.01s
[2021-11-20T04:34:05.773-0800][141.082s] GC(64) Pause Young (Normal) (G1 Evacuation Pause)
[2021-11-20T04:34:05.773-0800][141.082s] GC(64) Using 4 workers of 4 for evacuation
[2021-11-20T04:34:05.786-0800][141.096s] GC(64)   Pre Evacuate Collection Set: 0.0ms
[2021-11-20T04:34:05.786-0800][141.096s] GC(64)   Evacuate Collection Set: 13.6ms
[2021-11-20T04:34:05.786-0800][141.096s] GC(64)   Post Evacuate Collection Set: 0.3ms
[2021-11-20T04:34:05.787-0800][141.096s] GC(64)   Other: 0.2ms
[2021-11-20T04:34:05.787-0800][141.096s] GC(64) Eden regions: 275->0(276)
[2021-11-20T04:34:05.787-0800][141.096s] GC(64) Survivor regions: 20->19(37)
[2021-11-20T04:34:05.787-0800][141.096s] GC(64) Old regions: 137->138
[2021-11-20T04:34:05.787-0800][141.097s] GC(64) Humongous regions: 8->8
[2021-11-20T04:34:05.787-0800][141.097s] GC(64) Metaspace: 64125K->64125K(1107968K)
[2021-11-20T04:34:05.787-0800][141.097s] GC(64) Pause Young (Normal) (G1 Evacuation Pause) 439M->164M(512M) 14.400ms
[2021-11-20T04:34:05.787-0800][141.097s] GC(64) User=0.06s Sys=0.00s Real=0.01s
[2021-11-20T04:34:06.920-0800][142.229s] GC(65) Pause Young (Normal) (G1 Evacuation Pause)
[2021-11-20T04:34:06.920-0800][142.229s] GC(65) Using 4 workers of 4 for evacuation
[2021-11-20T04:34:06.934-0800][142.243s] GC(65)   Pre Evacuate Collection Set: 0.0ms
[2021-11-20T04:34:06.934-0800][142.243s] GC(65)   Evacuate Collection Set: 13.8ms
[2021-11-20T04:34:06.934-0800][142.243s] GC(65)   Post Evacuate Collection Set: 0.3ms
[2021-11-20T04:34:06.934-0800][142.243s] GC(65)   Other: 0.1ms
[2021-11-20T04:34:06.934-0800][142.243s] GC(65) Eden regions: 276->0(272)
[2021-11-20T04:34:06.934-0800][142.243s] GC(65) Survivor regions: 19->20(37)
[2021-11-20T04:34:06.934-0800][142.243s] GC(65) Old regions: 138->140
[2021-11-20T04:34:06.934-0800][142.243s] GC(65) Humongous regions: 8->8
[2021-11-20T04:34:06.934-0800][142.243s] GC(65) Metaspace: 64125K->64125K(1107968K)
[2021-11-20T04:34:06.934-0800][142.243s] GC(65) Pause Young (Normal) (G1 Evacuation Pause) 440M->166M(512M) 14.496ms
[2021-11-20T04:34:06.934-0800][142.243s] GC(65) User=0.00s Sys=0.00s Real=0.01s
[2021-11-20T04:34:08.108-0800][143.418s] GC(66) Pause Young (Normal) (G1 Evacuation Pause)
[2021-11-20T04:34:08.108-0800][143.418s] GC(66) Using 4 workers of 4 for evacuation
[2021-11-20T04:34:08.122-0800][143.432s] GC(66)   Pre Evacuate Collection Set: 0.0ms
[2021-11-20T04:34:08.122-0800][143.432s] GC(66)   Evacuate Collection Set: 13.5ms
[2021-11-20T04:34:08.122-0800][143.432s] GC(66)   Post Evacuate Collection Set: 0.3ms
[2021-11-20T04:34:08.122-0800][143.432s] GC(66)   Other: 0.2ms
[2021-11-20T04:34:08.122-0800][143.432s] GC(66) Eden regions: 272->0(271)
[2021-11-20T04:34:08.122-0800][143.432s] GC(66) Survivor regions: 20->20(37)
[2021-11-20T04:34:08.122-0800][143.432s] GC(66) Old regions: 140->141
[2021-11-20T04:34:08.122-0800][143.432s] GC(66) Humongous regions: 8->8
[2021-11-20T04:34:08.122-0800][143.432s] GC(66) Metaspace: 64126K->64126K(1107968K)
[2021-11-20T04:34:08.122-0800][143.432s] GC(66) Pause Young (Normal) (G1 Evacuation Pause) 438M->168M(512M) 14.108ms
[2021-11-20T04:34:08.123-0800][143.432s] GC(66) User=0.06s Sys=0.00s Real=0.01s
[2021-11-20T04:34:09.290-0800][144.600s] GC(67) Pause Young (Normal) (G1 Evacuation Pause)
[2021-11-20T04:34:09.290-0800][144.600s] GC(67) Using 4 workers of 4 for evacuation
[2021-11-20T04:34:09.304-0800][144.613s] GC(67)   Pre Evacuate Collection Set: 0.0ms
[2021-11-20T04:34:09.304-0800][144.613s] GC(67)   Evacuate Collection Set: 13.1ms
[2021-11-20T04:34:09.304-0800][144.613s] GC(67)   Post Evacuate Collection Set: 0.3ms
[2021-11-20T04:34:09.304-0800][144.613s] GC(67)   Other: 0.1ms
[2021-11-20T04:34:09.304-0800][144.613s] GC(67) Eden regions: 271->0(272)
[2021-11-20T04:34:09.304-0800][144.613s] GC(67) Survivor regions: 20->19(37)
[2021-11-20T04:34:09.304-0800][144.613s] GC(67) Old regions: 141->142
[2021-11-20T04:34:09.304-0800][144.613s] GC(67) Humongous regions: 8->8
[2021-11-20T04:34:09.304-0800][144.613s] GC(67) Metaspace: 64126K->64126K(1107968K)
[2021-11-20T04:34:09.304-0800][144.613s] GC(67) Pause Young (Normal) (G1 Evacuation Pause) 439M->168M(512M) 13.776ms
[2021-11-20T04:34:09.304-0800][144.614s] GC(67) User=0.06s Sys=0.00s Real=0.01s
[2021-11-20T04:45:42.431-0800][837.741s] Heap
[2021-11-20T04:45:42.431-0800][837.741s]  garbage-first heap   total 524288K, used 382779K [0x00000000e0000000, 0x0000000100000000)
[2021-11-20T04:45:42.431-0800][837.741s]   region size 1024K, 226 young (231424K), 19 survivors (19456K)
[2021-11-20T04:45:42.431-0800][837.741s]  Metaspace       used 65597K, capacity 66984K, committed 67120K, reserved 1107968K
[2021-11-20T04:45:42.431-0800][837.741s]   class space    used 7373K, capacity 7942K, committed 8064K, reserved 1048576K
