[2021-11-20T14:36:26.461-0800][0.030s] Heap region size: 1M
[2021-11-20T14:36:26.740-0800][0.308s] Using G1
[2021-11-20T14:36:26.740-0800][0.308s] Heap address: 0x00000000e0000000, size: 512 MB, Compressed Oops mode: 32-bit
[2021-11-20T14:36:28.199-0800][1.767s] GC(0) Pause Young (Normal) (G1 Evacuation Pause)
[2021-11-20T14:36:28.199-0800][1.767s] GC(0) Using 4 workers of 4 for evacuation
[2021-11-20T14:36:28.218-0800][1.786s] GC(0)   Pre Evacuate Collection Set: 0.0ms
[2021-11-20T14:36:28.218-0800][1.786s] GC(0)   Evacuate Collection Set: 18.6ms
[2021-11-20T14:36:28.218-0800][1.786s] GC(0)   Post Evacuate Collection Set: 0.3ms
[2021-11-20T14:36:28.218-0800][1.786s] GC(0)   Other: 0.3ms
[2021-11-20T14:36:28.218-0800][1.786s] GC(0) Eden regions: 25->0(303)
[2021-11-20T14:36:28.218-0800][1.787s] GC(0) Survivor regions: 0->4(4)
[2021-11-20T14:36:28.218-0800][1.787s] GC(0) Old regions: 0->0
[2021-11-20T14:36:28.218-0800][1.787s] GC(0) Humongous regions: 0->0
[2021-11-20T14:36:28.218-0800][1.787s] GC(0) Metaspace: 12284K->12284K(1060864K)
[2021-11-20T14:36:28.219-0800][1.787s] GC(0) Pause Young (Normal) (G1 Evacuation Pause) 25M->3M(512M) 19.884ms
[2021-11-20T14:36:28.219-0800][1.787s] GC(0) User=0.05s Sys=0.00s Real=0.02s
[2021-11-20T14:36:28.954-0800][2.522s] GC(1) Pause Young (Concurrent Start) (Metadata GC Threshold)
[2021-11-20T14:36:28.954-0800][2.522s] GC(1) Using 4 workers of 4 for evacuation
[2021-11-20T14:36:28.965-0800][2.533s] GC(1)   Pre Evacuate Collection Set: 0.0ms
[2021-11-20T14:36:28.965-0800][2.533s] GC(1)   Evacuate Collection Set: 9.9ms
[2021-11-20T14:36:28.965-0800][2.533s] GC(1)   Post Evacuate Collection Set: 0.4ms
[2021-11-20T14:36:28.965-0800][2.533s] GC(1)   Other: 0.2ms
[2021-11-20T14:36:28.965-0800][2.533s] GC(1) Eden regions: 30->0(48)
[2021-11-20T14:36:28.965-0800][2.533s] GC(1) Survivor regions: 4->12(39)
[2021-11-20T14:36:28.965-0800][2.533s] GC(1) Old regions: 0->0
[2021-11-20T14:36:28.965-0800][2.533s] GC(1) Humongous regions: 4->4
[2021-11-20T14:36:28.965-0800][2.533s] GC(1) Metaspace: 20747K->20747K(1069056K)
[2021-11-20T14:36:28.965-0800][2.533s] GC(1) Pause Young (Concurrent Start) (Metadata GC Threshold) 37M->16M(512M) 10.774ms
[2021-11-20T14:36:28.965-0800][2.533s] GC(1) User=0.06s Sys=0.00s Real=0.01s
[2021-11-20T14:36:28.965-0800][2.533s] GC(2) Concurrent Cycle
[2021-11-20T14:36:28.965-0800][2.533s] GC(2) Concurrent Clear Claimed Marks
[2021-11-20T14:36:28.965-0800][2.533s] GC(2) Concurrent Clear Claimed Marks 0.036ms
[2021-11-20T14:36:28.965-0800][2.533s] GC(2) Concurrent Scan Root Regions
[2021-11-20T14:36:28.971-0800][2.539s] GC(2) Concurrent Scan Root Regions 5.847ms
[2021-11-20T14:36:28.971-0800][2.539s] GC(2) Concurrent Mark (2.539s)
[2021-11-20T14:36:28.971-0800][2.539s] GC(2) Concurrent Mark From Roots
[2021-11-20T14:36:28.971-0800][2.539s] GC(2) Using 1 workers of 1 for marking
[2021-11-20T14:36:28.973-0800][2.542s] GC(2) Concurrent Mark From Roots 2.376ms
[2021-11-20T14:36:28.973-0800][2.542s] GC(2) Concurrent Preclean
[2021-11-20T14:36:28.973-0800][2.542s] GC(2) Concurrent Preclean 0.103ms
[2021-11-20T14:36:28.973-0800][2.542s] GC(2) Concurrent Mark (2.539s, 2.542s) 2.563ms
[2021-11-20T14:36:28.974-0800][2.542s] GC(2) Pause Remark
[2021-11-20T14:36:28.976-0800][2.544s] GC(2) Cleaned string and symbol table, strings: 9724 processed, 0 removed, symbols: 67338 processed, 22 removed
[2021-11-20T14:36:28.976-0800][2.544s] GC(2) Pause Remark 16M->16M(512M) 2.159ms
[2021-11-20T14:36:28.976-0800][2.544s] GC(2) User=0.00s Sys=0.00s Real=0.00s
[2021-11-20T14:36:28.976-0800][2.544s] GC(2) Concurrent Rebuild Remembered Sets
[2021-11-20T14:36:28.977-0800][2.545s] GC(2) Concurrent Rebuild Remembered Sets 1.380ms
[2021-11-20T14:36:28.977-0800][2.546s] GC(2) Pause Cleanup
[2021-11-20T14:36:28.977-0800][2.546s] GC(2) Pause Cleanup 16M->16M(512M) 0.109ms
[2021-11-20T14:36:28.977-0800][2.546s] GC(2) User=0.00s Sys=0.00s Real=0.00s
[2021-11-20T14:36:28.977-0800][2.546s] GC(2) Concurrent Cleanup for Next Mark
[2021-11-20T14:36:28.978-0800][2.546s] GC(2) Concurrent Cleanup for Next Mark 0.468ms
[2021-11-20T14:36:28.978-0800][2.546s] GC(2) Concurrent Cycle 13.153ms
[2021-11-20T14:36:29.610-0800][3.179s] GC(3) Pause Young (Normal) (G1 Evacuation Pause)
[2021-11-20T14:36:29.610-0800][3.179s] GC(3) Using 4 workers of 4 for evacuation
[2021-11-20T14:36:29.621-0800][3.190s] GC(3)   Pre Evacuate Collection Set: 0.0ms
[2021-11-20T14:36:29.621-0800][3.190s] GC(3)   Evacuate Collection Set: 10.1ms
[2021-11-20T14:36:29.621-0800][3.190s] GC(3)   Post Evacuate Collection Set: 0.5ms
[2021-11-20T14:36:29.621-0800][3.190s] GC(3)   Other: 0.1ms
[2021-11-20T14:36:29.621-0800][3.190s] GC(3) Eden regions: 33->0(44)
[2021-11-20T14:36:29.621-0800][3.190s] GC(3) Survivor regions: 12->6(6)
[2021-11-20T14:36:29.621-0800][3.190s] GC(3) Old regions: 0->13
[2021-11-20T14:36:29.621-0800][3.190s] GC(3) Humongous regions: 4->4
[2021-11-20T14:36:29.621-0800][3.190s] GC(3) Metaspace: 24651K->24651K(1071104K)
[2021-11-20T14:36:29.621-0800][3.190s] GC(3) Pause Young (Normal) (G1 Evacuation Pause) 49M->22M(512M) 10.934ms
[2021-11-20T14:36:29.621-0800][3.190s] GC(3) User=0.06s Sys=0.00s Real=0.01s
[2021-11-20T14:36:30.076-0800][3.644s] GC(4) Pause Young (Normal) (G1 Evacuation Pause)
[2021-11-20T14:36:30.076-0800][3.644s] GC(4) Using 4 workers of 4 for evacuation
[2021-11-20T14:36:30.079-0800][3.647s] GC(4)   Pre Evacuate Collection Set: 0.0ms
[2021-11-20T14:36:30.079-0800][3.647s] GC(4)   Evacuate Collection Set: 2.1ms
[2021-11-20T14:36:30.079-0800][3.647s] GC(4)   Post Evacuate Collection Set: 0.7ms
[2021-11-20T14:36:30.079-0800][3.647s] GC(4)   Other: 0.2ms
[2021-11-20T14:36:30.079-0800][3.648s] GC(4) Eden regions: 44->0(64)
[2021-11-20T14:36:30.079-0800][3.648s] GC(4) Survivor regions: 6->3(7)
[2021-11-20T14:36:30.079-0800][3.648s] GC(4) Old regions: 13->18
[2021-11-20T14:36:30.079-0800][3.648s] GC(4) Humongous regions: 4->4
[2021-11-20T14:36:30.079-0800][3.648s] GC(4) Metaspace: 29833K->29833K(1077248K)
[2021-11-20T14:36:30.079-0800][3.648s] GC(4) Pause Young (Normal) (G1 Evacuation Pause) 66M->24M(512M) 3.271ms
[2021-11-20T14:36:30.079-0800][3.648s] GC(4) User=0.00s Sys=0.00s Real=0.00s
[2021-11-20T14:36:30.675-0800][4.244s] GC(5) Pause Young (Concurrent Start) (Metadata GC Threshold)
[2021-11-20T14:36:30.675-0800][4.244s] GC(5) Using 4 workers of 4 for evacuation
[2021-11-20T14:36:30.678-0800][4.247s] GC(5)   Pre Evacuate Collection Set: 0.0ms
[2021-11-20T14:36:30.678-0800][4.247s] GC(5)   Evacuate Collection Set: 2.1ms
[2021-11-20T14:36:30.678-0800][4.247s] GC(5)   Post Evacuate Collection Set: 0.3ms
[2021-11-20T14:36:30.678-0800][4.247s] GC(5)   Other: 0.2ms
[2021-11-20T14:36:30.678-0800][4.247s] GC(5) Eden regions: 49->0(78)
[2021-11-20T14:36:30.678-0800][4.247s] GC(5) Survivor regions: 3->4(9)
[2021-11-20T14:36:30.678-0800][4.247s] GC(5) Old regions: 18->18
[2021-11-20T14:36:30.678-0800][4.247s] GC(5) Humongous regions: 4->4
[2021-11-20T14:36:30.678-0800][4.247s] GC(5) Metaspace: 34751K->34751K(1081344K)
[2021-11-20T14:36:30.678-0800][4.247s] GC(5) Pause Young (Concurrent Start) (Metadata GC Threshold) 73M->25M(512M) 2.751ms
[2021-11-20T14:36:30.678-0800][4.247s] GC(5) User=0.00s Sys=0.00s Real=0.00s
[2021-11-20T14:36:30.678-0800][4.247s] GC(6) Concurrent Cycle
[2021-11-20T14:36:30.678-0800][4.247s] GC(6) Concurrent Clear Claimed Marks
[2021-11-20T14:36:30.678-0800][4.247s] GC(6) Concurrent Clear Claimed Marks 0.042ms
[2021-11-20T14:36:30.678-0800][4.247s] GC(6) Concurrent Scan Root Regions
[2021-11-20T14:36:30.680-0800][4.249s] GC(6) Concurrent Scan Root Regions 1.669ms
[2021-11-20T14:36:30.680-0800][4.249s] GC(6) Concurrent Mark (4.249s)
[2021-11-20T14:36:30.680-0800][4.249s] GC(6) Concurrent Mark From Roots
[2021-11-20T14:36:30.680-0800][4.249s] GC(6) Using 1 workers of 1 for marking
[2021-11-20T14:36:30.706-0800][4.274s] GC(6) Concurrent Mark From Roots 25.625ms
[2021-11-20T14:36:30.706-0800][4.275s] GC(6) Concurrent Preclean
[2021-11-20T14:36:30.706-0800][4.275s] GC(6) Concurrent Preclean 0.151ms
[2021-11-20T14:36:30.706-0800][4.275s] GC(6) Concurrent Mark (4.249s, 4.275s) 25.863ms
[2021-11-20T14:36:30.707-0800][4.276s] GC(6) Pause Remark
[2021-11-20T14:36:30.710-0800][4.279s] GC(6) Cleaned string and symbol table, strings: 15943 processed, 26 removed, symbols: 114811 processed, 25 removed
[2021-11-20T14:36:30.710-0800][4.279s] GC(6) Pause Remark 26M->26M(512M) 3.077ms
[2021-11-20T14:36:30.710-0800][4.279s] GC(6) User=0.00s Sys=0.00s Real=0.00s
[2021-11-20T14:36:30.710-0800][4.279s] GC(6) Concurrent Rebuild Remembered Sets
[2021-11-20T14:36:30.722-0800][4.291s] GC(6) Concurrent Rebuild Remembered Sets 11.614ms
[2021-11-20T14:36:30.722-0800][4.291s] GC(6) Pause Cleanup
[2021-11-20T14:36:30.722-0800][4.291s] GC(6) Pause Cleanup 28M->28M(512M) 0.088ms
[2021-11-20T14:36:30.722-0800][4.291s] GC(6) User=0.00s Sys=0.00s Real=0.00s
[2021-11-20T14:36:30.722-0800][4.291s] GC(6) Concurrent Cleanup for Next Mark
[2021-11-20T14:36:30.723-0800][4.291s] GC(6) Concurrent Cleanup for Next Mark 0.464ms
[2021-11-20T14:36:30.723-0800][4.292s] GC(6) Concurrent Cycle 44.509ms
[2021-11-20T14:36:40.415-0800][13.983s] GC(7) Pause Young (Concurrent Start) (G1 Evacuation Pause)
[2021-11-20T14:36:40.415-0800][13.983s] GC(7) Using 4 workers of 4 for evacuation
[2021-11-20T14:36:40.420-0800][13.989s] GC(7)   Pre Evacuate Collection Set: 0.0ms
[2021-11-20T14:36:40.420-0800][13.989s] GC(7)   Evacuate Collection Set: 5.4ms
[2021-11-20T14:36:40.420-0800][13.989s] GC(7)   Post Evacuate Collection Set: 0.4ms
[2021-11-20T14:36:40.420-0800][13.989s] GC(7)   Other: 0.2ms
[2021-11-20T14:36:40.420-0800][13.989s] GC(7) Eden regions: 78->0(175)
[2021-11-20T14:36:40.420-0800][13.989s] GC(7) Survivor regions: 4->11(11)
[2021-11-20T14:36:40.420-0800][13.989s] GC(7) Old regions: 18->19
[2021-11-20T14:36:40.420-0800][13.989s] GC(7) Humongous regions: 7->5
[2021-11-20T14:36:40.420-0800][13.989s] GC(7) Metaspace: 43097K->43097K(1089536K)
[2021-11-20T14:36:40.420-0800][13.989s] GC(7) Pause Young (Concurrent Start) (G1 Evacuation Pause) 106M->34M(512M) 6.170ms
[2021-11-20T14:36:40.420-0800][13.989s] GC(7) User=0.00s Sys=0.00s Real=0.01s
[2021-11-20T14:36:40.420-0800][13.989s] GC(8) Concurrent Cycle
[2021-11-20T14:36:40.420-0800][13.989s] GC(8) Concurrent Clear Claimed Marks
[2021-11-20T14:36:40.420-0800][13.989s] GC(8) Concurrent Clear Claimed Marks 0.057ms
[2021-11-20T14:36:40.420-0800][13.989s] GC(8) Concurrent Scan Root Regions
[2021-11-20T14:36:40.424-0800][13.993s] GC(8) Concurrent Scan Root Regions 3.727ms
[2021-11-20T14:36:40.424-0800][13.993s] GC(8) Concurrent Mark (13.993s)
[2021-11-20T14:36:40.424-0800][13.993s] GC(8) Concurrent Mark From Roots
[2021-11-20T14:36:40.424-0800][13.993s] GC(8) Using 1 workers of 1 for marking
[2021-11-20T14:36:40.449-0800][14.018s] GC(8) Concurrent Mark From Roots 25.326ms
[2021-11-20T14:36:40.449-0800][14.018s] GC(8) Concurrent Preclean
[2021-11-20T14:36:40.449-0800][14.019s] GC(8) Concurrent Preclean 0.165ms
[2021-11-20T14:36:40.449-0800][14.019s] GC(8) Concurrent Mark (13.993s, 14.019s) 25.584ms
[2021-11-20T14:36:40.450-0800][14.019s] GC(8) Pause Remark
[2021-11-20T14:36:40.453-0800][14.022s] GC(8) Cleaned string and symbol table, strings: 19268 processed, 1 removed, symbols: 139881 processed, 24 removed
[2021-11-20T14:36:40.453-0800][14.022s] GC(8) Pause Remark 38M->38M(512M) 3.014ms
[2021-11-20T14:36:40.453-0800][14.022s] GC(8) User=0.00s Sys=0.00s Real=0.00s
[2021-11-20T14:36:40.453-0800][14.022s] GC(8) Concurrent Rebuild Remembered Sets
[2021-11-20T14:36:40.466-0800][14.035s] GC(8) Concurrent Rebuild Remembered Sets 12.762ms
[2021-11-20T14:36:40.466-0800][14.035s] GC(8) Pause Cleanup
[2021-11-20T14:36:40.466-0800][14.035s] GC(8) Pause Cleanup 39M->39M(512M) 0.088ms
[2021-11-20T14:36:40.466-0800][14.035s] GC(8) User=0.00s Sys=0.00s Real=0.00s
[2021-11-20T14:36:40.466-0800][14.035s] GC(8) Concurrent Cleanup for Next Mark
[2021-11-20T14:36:40.467-0800][14.036s] GC(8) Concurrent Cleanup for Next Mark 0.470ms
[2021-11-20T14:36:40.467-0800][14.036s] GC(8) Concurrent Cycle 46.631ms
[2021-11-20T14:37:31.463-0800][65.032s] Heap
[2021-11-20T14:37:31.464-0800][65.032s]  garbage-first heap   total 524288K, used 79247K [0x00000000e0000000, 0x0000000100000000)
[2021-11-20T14:37:31.464-0800][65.033s]   region size 1024K, 55 young (56320K), 11 survivors (11264K)
[2021-11-20T14:37:31.464-0800][65.033s]  Metaspace       used 47205K, capacity 48272K, committed 48456K, reserved 1091584K
[2021-11-20T14:37:31.464-0800][65.033s]   class space    used 5362K, capacity 5771K, committed 5888K, reserved 1048576K
