[2021-11-20T04:22:25.613-0800][0.029s] Heap region size: 1M
[2021-11-20T04:22:25.884-0800][0.301s] Using G1
[2021-11-20T04:22:25.884-0800][0.301s] Heap address: 0x00000000e0000000, size: 512 MB, Compressed Oops mode: 32-bit
[2021-11-20T04:22:27.339-0800][1.755s] GC(0) Pause Young (Normal) (G1 Evacuation Pause)
[2021-11-20T04:22:27.340-0800][1.756s] GC(0) Using 4 workers of 4 for evacuation
[2021-11-20T04:22:27.347-0800][1.763s] GC(0)   Pre Evacuate Collection Set: 0.0ms
[2021-11-20T04:22:27.347-0800][1.763s] GC(0)   Evacuate Collection Set: 6.9ms
[2021-11-20T04:22:27.347-0800][1.763s] GC(0)   Post Evacuate Collection Set: 0.3ms
[2021-11-20T04:22:27.347-0800][1.763s] GC(0)   Other: 0.4ms
[2021-11-20T04:22:27.347-0800][1.763s] GC(0) Eden regions: 25->0(303)
[2021-11-20T04:22:27.347-0800][1.764s] GC(0) Survivor regions: 0->4(4)
[2021-11-20T04:22:27.348-0800][1.764s] GC(0) Old regions: 0->0
[2021-11-20T04:22:27.348-0800][1.764s] GC(0) Humongous regions: 0->0
[2021-11-20T04:22:27.348-0800][1.764s] GC(0) Metaspace: 12270K->12270K(1060864K)
[2021-11-20T04:22:27.348-0800][1.764s] GC(0) Pause Young (Normal) (G1 Evacuation Pause) 25M->3M(512M) 8.186ms
[2021-11-20T04:22:27.348-0800][1.764s] GC(0) User=0.03s Sys=0.00s Real=0.01s
[2021-11-20T04:22:27.939-0800][2.355s] GC(1) Pause Young (Concurrent Start) (Metadata GC Threshold)
[2021-11-20T04:22:27.940-0800][2.355s] GC(1) Using 4 workers of 4 for evacuation
[2021-11-20T04:22:27.948-0800][2.364s] GC(1)   Pre Evacuate Collection Set: 0.0ms
[2021-11-20T04:22:27.948-0800][2.364s] GC(1)   Evacuate Collection Set: 7.9ms
[2021-11-20T04:22:27.948-0800][2.364s] GC(1)   Post Evacuate Collection Set: 0.4ms
[2021-11-20T04:22:27.948-0800][2.364s] GC(1)   Other: 0.2ms
[2021-11-20T04:22:27.948-0800][2.364s] GC(1) Eden regions: 30->0(49)
[2021-11-20T04:22:27.948-0800][2.364s] GC(1) Survivor regions: 4->12(21)
[2021-11-20T04:22:27.948-0800][2.364s] GC(1) Old regions: 0->0
[2021-11-20T04:22:27.948-0800][2.364s] GC(1) Humongous regions: 4->4
[2021-11-20T04:22:27.948-0800][2.364s] GC(1) Metaspace: 20712K->20712K(1069056K)
[2021-11-20T04:22:27.948-0800][2.364s] GC(1) Pause Young (Concurrent Start) (Metadata GC Threshold) 37M->15M(512M) 8.730ms
[2021-11-20T04:22:27.948-0800][2.364s] GC(1) User=0.00s Sys=0.00s Real=0.01s
[2021-11-20T04:22:27.948-0800][2.364s] GC(2) Concurrent Cycle
[2021-11-20T04:22:27.948-0800][2.364s] GC(2) Concurrent Clear Claimed Marks
[2021-11-20T04:22:27.948-0800][2.364s] GC(2) Concurrent Clear Claimed Marks 0.036ms
[2021-11-20T04:22:27.948-0800][2.364s] GC(2) Concurrent Scan Root Regions
[2021-11-20T04:22:27.954-0800][2.370s] GC(2) Concurrent Scan Root Regions 5.339ms
[2021-11-20T04:22:27.954-0800][2.370s] GC(2) Concurrent Mark (2.370s)
[2021-11-20T04:22:27.954-0800][2.370s] GC(2) Concurrent Mark From Roots
[2021-11-20T04:22:27.954-0800][2.370s] GC(2) Using 1 workers of 1 for marking
[2021-11-20T04:22:27.956-0800][2.372s] GC(2) Concurrent Mark From Roots 2.224ms
[2021-11-20T04:22:27.956-0800][2.372s] GC(2) Concurrent Preclean
[2021-11-20T04:22:27.956-0800][2.372s] GC(2) Concurrent Preclean 0.105ms
[2021-11-20T04:22:27.956-0800][2.372s] GC(2) Concurrent Mark (2.370s, 2.372s) 2.411ms
[2021-11-20T04:22:27.956-0800][2.372s] GC(2) Pause Remark
[2021-11-20T04:22:27.957-0800][2.373s] GC(2) Cleaned string and symbol table, strings: 9722 processed, 0 removed, symbols: 67440 processed, 22 removed
[2021-11-20T04:22:27.958-0800][2.373s] GC(2) Pause Remark 16M->16M(512M) 1.344ms
[2021-11-20T04:22:27.958-0800][2.373s] GC(2) User=0.00s Sys=0.00s Real=0.00s
[2021-11-20T04:22:27.958-0800][2.373s] GC(2) Concurrent Rebuild Remembered Sets
[2021-11-20T04:22:27.959-0800][2.375s] GC(2) Concurrent Rebuild Remembered Sets 1.458ms
[2021-11-20T04:22:27.959-0800][2.375s] GC(2) Pause Cleanup
[2021-11-20T04:22:27.959-0800][2.375s] GC(2) Pause Cleanup 16M->16M(512M) 0.089ms
[2021-11-20T04:22:27.960-0800][2.375s] GC(2) User=0.00s Sys=0.00s Real=0.00s
[2021-11-20T04:22:27.960-0800][2.375s] GC(2) Concurrent Cleanup for Next Mark
[2021-11-20T04:22:27.960-0800][2.376s] GC(2) Concurrent Cleanup for Next Mark 0.462ms
[2021-11-20T04:22:27.960-0800][2.376s] GC(2) Concurrent Cycle 11.776ms
[2021-11-20T04:22:28.588-0800][3.003s] GC(3) Pause Young (Normal) (G1 Evacuation Pause)
[2021-11-20T04:22:28.588-0800][3.003s] GC(3) Using 4 workers of 4 for evacuation
[2021-11-20T04:22:28.599-0800][3.015s] GC(3)   Pre Evacuate Collection Set: 0.0ms
[2021-11-20T04:22:28.599-0800][3.015s] GC(3)   Evacuate Collection Set: 10.0ms
[2021-11-20T04:22:28.599-0800][3.015s] GC(3)   Post Evacuate Collection Set: 1.3ms
[2021-11-20T04:22:28.599-0800][3.015s] GC(3)   Other: 0.2ms
[2021-11-20T04:22:28.600-0800][3.015s] GC(3) Eden regions: 36->0(46)
[2021-11-20T04:22:28.600-0800][3.015s] GC(3) Survivor regions: 12->6(6)
[2021-11-20T04:22:28.600-0800][3.015s] GC(3) Old regions: 0->13
[2021-11-20T04:22:28.600-0800][3.015s] GC(3) Humongous regions: 4->4
[2021-11-20T04:22:28.600-0800][3.015s] GC(3) Metaspace: 24628K->24628K(1071104K)
[2021-11-20T04:22:28.600-0800][3.015s] GC(3) Pause Young (Normal) (G1 Evacuation Pause) 51M->22M(512M) 11.819ms
[2021-11-20T04:22:28.600-0800][3.015s] GC(3) User=0.06s Sys=0.00s Real=0.01s
[2021-11-20T04:22:29.084-0800][3.500s] GC(4) Pause Young (Normal) (G1 Evacuation Pause)
[2021-11-20T04:22:29.084-0800][3.500s] GC(4) Using 4 workers of 4 for evacuation
[2021-11-20T04:22:29.087-0800][3.504s] GC(4)   Pre Evacuate Collection Set: 0.0ms
[2021-11-20T04:22:29.087-0800][3.504s] GC(4)   Evacuate Collection Set: 2.9ms
[2021-11-20T04:22:29.087-0800][3.504s] GC(4)   Post Evacuate Collection Set: 0.4ms
[2021-11-20T04:22:29.087-0800][3.504s] GC(4)   Other: 0.1ms
[2021-11-20T04:22:29.087-0800][3.504s] GC(4) Eden regions: 46->0(68)
[2021-11-20T04:22:29.087-0800][3.504s] GC(4) Survivor regions: 6->2(7)
[2021-11-20T04:22:29.087-0800][3.504s] GC(4) Old regions: 13->19
[2021-11-20T04:22:29.087-0800][3.504s] GC(4) Humongous regions: 4->4
[2021-11-20T04:22:29.087-0800][3.504s] GC(4) Metaspace: 30580K->30580K(1077248K)
[2021-11-20T04:22:29.087-0800][3.504s] GC(4) Pause Young (Normal) (G1 Evacuation Pause) 68M->24M(512M) 3.617ms
[2021-11-20T04:22:29.088-0800][3.504s] GC(4) User=0.00s Sys=0.00s Real=0.00s
[2021-11-20T04:22:29.522-0800][3.938s] GC(5) Pause Young (Concurrent Start) (Metadata GC Threshold)
[2021-11-20T04:22:29.522-0800][3.938s] GC(5) Using 4 workers of 4 for evacuation
[2021-11-20T04:22:29.524-0800][3.940s] GC(5)   Pre Evacuate Collection Set: 0.0ms
[2021-11-20T04:22:29.524-0800][3.940s] GC(5)   Evacuate Collection Set: 2.0ms
[2021-11-20T04:22:29.524-0800][3.940s] GC(5)   Post Evacuate Collection Set: 0.2ms
[2021-11-20T04:22:29.524-0800][3.940s] GC(5)   Other: 0.2ms
[2021-11-20T04:22:29.524-0800][3.940s] GC(5) Eden regions: 40->0(74)
[2021-11-20T04:22:29.524-0800][3.940s] GC(5) Survivor regions: 2->3(9)
[2021-11-20T04:22:29.524-0800][3.940s] GC(5) Old regions: 19->19
[2021-11-20T04:22:29.524-0800][3.940s] GC(5) Humongous regions: 4->4
[2021-11-20T04:22:29.524-0800][3.940s] GC(5) Metaspace: 34736K->34736K(1081344K)
[2021-11-20T04:22:29.524-0800][3.940s] GC(5) Pause Young (Concurrent Start) (Metadata GC Threshold) 64M->25M(512M) 2.614ms
[2021-11-20T04:22:29.524-0800][3.940s] GC(5) User=0.00s Sys=0.00s Real=0.00s
[2021-11-20T04:22:29.524-0800][3.940s] GC(6) Concurrent Cycle
[2021-11-20T04:22:29.524-0800][3.940s] GC(6) Concurrent Clear Claimed Marks
[2021-11-20T04:22:29.524-0800][3.940s] GC(6) Concurrent Clear Claimed Marks 0.031ms
[2021-11-20T04:22:29.524-0800][3.940s] GC(6) Concurrent Scan Root Regions
[2021-11-20T04:22:29.526-0800][3.942s] GC(6) Concurrent Scan Root Regions 1.630ms
[2021-11-20T04:22:29.526-0800][3.942s] GC(6) Concurrent Mark (3.942s)
[2021-11-20T04:22:29.526-0800][3.942s] GC(6) Concurrent Mark From Roots
[2021-11-20T04:22:29.526-0800][3.942s] GC(6) Using 1 workers of 1 for marking
[2021-11-20T04:22:29.552-0800][3.968s] GC(6) Concurrent Mark From Roots 25.480ms
[2021-11-20T04:22:29.552-0800][3.968s] GC(6) Concurrent Preclean
[2021-11-20T04:22:29.552-0800][3.968s] GC(6) Concurrent Preclean 0.153ms
[2021-11-20T04:22:29.552-0800][3.968s] GC(6) Concurrent Mark (3.942s, 3.968s) 25.725ms
[2021-11-20T04:22:29.552-0800][3.968s] GC(6) Pause Remark
[2021-11-20T04:22:29.555-0800][3.971s] GC(6) Cleaned string and symbol table, strings: 15956 processed, 26 removed, symbols: 114139 processed, 25 removed
[2021-11-20T04:22:29.555-0800][3.971s] GC(6) Pause Remark 26M->26M(512M) 2.993ms
[2021-11-20T04:22:29.555-0800][3.971s] GC(6) User=0.00s Sys=0.00s Real=0.00s
[2021-11-20T04:22:29.555-0800][3.971s] GC(6) Concurrent Rebuild Remembered Sets
[2021-11-20T04:22:29.567-0800][3.983s] GC(6) Concurrent Rebuild Remembered Sets 11.746ms
[2021-11-20T04:22:29.567-0800][3.983s] GC(6) Pause Cleanup
[2021-11-20T04:22:29.567-0800][3.983s] GC(6) Pause Cleanup 27M->27M(512M) 0.085ms
[2021-11-20T04:22:29.567-0800][3.983s] GC(6) User=0.00s Sys=0.00s Real=0.00s
[2021-11-20T04:22:29.567-0800][3.983s] GC(6) Concurrent Cleanup for Next Mark
[2021-11-20T04:22:29.568-0800][3.984s] GC(6) Concurrent Cleanup for Next Mark 0.566ms
[2021-11-20T04:22:29.568-0800][3.984s] GC(6) Concurrent Cycle 43.392ms
[2021-11-20T04:22:39.160-0800][13.577s] GC(7) Pause Young (Concurrent Start) (G1 Evacuation Pause)
[2021-11-20T04:22:39.160-0800][13.577s] GC(7) Using 4 workers of 4 for evacuation
[2021-11-20T04:22:39.166-0800][13.583s] GC(7)   Pre Evacuate Collection Set: 0.0ms
[2021-11-20T04:22:39.166-0800][13.583s] GC(7)   Evacuate Collection Set: 5.2ms
[2021-11-20T04:22:39.166-0800][13.583s] GC(7)   Post Evacuate Collection Set: 0.4ms
[2021-11-20T04:22:39.166-0800][13.583s] GC(7)   Other: 0.2ms
[2021-11-20T04:22:39.166-0800][13.583s] GC(7) Eden regions: 74->0(122)
[2021-11-20T04:22:39.166-0800][13.583s] GC(7) Survivor regions: 3->10(10)
[2021-11-20T04:22:39.166-0800][13.583s] GC(7) Old regions: 19->19
[2021-11-20T04:22:39.166-0800][13.583s] GC(7) Humongous regions: 7->5
[2021-11-20T04:22:39.166-0800][13.583s] GC(7) Metaspace: 42103K->42103K(1087488K)
[2021-11-20T04:22:39.166-0800][13.583s] GC(7) Pause Young (Concurrent Start) (G1 Evacuation Pause) 102M->33M(512M) 6.007ms
[2021-11-20T04:22:39.166-0800][13.583s] GC(7) User=0.00s Sys=0.00s Real=0.01s
[2021-11-20T04:22:39.166-0800][13.583s] GC(8) Concurrent Cycle
[2021-11-20T04:22:39.166-0800][13.583s] GC(8) Concurrent Clear Claimed Marks
[2021-11-20T04:22:39.167-0800][13.583s] GC(8) Concurrent Clear Claimed Marks 0.057ms
[2021-11-20T04:22:39.167-0800][13.583s] GC(8) Concurrent Scan Root Regions
[2021-11-20T04:22:39.170-0800][13.587s] GC(8) Concurrent Scan Root Regions 3.717ms
[2021-11-20T04:22:39.170-0800][13.587s] GC(8) Concurrent Mark (13.587s)
[2021-11-20T04:22:39.170-0800][13.587s] GC(8) Concurrent Mark From Roots
[2021-11-20T04:22:39.170-0800][13.587s] GC(8) Using 1 workers of 1 for marking
[2021-11-20T04:22:39.197-0800][13.613s] GC(8) Concurrent Mark From Roots 26.643ms
[2021-11-20T04:22:39.197-0800][13.613s] GC(8) Concurrent Preclean
[2021-11-20T04:22:39.197-0800][13.614s] GC(8) Concurrent Preclean 0.148ms
[2021-11-20T04:22:39.197-0800][13.614s] GC(8) Concurrent Mark (13.587s, 13.614s) 26.875ms
[2021-11-20T04:22:39.197-0800][13.614s] GC(8) Pause Remark
[2021-11-20T04:22:39.200-0800][13.617s] GC(8) Cleaned string and symbol table, strings: 18680 processed, 1 removed, symbols: 136015 processed, 24 removed
[2021-11-20T04:22:39.200-0800][13.617s] GC(8) Pause Remark 38M->38M(512M) 2.911ms
[2021-11-20T04:22:39.200-0800][13.617s] GC(8) User=0.06s Sys=0.00s Real=0.00s
[2021-11-20T04:22:39.200-0800][13.617s] GC(8) Concurrent Rebuild Remembered Sets
[2021-11-20T04:22:39.213-0800][13.629s] GC(8) Concurrent Rebuild Remembered Sets 12.377ms
[2021-11-20T04:22:39.213-0800][13.629s] GC(8) Pause Cleanup
[2021-11-20T04:22:39.213-0800][13.629s] GC(8) Pause Cleanup 40M->40M(512M) 0.095ms
[2021-11-20T04:22:39.213-0800][13.629s] GC(8) User=0.00s Sys=0.00s Real=0.00s
[2021-11-20T04:22:39.213-0800][13.629s] GC(8) Concurrent Cleanup for Next Mark
[2021-11-20T04:22:39.214-0800][13.630s] GC(8) Concurrent Cleanup for Next Mark 0.474ms
[2021-11-20T04:22:39.214-0800][13.630s] GC(8) Concurrent Cycle 47.072ms
[2021-11-20T04:22:40.019-0800][14.436s] GC(9) Pause Young (Normal) (G1 Evacuation Pause)
[2021-11-20T04:22:40.020-0800][14.436s] GC(9) Using 4 workers of 4 for evacuation
[2021-11-20T04:22:40.026-0800][14.442s] GC(9)   Pre Evacuate Collection Set: 0.0ms
[2021-11-20T04:22:40.026-0800][14.442s] GC(9)   Evacuate Collection Set: 6.2ms
[2021-11-20T04:22:40.026-0800][14.442s] GC(9)   Post Evacuate Collection Set: 0.4ms
[2021-11-20T04:22:40.026-0800][14.442s] GC(9)   Other: 0.2ms
[2021-11-20T04:22:40.026-0800][14.442s] GC(9) Eden regions: 128->0(205)
[2021-11-20T04:22:40.026-0800][14.442s] GC(9) Survivor regions: 10->14(18)
[2021-11-20T04:22:40.026-0800][14.443s] GC(9) Old regions: 19->20
[2021-11-20T04:22:40.026-0800][14.443s] GC(9) Humongous regions: 6->5
[2021-11-20T04:22:40.026-0800][14.443s] GC(9) Metaspace: 49878K->49878K(1095680K)
[2021-11-20T04:22:40.026-0800][14.443s] GC(9) Pause Young (Normal) (G1 Evacuation Pause) 162M->38M(512M) 6.926ms
[2021-11-20T04:22:40.026-0800][14.443s] GC(9) User=0.00s Sys=0.00s Real=0.01s
[2021-11-20T04:22:58.949-0800][33.364s] GC(10) Pause Young (Normal) (G1 Evacuation Pause)
[2021-11-20T04:22:58.949-0800][33.364s] GC(10) Using 4 workers of 4 for evacuation
[2021-11-20T04:22:58.960-0800][33.376s] GC(10)   Pre Evacuate Collection Set: 0.0ms
[2021-11-20T04:22:58.960-0800][33.376s] GC(10)   Evacuate Collection Set: 10.8ms
[2021-11-20T04:22:58.960-0800][33.376s] GC(10)   Post Evacuate Collection Set: 0.7ms
[2021-11-20T04:22:58.960-0800][33.376s] GC(10)   Other: 0.2ms
[2021-11-20T04:22:58.960-0800][33.376s] GC(10) Eden regions: 205->0(284)
[2021-11-20T04:22:58.960-0800][33.376s] GC(10) Survivor regions: 14->23(28)
[2021-11-20T04:22:58.960-0800][33.376s] GC(10) Old regions: 20->20
[2021-11-20T04:22:58.960-0800][33.376s] GC(10) Humongous regions: 10->8
[2021-11-20T04:22:58.960-0800][33.376s] GC(10) Metaspace: 57963K->57963K(1101824K)
[2021-11-20T04:22:58.960-0800][33.376s] GC(10) Pause Young (Normal) (G1 Evacuation Pause) 248M->50M(512M) 12.052ms
[2021-11-20T04:22:58.960-0800][33.376s] GC(10) User=0.06s Sys=0.00s Real=0.01s
[2021-11-20T04:26:34.391-0800][248.808s] Heap
[2021-11-20T04:26:34.391-0800][248.808s]  garbage-first heap   total 524288K, used 95219K [0x00000000e0000000, 0x0000000100000000)
[2021-11-20T04:26:34.391-0800][248.808s]   region size 1024K, 67 young (68608K), 23 survivors (23552K)
[2021-11-20T04:26:34.392-0800][248.808s]  Metaspace       used 59637K, capacity 61007K, committed 61256K, reserved 1103872K
[2021-11-20T04:26:34.392-0800][248.808s]   class space    used 6846K, capacity 7393K, committed 7424K, reserved 1048576K
