[2021-11-20T04:01:30.495-0800][0.027s] Heap region size: 1M
[2021-11-20T04:01:30.770-0800][0.301s] Using G1
[2021-11-20T04:01:30.770-0800][0.301s] Heap address: 0x00000000e0000000, size: 512 MB, Compressed Oops mode: 32-bit
[2021-11-20T04:01:32.102-0800][1.633s] GC(0) Pause Young (Normal) (G1 Evacuation Pause)
[2021-11-20T04:01:32.102-0800][1.633s] GC(0) Using 4 workers of 4 for evacuation
[2021-11-20T04:01:32.107-0800][1.638s] GC(0)   Pre Evacuate Collection Set: 0.0ms
[2021-11-20T04:01:32.107-0800][1.638s] GC(0)   Evacuate Collection Set: 4.1ms
[2021-11-20T04:01:32.107-0800][1.638s] GC(0)   Post Evacuate Collection Set: 0.3ms
[2021-11-20T04:01:32.107-0800][1.638s] GC(0)   Other: 0.3ms
[2021-11-20T04:01:32.107-0800][1.638s] GC(0) Eden regions: 25->0(303)
[2021-11-20T04:01:32.114-0800][1.646s] GC(0) Survivor regions: 0->4(4)
[2021-11-20T04:01:32.114-0800][1.646s] GC(0) Old regions: 0->0
[2021-11-20T04:01:32.114-0800][1.646s] GC(0) Humongous regions: 0->0
[2021-11-20T04:01:32.114-0800][1.646s] GC(0) Metaspace: 12295K->12295K(1060864K)
[2021-11-20T04:01:32.114-0800][1.646s] GC(0) Pause Young (Normal) (G1 Evacuation Pause) 25M->3M(512M) 12.753ms
[2021-11-20T04:01:32.114-0800][1.646s] GC(0) User=0.02s Sys=0.00s Real=0.01s
[2021-11-20T04:01:32.666-0800][2.198s] GC(1) Pause Young (Concurrent Start) (Metadata GC Threshold)
[2021-11-20T04:01:32.666-0800][2.198s] GC(1) Using 4 workers of 4 for evacuation
[2021-11-20T04:01:32.675-0800][2.207s] GC(1)   Pre Evacuate Collection Set: 0.0ms
[2021-11-20T04:01:32.675-0800][2.207s] GC(1)   Evacuate Collection Set: 7.9ms
[2021-11-20T04:01:32.675-0800][2.207s] GC(1)   Post Evacuate Collection Set: 0.4ms
[2021-11-20T04:01:32.675-0800][2.207s] GC(1)   Other: 0.2ms
[2021-11-20T04:01:32.675-0800][2.207s] GC(1) Eden regions: 30->0(44)
[2021-11-20T04:01:32.675-0800][2.207s] GC(1) Survivor regions: 4->12(21)
[2021-11-20T04:01:32.675-0800][2.207s] GC(1) Old regions: 0->0
[2021-11-20T04:01:32.675-0800][2.207s] GC(1) Humongous regions: 4->4
[2021-11-20T04:01:32.675-0800][2.207s] GC(1) Metaspace: 20674K->20674K(1069056K)
[2021-11-20T04:01:32.675-0800][2.207s] GC(1) Pause Young (Concurrent Start) (Metadata GC Threshold) 37M->16M(512M) 8.701ms
[2021-11-20T04:01:32.675-0800][2.207s] GC(1) User=0.06s Sys=0.00s Real=0.01s
[2021-11-20T04:01:32.675-0800][2.207s] GC(2) Concurrent Cycle
[2021-11-20T04:01:32.675-0800][2.207s] GC(2) Concurrent Clear Claimed Marks
[2021-11-20T04:01:32.675-0800][2.207s] GC(2) Concurrent Clear Claimed Marks 0.035ms
[2021-11-20T04:01:32.675-0800][2.207s] GC(2) Concurrent Scan Root Regions
[2021-11-20T04:01:32.681-0800][2.213s] GC(2) Concurrent Scan Root Regions 5.348ms
[2021-11-20T04:01:32.681-0800][2.213s] GC(2) Concurrent Mark (2.213s)
[2021-11-20T04:01:32.681-0800][2.213s] GC(2) Concurrent Mark From Roots
[2021-11-20T04:01:32.681-0800][2.213s] GC(2) Using 1 workers of 1 for marking
[2021-11-20T04:01:32.683-0800][2.215s] GC(2) Concurrent Mark From Roots 2.222ms
[2021-11-20T04:01:32.683-0800][2.215s] GC(2) Concurrent Preclean
[2021-11-20T04:01:32.683-0800][2.215s] GC(2) Concurrent Preclean 0.113ms
[2021-11-20T04:01:32.683-0800][2.215s] GC(2) Concurrent Mark (2.213s, 2.215s) 2.424ms
[2021-11-20T04:01:32.683-0800][2.215s] GC(2) Pause Remark
[2021-11-20T04:01:32.685-0800][2.217s] GC(2) Cleaned string and symbol table, strings: 9695 processed, 0 removed, symbols: 67259 processed, 22 removed
[2021-11-20T04:01:32.685-0800][2.217s] GC(2) Pause Remark 16M->16M(512M) 1.673ms
[2021-11-20T04:01:32.685-0800][2.217s] GC(2) User=0.06s Sys=0.00s Real=0.00s
[2021-11-20T04:01:32.685-0800][2.217s] GC(2) Concurrent Rebuild Remembered Sets
[2021-11-20T04:01:32.686-0800][2.218s] GC(2) Concurrent Rebuild Remembered Sets 1.311ms
[2021-11-20T04:01:32.686-0800][2.218s] GC(2) Pause Cleanup
[2021-11-20T04:01:32.687-0800][2.218s] GC(2) Pause Cleanup 16M->16M(512M) 0.094ms
[2021-11-20T04:01:32.687-0800][2.218s] GC(2) User=0.00s Sys=0.00s Real=0.00s
[2021-11-20T04:01:32.687-0800][2.218s] GC(2) Concurrent Cleanup for Next Mark
[2021-11-20T04:01:32.687-0800][2.219s] GC(2) Concurrent Cleanup for Next Mark 0.449ms
[2021-11-20T04:01:32.687-0800][2.219s] GC(2) Concurrent Cycle 11.907ms
[2021-11-20T04:01:33.203-0800][2.734s] GC(3) Pause Young (Normal) (G1 Evacuation Pause)
[2021-11-20T04:01:33.203-0800][2.734s] GC(3) Using 4 workers of 4 for evacuation
[2021-11-20T04:01:33.213-0800][2.744s] GC(3)   Pre Evacuate Collection Set: 0.0ms
[2021-11-20T04:01:33.213-0800][2.744s] GC(3)   Evacuate Collection Set: 9.3ms
[2021-11-20T04:01:33.213-0800][2.744s] GC(3)   Post Evacuate Collection Set: 0.4ms
[2021-11-20T04:01:33.213-0800][2.744s] GC(3)   Other: 0.1ms
[2021-11-20T04:01:33.213-0800][2.744s] GC(3) Eden regions: 34->0(45)
[2021-11-20T04:01:33.213-0800][2.744s] GC(3) Survivor regions: 12->6(6)
[2021-11-20T04:01:33.213-0800][2.744s] GC(3) Old regions: 0->13
[2021-11-20T04:01:33.213-0800][2.744s] GC(3) Humongous regions: 4->4
[2021-11-20T04:01:33.213-0800][2.744s] GC(3) Metaspace: 24563K->24563K(1071104K)
[2021-11-20T04:01:33.213-0800][2.744s] GC(3) Pause Young (Normal) (G1 Evacuation Pause) 50M->22M(512M) 10.045ms
[2021-11-20T04:01:33.213-0800][2.744s] GC(3) User=0.00s Sys=0.00s Real=0.01s
[2021-11-20T04:01:33.668-0800][3.200s] GC(4) Pause Young (Normal) (G1 Evacuation Pause)
[2021-11-20T04:01:33.668-0800][3.200s] GC(4) Using 4 workers of 4 for evacuation
[2021-11-20T04:01:33.671-0800][3.203s] GC(4)   Pre Evacuate Collection Set: 0.0ms
[2021-11-20T04:01:33.671-0800][3.203s] GC(4)   Evacuate Collection Set: 2.1ms
[2021-11-20T04:01:33.671-0800][3.203s] GC(4)   Post Evacuate Collection Set: 0.6ms
[2021-11-20T04:01:33.671-0800][3.203s] GC(4)   Other: 0.1ms
[2021-11-20T04:01:33.671-0800][3.203s] GC(4) Eden regions: 45->0(66)
[2021-11-20T04:01:33.671-0800][3.203s] GC(4) Survivor regions: 6->3(7)
[2021-11-20T04:01:33.671-0800][3.203s] GC(4) Old regions: 13->19
[2021-11-20T04:01:33.671-0800][3.203s] GC(4) Humongous regions: 4->4
[2021-11-20T04:01:33.671-0800][3.203s] GC(4) Metaspace: 29952K->29952K(1077248K)
[2021-11-20T04:01:33.671-0800][3.203s] GC(4) Pause Young (Normal) (G1 Evacuation Pause) 67M->25M(512M) 3.054ms
[2021-11-20T04:01:33.671-0800][3.203s] GC(4) User=0.05s Sys=0.02s Real=0.00s
[2021-11-20T04:01:34.098-0800][3.630s] GC(5) Pause Young (Concurrent Start) (Metadata GC Threshold)
[2021-11-20T04:01:34.098-0800][3.630s] GC(5) Using 4 workers of 4 for evacuation
[2021-11-20T04:01:34.101-0800][3.632s] GC(5)   Pre Evacuate Collection Set: 0.0ms
[2021-11-20T04:01:34.101-0800][3.632s] GC(5)   Evacuate Collection Set: 2.1ms
[2021-11-20T04:01:34.101-0800][3.632s] GC(5)   Post Evacuate Collection Set: 0.2ms
[2021-11-20T04:01:34.101-0800][3.632s] GC(5)   Other: 0.2ms
[2021-11-20T04:01:34.101-0800][3.632s] GC(5) Eden regions: 37->0(74)
[2021-11-20T04:01:34.101-0800][3.632s] GC(5) Survivor regions: 3->4(9)
[2021-11-20T04:01:34.101-0800][3.632s] GC(5) Old regions: 19->19
[2021-11-20T04:01:34.101-0800][3.633s] GC(5) Humongous regions: 4->4
[2021-11-20T04:01:34.101-0800][3.633s] GC(5) Metaspace: 34845K->34845K(1081344K)
[2021-11-20T04:01:34.101-0800][3.633s] GC(5) Pause Young (Concurrent Start) (Metadata GC Threshold) 62M->26M(512M) 2.717ms
[2021-11-20T04:01:34.101-0800][3.633s] GC(5) User=0.00s Sys=0.00s Real=0.00s
[2021-11-20T04:01:34.101-0800][3.633s] GC(6) Concurrent Cycle
[2021-11-20T04:01:34.101-0800][3.633s] GC(6) Concurrent Clear Claimed Marks
[2021-11-20T04:01:34.101-0800][3.633s] GC(6) Concurrent Clear Claimed Marks 0.038ms
[2021-11-20T04:01:34.101-0800][3.633s] GC(6) Concurrent Scan Root Regions
[2021-11-20T04:01:34.102-0800][3.634s] GC(6) Concurrent Scan Root Regions 1.759ms
[2021-11-20T04:01:34.102-0800][3.635s] GC(6) Concurrent Mark (3.635s)
[2021-11-20T04:01:34.102-0800][3.635s] GC(6) Concurrent Mark From Roots
[2021-11-20T04:01:34.102-0800][3.635s] GC(6) Using 1 workers of 1 for marking
[2021-11-20T04:01:34.128-0800][3.661s] GC(6) Concurrent Mark From Roots 25.965ms
[2021-11-20T04:01:34.128-0800][3.661s] GC(6) Concurrent Preclean
[2021-11-20T04:01:34.129-0800][3.661s] GC(6) Concurrent Preclean 0.179ms
[2021-11-20T04:01:34.129-0800][3.661s] GC(6) Concurrent Mark (3.635s, 3.661s) 26.233ms
[2021-11-20T04:01:34.129-0800][3.661s] GC(6) Pause Remark
[2021-11-20T04:01:34.131-0800][3.663s] GC(6) Cleaned string and symbol table, strings: 16015 processed, 26 removed, symbols: 114899 processed, 25 removed
[2021-11-20T04:01:34.131-0800][3.663s] GC(6) Pause Remark 27M->27M(512M) 2.373ms
[2021-11-20T04:01:34.131-0800][3.663s] GC(6) User=0.00s Sys=0.00s Real=0.00s
[2021-11-20T04:01:34.131-0800][3.663s] GC(6) Concurrent Rebuild Remembered Sets
[2021-11-20T04:01:34.143-0800][3.676s] GC(6) Concurrent Rebuild Remembered Sets 12.169ms
[2021-11-20T04:01:34.144-0800][3.676s] GC(6) Pause Cleanup
[2021-11-20T04:01:34.144-0800][3.676s] GC(6) Pause Cleanup 28M->28M(512M) 0.091ms
[2021-11-20T04:01:34.144-0800][3.676s] GC(6) User=0.00s Sys=0.00s Real=0.00s
[2021-11-20T04:01:34.144-0800][3.676s] GC(6) Concurrent Cleanup for Next Mark
[2021-11-20T04:01:34.144-0800][3.676s] GC(6) Concurrent Cleanup for Next Mark 0.503ms
[2021-11-20T04:01:34.144-0800][3.676s] GC(6) Concurrent Cycle 43.833ms
[2021-11-20T04:01:43.749-0800][13.281s] GC(7) Pause Young (Concurrent Start) (G1 Evacuation Pause)
[2021-11-20T04:01:43.749-0800][13.281s] GC(7) Using 4 workers of 4 for evacuation
[2021-11-20T04:01:43.755-0800][13.287s] GC(7)   Pre Evacuate Collection Set: 0.0ms
[2021-11-20T04:01:43.755-0800][13.287s] GC(7)   Evacuate Collection Set: 5.1ms
[2021-11-20T04:01:43.755-0800][13.287s] GC(7)   Post Evacuate Collection Set: 0.4ms
[2021-11-20T04:01:43.755-0800][13.287s] GC(7)   Other: 0.2ms
[2021-11-20T04:01:43.755-0800][13.287s] GC(7) Eden regions: 74->0(227)
[2021-11-20T04:01:43.755-0800][13.287s] GC(7) Survivor regions: 4->10(10)
[2021-11-20T04:01:43.755-0800][13.287s] GC(7) Old regions: 19->20
[2021-11-20T04:01:43.755-0800][13.287s] GC(7) Humongous regions: 7->5
[2021-11-20T04:01:43.755-0800][13.287s] GC(7) Metaspace: 42161K->42161K(1087488K)
[2021-11-20T04:01:43.755-0800][13.287s] GC(7) Pause Young (Concurrent Start) (G1 Evacuation Pause) 103M->34M(512M) 5.912ms
[2021-11-20T04:01:43.755-0800][13.287s] GC(7) User=0.00s Sys=0.00s Real=0.01s
[2021-11-20T04:01:43.755-0800][13.287s] GC(8) Concurrent Cycle
[2021-11-20T04:01:43.755-0800][13.287s] GC(8) Concurrent Clear Claimed Marks
[2021-11-20T04:01:43.756-0800][13.287s] GC(8) Concurrent Clear Claimed Marks 0.065ms
[2021-11-20T04:01:43.756-0800][13.287s] GC(8) Concurrent Scan Root Regions
[2021-11-20T04:01:43.759-0800][13.291s] GC(8) Concurrent Scan Root Regions 3.765ms
[2021-11-20T04:01:43.759-0800][13.291s] GC(8) Concurrent Mark (13.291s)
[2021-11-20T04:01:43.759-0800][13.291s] GC(8) Concurrent Mark From Roots
[2021-11-20T04:01:43.759-0800][13.291s] GC(8) Using 1 workers of 1 for marking
[2021-11-20T04:01:43.785-0800][13.316s] GC(8) Concurrent Mark From Roots 25.111ms
[2021-11-20T04:01:43.785-0800][13.316s] GC(8) Concurrent Preclean
[2021-11-20T04:01:43.785-0800][13.316s] GC(8) Concurrent Preclean 0.161ms
[2021-11-20T04:01:43.785-0800][13.316s] GC(8) Concurrent Mark (13.291s, 13.316s) 25.361ms
[2021-11-20T04:01:43.785-0800][13.317s] GC(8) Pause Remark
[2021-11-20T04:01:43.788-0800][13.320s] GC(8) Cleaned string and symbol table, strings: 18681 processed, 1 removed, symbols: 135850 processed, 24 removed
[2021-11-20T04:01:43.788-0800][13.320s] GC(8) Pause Remark 35M->35M(512M) 3.583ms
[2021-11-20T04:01:43.789-0800][13.320s] GC(8) User=0.00s Sys=0.00s Real=0.00s
[2021-11-20T04:01:43.789-0800][13.320s] GC(8) Concurrent Rebuild Remembered Sets
[2021-11-20T04:01:43.802-0800][13.333s] GC(8) Concurrent Rebuild Remembered Sets 13.044ms
[2021-11-20T04:01:43.806-0800][13.337s] GC(8) Pause Cleanup
[2021-11-20T04:01:43.806-0800][13.338s] GC(8) Pause Cleanup 38M->38M(512M) 0.109ms
[2021-11-20T04:01:43.806-0800][13.338s] GC(8) User=0.00s Sys=0.00s Real=0.00s
[2021-11-20T04:01:43.806-0800][13.338s] GC(8) Concurrent Cleanup for Next Mark
[2021-11-20T04:01:43.806-0800][13.338s] GC(8) Concurrent Cleanup for Next Mark 0.466ms
[2021-11-20T04:01:43.807-0800][13.338s] GC(8) Concurrent Cycle 50.962ms
[2021-11-20T04:01:54.273-0800][23.804s] GC(9) Pause Young (Normal) (G1 Evacuation Pause)
[2021-11-20T04:01:54.273-0800][23.804s] GC(9) Using 4 workers of 4 for evacuation
[2021-11-20T04:01:54.284-0800][23.815s] GC(9)   Pre Evacuate Collection Set: 0.0ms
[2021-11-20T04:01:54.284-0800][23.815s] GC(9)   Evacuate Collection Set: 10.2ms
[2021-11-20T04:01:54.284-0800][23.815s] GC(9)   Post Evacuate Collection Set: 0.6ms
[2021-11-20T04:01:54.284-0800][23.815s] GC(9)   Other: 0.2ms
[2021-11-20T04:01:54.284-0800][23.815s] GC(9) Eden regions: 246->0(283)
[2021-11-20T04:01:54.284-0800][23.815s] GC(9) Survivor regions: 10->20(32)
[2021-11-20T04:01:54.284-0800][23.815s] GC(9) Old regions: 20->20
[2021-11-20T04:01:54.284-0800][23.815s] GC(9) Humongous regions: 6->5
[2021-11-20T04:01:54.284-0800][23.815s] GC(9) Metaspace: 54920K->54920K(1099776K)
[2021-11-20T04:01:54.284-0800][23.815s] GC(9) Pause Young (Normal) (G1 Evacuation Pause) 281M->44M(512M) 11.313ms
[2021-11-20T04:01:54.284-0800][23.815s] GC(9) User=0.06s Sys=0.00s Real=0.01s
[2021-11-20T04:05:05.544-0800][215.076s] Heap
[2021-11-20T04:05:05.544-0800][215.076s]  garbage-first heap   total 524288K, used 167035K [0x00000000e0000000, 0x0000000100000000)
[2021-11-20T04:05:05.544-0800][215.076s]   region size 1024K, 136 young (139264K), 20 survivors (20480K)
[2021-11-20T04:05:05.544-0800][215.076s]  Metaspace       used 58750K, capacity 60153K, committed 60232K, reserved 1101824K
[2021-11-20T04:05:05.544-0800][215.076s]   class space    used 6750K, capacity 7351K, committed 7424K, reserved 1048576K
