[2021-11-20T04:26:42.051-0800][0.029s] Heap region size: 1M
[2021-11-20T04:26:42.330-0800][0.307s] Using G1
[2021-11-20T04:26:42.330-0800][0.307s] Heap address: 0x00000000e0000000, size: 512 MB, Compressed Oops mode: 32-bit
[2021-11-20T04:26:43.737-0800][1.714s] GC(0) Pause Young (Normal) (G1 Evacuation Pause)
[2021-11-20T04:26:43.737-0800][1.714s] GC(0) Using 4 workers of 4 for evacuation
[2021-11-20T04:26:43.740-0800][1.717s] GC(0)   Pre Evacuate Collection Set: 0.0ms
[2021-11-20T04:26:43.740-0800][1.717s] GC(0)   Evacuate Collection Set: 2.6ms
[2021-11-20T04:26:43.740-0800][1.717s] GC(0)   Post Evacuate Collection Set: 0.3ms
[2021-11-20T04:26:43.740-0800][1.717s] GC(0)   Other: 0.4ms
[2021-11-20T04:26:43.740-0800][1.717s] GC(0) Eden regions: 25->0(303)
[2021-11-20T04:26:43.741-0800][1.718s] GC(0) Survivor regions: 0->4(4)
[2021-11-20T04:26:43.741-0800][1.718s] GC(0) Old regions: 0->0
[2021-11-20T04:26:43.741-0800][1.718s] GC(0) Humongous regions: 0->0
[2021-11-20T04:26:43.741-0800][1.718s] GC(0) Metaspace: 12286K->12286K(1060864K)
[2021-11-20T04:26:43.741-0800][1.718s] GC(0) Pause Young (Normal) (G1 Evacuation Pause) 25M->3M(512M) 3.926ms
[2021-11-20T04:26:43.741-0800][1.718s] GC(0) User=0.00s Sys=0.00s Real=0.00s
[2021-11-20T04:26:44.299-0800][2.276s] GC(1) Pause Young (Concurrent Start) (Metadata GC Threshold)
[2021-11-20T04:26:44.299-0800][2.276s] GC(1) Using 4 workers of 4 for evacuation
[2021-11-20T04:26:44.308-0800][2.285s] GC(1)   Pre Evacuate Collection Set: 0.0ms
[2021-11-20T04:26:44.308-0800][2.285s] GC(1)   Evacuate Collection Set: 8.0ms
[2021-11-20T04:26:44.308-0800][2.285s] GC(1)   Post Evacuate Collection Set: 0.4ms
[2021-11-20T04:26:44.308-0800][2.285s] GC(1)   Other: 0.2ms
[2021-11-20T04:26:44.308-0800][2.285s] GC(1) Eden regions: 30->0(50)
[2021-11-20T04:26:44.308-0800][2.285s] GC(1) Survivor regions: 4->12(21)
[2021-11-20T04:26:44.308-0800][2.285s] GC(1) Old regions: 0->0
[2021-11-20T04:26:44.308-0800][2.285s] GC(1) Humongous regions: 4->4
[2021-11-20T04:26:44.308-0800][2.285s] GC(1) Metaspace: 20711K->20711K(1069056K)
[2021-11-20T04:26:44.308-0800][2.285s] GC(1) Pause Young (Concurrent Start) (Metadata GC Threshold) 37M->16M(512M) 8.887ms
[2021-11-20T04:26:44.308-0800][2.285s] GC(1) User=0.00s Sys=0.00s Real=0.01s
[2021-11-20T04:26:44.308-0800][2.285s] GC(2) Concurrent Cycle
[2021-11-20T04:26:44.308-0800][2.285s] GC(2) Concurrent Clear Claimed Marks
[2021-11-20T04:26:44.308-0800][2.285s] GC(2) Concurrent Clear Claimed Marks 0.037ms
[2021-11-20T04:26:44.308-0800][2.285s] GC(2) Concurrent Scan Root Regions
[2021-11-20T04:26:44.313-0800][2.291s] GC(2) Concurrent Scan Root Regions 5.559ms
[2021-11-20T04:26:44.313-0800][2.291s] GC(2) Concurrent Mark (2.291s)
[2021-11-20T04:26:44.313-0800][2.291s] GC(2) Concurrent Mark From Roots
[2021-11-20T04:26:44.313-0800][2.291s] GC(2) Using 1 workers of 1 for marking
[2021-11-20T04:26:44.316-0800][2.294s] GC(2) Concurrent Mark From Roots 2.561ms
[2021-11-20T04:26:44.316-0800][2.294s] GC(2) Concurrent Preclean
[2021-11-20T04:26:44.316-0800][2.294s] GC(2) Concurrent Preclean 0.105ms
[2021-11-20T04:26:44.316-0800][2.294s] GC(2) Concurrent Mark (2.291s, 2.294s) 2.751ms
[2021-11-20T04:26:44.316-0800][2.294s] GC(2) Pause Remark
[2021-11-20T04:26:44.318-0800][2.295s] GC(2) Cleaned string and symbol table, strings: 9718 processed, 0 removed, symbols: 67337 processed, 22 removed
[2021-11-20T04:26:44.318-0800][2.295s] GC(2) Pause Remark 16M->16M(512M) 1.666ms
[2021-11-20T04:26:44.318-0800][2.296s] GC(2) User=0.00s Sys=0.00s Real=0.00s
[2021-11-20T04:26:44.318-0800][2.296s] GC(2) Concurrent Rebuild Remembered Sets
[2021-11-20T04:26:44.319-0800][2.297s] GC(2) Concurrent Rebuild Remembered Sets 1.419ms
[2021-11-20T04:26:44.319-0800][2.297s] GC(2) Pause Cleanup
[2021-11-20T04:26:44.320-0800][2.297s] GC(2) Pause Cleanup 16M->16M(512M) 0.114ms
[2021-11-20T04:26:44.320-0800][2.297s] GC(2) User=0.00s Sys=0.00s Real=0.00s
[2021-11-20T04:26:44.320-0800][2.297s] GC(2) Concurrent Cleanup for Next Mark
[2021-11-20T04:26:44.320-0800][2.298s] GC(2) Concurrent Cleanup for Next Mark 0.458ms
[2021-11-20T04:26:44.320-0800][2.298s] GC(2) Concurrent Cycle 12.561ms
[2021-11-20T04:26:44.887-0800][2.864s] GC(3) Pause Young (Normal) (G1 Evacuation Pause)
[2021-11-20T04:26:44.887-0800][2.864s] GC(3) Using 4 workers of 4 for evacuation
[2021-11-20T04:26:44.896-0800][2.874s] GC(3)   Pre Evacuate Collection Set: 0.0ms
[2021-11-20T04:26:44.896-0800][2.874s] GC(3)   Evacuate Collection Set: 8.9ms
[2021-11-20T04:26:44.896-0800][2.874s] GC(3)   Post Evacuate Collection Set: 0.5ms
[2021-11-20T04:26:44.896-0800][2.874s] GC(3)   Other: 0.1ms
[2021-11-20T04:26:44.896-0800][2.874s] GC(3) Eden regions: 36->0(46)
[2021-11-20T04:26:44.896-0800][2.874s] GC(3) Survivor regions: 12->6(6)
[2021-11-20T04:26:44.896-0800][2.874s] GC(3) Old regions: 0->13
[2021-11-20T04:26:44.896-0800][2.874s] GC(3) Humongous regions: 4->4
[2021-11-20T04:26:44.896-0800][2.874s] GC(3) Metaspace: 24626K->24626K(1071104K)
[2021-11-20T04:26:44.896-0800][2.874s] GC(3) Pause Young (Normal) (G1 Evacuation Pause) 52M->22M(512M) 9.774ms
[2021-11-20T04:26:44.896-0800][2.874s] GC(3) User=0.06s Sys=0.00s Real=0.01s
[2021-11-20T04:26:45.388-0800][3.365s] GC(4) Pause Young (Normal) (G1 Evacuation Pause)
[2021-11-20T04:26:45.388-0800][3.365s] GC(4) Using 4 workers of 4 for evacuation
[2021-11-20T04:26:45.390-0800][3.368s] GC(4)   Pre Evacuate Collection Set: 0.0ms
[2021-11-20T04:26:45.390-0800][3.368s] GC(4)   Evacuate Collection Set: 2.1ms
[2021-11-20T04:26:45.390-0800][3.368s] GC(4)   Post Evacuate Collection Set: 0.3ms
[2021-11-20T04:26:45.390-0800][3.368s] GC(4)   Other: 0.1ms
[2021-11-20T04:26:45.390-0800][3.368s] GC(4) Eden regions: 46->0(68)
[2021-11-20T04:26:45.390-0800][3.368s] GC(4) Survivor regions: 6->2(7)
[2021-11-20T04:26:45.390-0800][3.368s] GC(4) Old regions: 13->19
[2021-11-20T04:26:45.390-0800][3.368s] GC(4) Humongous regions: 4->4
[2021-11-20T04:26:45.390-0800][3.368s] GC(4) Metaspace: 30554K->30554K(1077248K)
[2021-11-20T04:26:45.390-0800][3.368s] GC(4) Pause Young (Normal) (G1 Evacuation Pause) 68M->24M(512M) 2.825ms
[2021-11-20T04:26:45.390-0800][3.368s] GC(4) User=0.00s Sys=0.00s Real=0.00s
[2021-11-20T04:26:45.880-0800][3.857s] GC(5) Pause Young (Concurrent Start) (Metadata GC Threshold)
[2021-11-20T04:26:45.880-0800][3.857s] GC(5) Using 4 workers of 4 for evacuation
[2021-11-20T04:26:45.883-0800][3.861s] GC(5)   Pre Evacuate Collection Set: 0.0ms
[2021-11-20T04:26:45.883-0800][3.861s] GC(5)   Evacuate Collection Set: 2.7ms
[2021-11-20T04:26:45.883-0800][3.861s] GC(5)   Post Evacuate Collection Set: 0.2ms
[2021-11-20T04:26:45.883-0800][3.861s] GC(5)   Other: 0.2ms
[2021-11-20T04:26:45.883-0800][3.861s] GC(5) Eden regions: 35->0(72)
[2021-11-20T04:26:45.883-0800][3.861s] GC(5) Survivor regions: 2->3(9)
[2021-11-20T04:26:45.883-0800][3.861s] GC(5) Old regions: 19->19
[2021-11-20T04:26:45.883-0800][3.861s] GC(5) Humongous regions: 4->4
[2021-11-20T04:26:45.883-0800][3.861s] GC(5) Metaspace: 34733K->34733K(1081344K)
[2021-11-20T04:26:45.883-0800][3.861s] GC(5) Pause Young (Concurrent Start) (Metadata GC Threshold) 59M->25M(512M) 3.361ms
[2021-11-20T04:26:45.883-0800][3.861s] GC(5) User=0.00s Sys=0.00s Real=0.00s
[2021-11-20T04:26:45.883-0800][3.861s] GC(6) Concurrent Cycle
[2021-11-20T04:26:45.883-0800][3.861s] GC(6) Concurrent Clear Claimed Marks
[2021-11-20T04:26:45.883-0800][3.861s] GC(6) Concurrent Clear Claimed Marks 0.049ms
[2021-11-20T04:26:45.883-0800][3.861s] GC(6) Concurrent Scan Root Regions
[2021-11-20T04:26:45.885-0800][3.863s] GC(6) Concurrent Scan Root Regions 1.772ms
[2021-11-20T04:26:45.885-0800][3.863s] GC(6) Concurrent Mark (3.863s)
[2021-11-20T04:26:45.885-0800][3.863s] GC(6) Concurrent Mark From Roots
[2021-11-20T04:26:45.885-0800][3.863s] GC(6) Using 1 workers of 1 for marking
[2021-11-20T04:26:45.911-0800][3.888s] GC(6) Concurrent Mark From Roots 25.667ms
[2021-11-20T04:26:45.911-0800][3.889s] GC(6) Concurrent Preclean
[2021-11-20T04:26:45.911-0800][3.889s] GC(6) Concurrent Preclean 0.158ms
[2021-11-20T04:26:45.911-0800][3.889s] GC(6) Concurrent Mark (3.863s, 3.889s) 25.922ms
[2021-11-20T04:26:45.911-0800][3.889s] GC(6) Pause Remark
[2021-11-20T04:26:45.914-0800][3.892s] GC(6) Cleaned string and symbol table, strings: 15879 processed, 27 removed, symbols: 113533 processed, 25 removed
[2021-11-20T04:26:45.914-0800][3.892s] GC(6) Pause Remark 26M->26M(512M) 2.996ms
[2021-11-20T04:26:45.914-0800][3.892s] GC(6) User=0.00s Sys=0.00s Real=0.00s
[2021-11-20T04:26:45.914-0800][3.892s] GC(6) Concurrent Rebuild Remembered Sets
[2021-11-20T04:26:45.926-0800][3.904s] GC(6) Concurrent Rebuild Remembered Sets 11.970ms
[2021-11-20T04:26:45.926-0800][3.904s] GC(6) Pause Cleanup
[2021-11-20T04:26:45.926-0800][3.904s] GC(6) Pause Cleanup 26M->26M(512M) 0.095ms
[2021-11-20T04:26:45.927-0800][3.904s] GC(6) User=0.00s Sys=0.00s Real=0.00s
[2021-11-20T04:26:45.927-0800][3.904s] GC(6) Concurrent Cleanup for Next Mark
[2021-11-20T04:26:45.927-0800][3.905s] GC(6) Concurrent Cleanup for Next Mark 0.492ms
[2021-11-20T04:26:45.927-0800][3.905s] GC(6) Concurrent Cycle 44.001ms
[2021-11-20T04:26:55.668-0800][13.645s] GC(7) Pause Young (Normal) (G1 Evacuation Pause)
[2021-11-20T04:26:55.668-0800][13.645s] GC(7) Using 4 workers of 4 for evacuation
[2021-11-20T04:26:55.674-0800][13.651s] GC(7)   Pre Evacuate Collection Set: 0.0ms
[2021-11-20T04:26:55.674-0800][13.651s] GC(7)   Evacuate Collection Set: 5.5ms
[2021-11-20T04:26:55.674-0800][13.651s] GC(7)   Post Evacuate Collection Set: 0.4ms
[2021-11-20T04:26:55.674-0800][13.651s] GC(7)   Other: 0.1ms
[2021-11-20T04:26:55.674-0800][13.651s] GC(7) Eden regions: 72->0(113)
[2021-11-20T04:26:55.674-0800][13.651s] GC(7) Survivor regions: 3->10(10)
[2021-11-20T04:26:55.674-0800][13.651s] GC(7) Old regions: 19->19
[2021-11-20T04:26:55.674-0800][13.651s] GC(7) Humongous regions: 7->5
[2021-11-20T04:26:55.674-0800][13.651s] GC(7) Metaspace: 41913K->41913K(1087488K)
[2021-11-20T04:26:55.674-0800][13.651s] GC(7) Pause Young (Normal) (G1 Evacuation Pause) 100M->33M(512M) 6.234ms
[2021-11-20T04:26:55.674-0800][13.651s] GC(7) User=0.06s Sys=0.00s Real=0.01s
[2021-11-20T04:26:56.605-0800][14.582s] GC(8) Pause Young (Normal) (G1 Evacuation Pause)
[2021-11-20T04:26:56.605-0800][14.582s] GC(8) Using 4 workers of 4 for evacuation
[2021-11-20T04:26:56.611-0800][14.588s] GC(8)   Pre Evacuate Collection Set: 0.0ms
[2021-11-20T04:26:56.611-0800][14.588s] GC(8)   Evacuate Collection Set: 5.5ms
[2021-11-20T04:26:56.611-0800][14.588s] GC(8)   Post Evacuate Collection Set: 0.4ms
[2021-11-20T04:26:56.611-0800][14.588s] GC(8)   Other: 0.2ms
[2021-11-20T04:26:56.611-0800][14.588s] GC(8) Eden regions: 113->0(193)
[2021-11-20T04:26:56.611-0800][14.588s] GC(8) Survivor regions: 10->13(16)
[2021-11-20T04:26:56.611-0800][14.588s] GC(8) Old regions: 19->21
[2021-11-20T04:26:56.611-0800][14.588s] GC(8) Humongous regions: 6->5
[2021-11-20T04:26:56.611-0800][14.588s] GC(8) Metaspace: 49275K->49275K(1093632K)
[2021-11-20T04:26:56.611-0800][14.588s] GC(8) Pause Young (Normal) (G1 Evacuation Pause) 147M->38M(512M) 6.280ms
[2021-11-20T04:26:56.611-0800][14.588s] GC(8) User=0.06s Sys=0.00s Real=0.01s
[2021-11-20T04:27:06.362-0800][24.340s] GC(9) Pause Young (Normal) (G1 Evacuation Pause)
[2021-11-20T04:27:06.363-0800][24.340s] GC(9) Using 4 workers of 4 for evacuation
[2021-11-20T04:27:06.376-0800][24.354s] GC(9)   Pre Evacuate Collection Set: 0.0ms
[2021-11-20T04:27:06.376-0800][24.354s] GC(9)   Evacuate Collection Set: 13.0ms
[2021-11-20T04:27:06.376-0800][24.354s] GC(9)   Post Evacuate Collection Set: 0.5ms
[2021-11-20T04:27:06.376-0800][24.354s] GC(9)   Other: 0.2ms
[2021-11-20T04:27:06.376-0800][24.354s] GC(9) Eden regions: 193->0(250)
[2021-11-20T04:27:06.376-0800][24.354s] GC(9) Survivor regions: 13->23(26)
[2021-11-20T04:27:06.376-0800][24.354s] GC(9) Old regions: 21->21
[2021-11-20T04:27:06.376-0800][24.354s] GC(9) Humongous regions: 10->8
[2021-11-20T04:27:06.376-0800][24.354s] GC(9) Metaspace: 56913K->56913K(1101824K)
[2021-11-20T04:27:06.376-0800][24.354s] GC(9) Pause Young (Normal) (G1 Evacuation Pause) 236M->50M(512M) 13.925ms
[2021-11-20T04:27:06.376-0800][24.354s] GC(9) User=0.05s Sys=0.02s Real=0.01s
[2021-11-20T04:27:18.674-0800][36.651s] GC(10) Pause Young (Concurrent Start) (Metadata GC Threshold)
[2021-11-20T04:27:18.674-0800][36.651s] GC(10) Using 4 workers of 4 for evacuation
[2021-11-20T04:27:18.687-0800][36.664s] GC(10)   Pre Evacuate Collection Set: 0.1ms
[2021-11-20T04:27:18.687-0800][36.664s] GC(10)   Evacuate Collection Set: 12.6ms
[2021-11-20T04:27:18.687-0800][36.664s] GC(10)   Post Evacuate Collection Set: 0.5ms
[2021-11-20T04:27:18.687-0800][36.664s] GC(10)   Other: 0.2ms
[2021-11-20T04:27:18.687-0800][36.664s] GC(10) Eden regions: 54->0(265)
[2021-11-20T04:27:18.687-0800][36.664s] GC(10) Survivor regions: 23->18(35)
[2021-11-20T04:27:18.687-0800][36.664s] GC(10) Old regions: 21->29
[2021-11-20T04:27:18.687-0800][36.664s] GC(10) Humongous regions: 8->8
[2021-11-20T04:27:18.687-0800][36.664s] GC(10) Metaspace: 58702K->58702K(1101824K)
[2021-11-20T04:27:18.688-0800][36.664s] GC(10) Pause Young (Concurrent Start) (Metadata GC Threshold) 104M->53M(512M) 13.660ms
[2021-11-20T04:27:18.688-0800][36.664s] GC(10) User=0.06s Sys=0.00s Real=0.01s
[2021-11-20T04:27:18.688-0800][36.664s] GC(11) Concurrent Cycle
[2021-11-20T04:27:18.688-0800][36.665s] GC(11) Concurrent Clear Claimed Marks
[2021-11-20T04:27:18.688-0800][36.665s] GC(11) Concurrent Clear Claimed Marks 0.078ms
[2021-11-20T04:27:18.688-0800][36.665s] GC(11) Concurrent Scan Root Regions
[2021-11-20T04:27:18.696-0800][36.674s] GC(11) Concurrent Scan Root Regions 9.490ms
[2021-11-20T04:27:18.696-0800][36.674s] GC(11) Concurrent Mark (36.674s)
[2021-11-20T04:27:18.696-0800][36.674s] GC(11) Concurrent Mark From Roots
[2021-11-20T04:27:18.696-0800][36.674s] GC(11) Using 1 workers of 1 for marking
[2021-11-20T04:27:18.732-0800][36.710s] GC(11) Concurrent Mark From Roots 35.634ms
[2021-11-20T04:27:18.732-0800][36.710s] GC(11) Concurrent Preclean
[2021-11-20T04:27:18.732-0800][36.710s] GC(11) Concurrent Preclean 0.225ms
[2021-11-20T04:27:18.732-0800][36.710s] GC(11) Concurrent Mark (36.674s, 36.710s) 35.963ms
[2021-11-20T04:27:18.733-0800][36.711s] GC(11) Pause Remark
[2021-11-20T04:27:18.739-0800][36.717s] GC(11) Cleaned string and symbol table, strings: 29126 processed, 1 removed, symbols: 176362 processed, 621 removed
[2021-11-20T04:27:18.739-0800][36.717s] GC(11) Pause Remark 56M->56M(512M) 6.367ms
[2021-11-20T04:27:18.739-0800][36.717s] GC(11) User=0.00s Sys=0.00s Real=0.01s
[2021-11-20T04:27:18.739-0800][36.717s] GC(11) Concurrent Rebuild Remembered Sets
[2021-11-20T04:27:18.756-0800][36.734s] GC(11) Concurrent Rebuild Remembered Sets 17.058ms
[2021-11-20T04:27:18.757-0800][36.735s] GC(11) Pause Cleanup
[2021-11-20T04:27:18.757-0800][36.735s] GC(11) Pause Cleanup 58M->58M(512M) 0.101ms
[2021-11-20T04:27:18.757-0800][36.735s] GC(11) User=0.00s Sys=0.00s Real=0.00s
[2021-11-20T04:27:18.757-0800][36.735s] GC(11) Concurrent Cleanup for Next Mark
[2021-11-20T04:27:18.758-0800][36.735s] GC(11) Concurrent Cleanup for Next Mark 0.467ms
[2021-11-20T04:27:18.758-0800][36.735s] GC(11) Concurrent Cycle 70.803ms
[2021-11-20T04:31:36.300-0800][294.278s] Heap
[2021-11-20T04:31:36.300-0800][294.278s]  garbage-first heap   total 524288K, used 127875K [0x00000000e0000000, 0x0000000100000000)
[2021-11-20T04:31:36.300-0800][294.278s]   region size 1024K, 91 young (93184K), 18 survivors (18432K)
[2021-11-20T04:31:36.300-0800][294.278s]  Metaspace       used 64207K, capacity 65694K, committed 65904K, reserved 1107968K
[2021-11-20T04:31:36.300-0800][294.278s]   class space    used 7383K, capacity 7998K, committed 8012K, reserved 1048576K
