[2021-11-20T12:04:51.456-0800][0.029s] Heap region size: 1M
[2021-11-20T12:04:51.729-0800][0.302s] Using G1
[2021-11-20T12:04:51.729-0800][0.302s] Heap address: 0x00000000e0000000, size: 512 MB, Compressed Oops mode: 32-bit
[2021-11-20T12:04:53.353-0800][1.927s] GC(0) Pause Young (Normal) (G1 Evacuation Pause)
[2021-11-20T12:04:53.354-0800][1.927s] GC(0) Using 4 workers of 4 for evacuation
[2021-11-20T12:04:53.362-0800][1.935s] GC(0)   Pre Evacuate Collection Set: 0.0ms
[2021-11-20T12:04:53.362-0800][1.935s] GC(0)   Evacuate Collection Set: 7.9ms
[2021-11-20T12:04:53.362-0800][1.935s] GC(0)   Post Evacuate Collection Set: 0.3ms
[2021-11-20T12:04:53.362-0800][1.935s] GC(0)   Other: 0.4ms
[2021-11-20T12:04:53.362-0800][1.935s] GC(0) Eden regions: 25->0(303)
[2021-11-20T12:04:53.363-0800][1.936s] GC(0) Survivor regions: 0->4(4)
[2021-11-20T12:04:53.363-0800][1.936s] GC(0) Old regions: 0->0
[2021-11-20T12:04:53.363-0800][1.936s] GC(0) Humongous regions: 0->0
[2021-11-20T12:04:53.363-0800][1.936s] GC(0) Metaspace: 12274K->12274K(1060864K)
[2021-11-20T12:04:53.363-0800][1.936s] GC(0) Pause Young (Normal) (G1 Evacuation Pause) 25M->3M(512M) 9.213ms
[2021-11-20T12:04:53.363-0800][1.936s] GC(0) User=0.02s Sys=0.00s Real=0.01s
[2021-11-20T12:04:53.950-0800][2.523s] GC(1) Pause Young (Concurrent Start) (Metadata GC Threshold)
[2021-11-20T12:04:53.950-0800][2.523s] GC(1) Using 4 workers of 4 for evacuation
[2021-11-20T12:04:53.958-0800][2.531s] GC(1)   Pre Evacuate Collection Set: 0.0ms
[2021-11-20T12:04:53.958-0800][2.531s] GC(1)   Evacuate Collection Set: 7.5ms
[2021-11-20T12:04:53.958-0800][2.532s] GC(1)   Post Evacuate Collection Set: 0.4ms
[2021-11-20T12:04:53.958-0800][2.532s] GC(1)   Other: 0.2ms
[2021-11-20T12:04:53.958-0800][2.532s] GC(1) Eden regions: 30->0(51)
[2021-11-20T12:04:53.958-0800][2.532s] GC(1) Survivor regions: 4->12(21)
[2021-11-20T12:04:53.958-0800][2.532s] GC(1) Old regions: 0->0
[2021-11-20T12:04:53.958-0800][2.532s] GC(1) Humongous regions: 4->4
[2021-11-20T12:04:53.958-0800][2.532s] GC(1) Metaspace: 20719K->20719K(1069056K)
[2021-11-20T12:04:53.958-0800][2.532s] GC(1) Pause Young (Concurrent Start) (Metadata GC Threshold) 37M->15M(512M) 8.312ms
[2021-11-20T12:04:53.958-0800][2.532s] GC(1) User=0.00s Sys=0.00s Real=0.01s
[2021-11-20T12:04:53.958-0800][2.532s] GC(2) Concurrent Cycle
[2021-11-20T12:04:53.958-0800][2.532s] GC(2) Concurrent Clear Claimed Marks
[2021-11-20T12:04:53.958-0800][2.532s] GC(2) Concurrent Clear Claimed Marks 0.035ms
[2021-11-20T12:04:53.958-0800][2.532s] GC(2) Concurrent Scan Root Regions
[2021-11-20T12:04:53.963-0800][2.537s] GC(2) Concurrent Scan Root Regions 5.388ms
[2021-11-20T12:04:53.963-0800][2.537s] GC(2) Concurrent Mark (2.537s)
[2021-11-20T12:04:53.964-0800][2.537s] GC(2) Concurrent Mark From Roots
[2021-11-20T12:04:53.964-0800][2.537s] GC(2) Using 1 workers of 1 for marking
[2021-11-20T12:04:53.966-0800][2.540s] GC(2) Concurrent Mark From Roots 2.237ms
[2021-11-20T12:04:53.966-0800][2.540s] GC(2) Concurrent Preclean
[2021-11-20T12:04:53.966-0800][2.540s] GC(2) Concurrent Preclean 0.104ms
[2021-11-20T12:04:53.966-0800][2.540s] GC(2) Concurrent Mark (2.537s, 2.540s) 2.434ms
[2021-11-20T12:04:53.966-0800][2.540s] GC(2) Pause Remark
[2021-11-20T12:04:53.968-0800][2.542s] GC(2) Cleaned string and symbol table, strings: 9725 processed, 0 removed, symbols: 67338 processed, 22 removed
[2021-11-20T12:04:53.968-0800][2.542s] GC(2) Pause Remark 16M->16M(512M) 1.942ms
[2021-11-20T12:04:53.968-0800][2.542s] GC(2) User=0.00s Sys=0.00s Real=0.00s
[2021-11-20T12:04:53.968-0800][2.542s] GC(2) Concurrent Rebuild Remembered Sets
[2021-11-20T12:04:53.969-0800][2.543s] GC(2) Concurrent Rebuild Remembered Sets 1.316ms
[2021-11-20T12:04:53.970-0800][2.543s] GC(2) Pause Cleanup
[2021-11-20T12:04:53.970-0800][2.543s] GC(2) Pause Cleanup 16M->16M(512M) 0.080ms
[2021-11-20T12:04:53.970-0800][2.543s] GC(2) User=0.00s Sys=0.00s Real=0.00s
[2021-11-20T12:04:53.970-0800][2.543s] GC(2) Concurrent Cleanup for Next Mark
[2021-11-20T12:04:53.970-0800][2.544s] GC(2) Concurrent Cleanup for Next Mark 0.472ms
[2021-11-20T12:04:53.970-0800][2.544s] GC(2) Concurrent Cycle 12.275ms
[2021-11-20T12:04:54.504-0800][3.077s] GC(3) Pause Young (Normal) (G1 Evacuation Pause)
[2021-11-20T12:04:54.504-0800][3.077s] GC(3) Using 4 workers of 4 for evacuation
[2021-11-20T12:04:54.516-0800][3.090s] GC(3)   Pre Evacuate Collection Set: 0.0ms
[2021-11-20T12:04:54.516-0800][3.090s] GC(3)   Evacuate Collection Set: 11.7ms
[2021-11-20T12:04:54.516-0800][3.090s] GC(3)   Post Evacuate Collection Set: 0.6ms
[2021-11-20T12:04:54.516-0800][3.090s] GC(3)   Other: 0.2ms
[2021-11-20T12:04:54.516-0800][3.090s] GC(3) Eden regions: 37->0(46)
[2021-11-20T12:04:54.516-0800][3.090s] GC(3) Survivor regions: 12->7(7)
[2021-11-20T12:04:54.516-0800][3.090s] GC(3) Old regions: 0->12
[2021-11-20T12:04:54.517-0800][3.090s] GC(3) Humongous regions: 4->4
[2021-11-20T12:04:54.517-0800][3.090s] GC(3) Metaspace: 24623K->24623K(1071104K)
[2021-11-20T12:04:54.517-0800][3.090s] GC(3) Pause Young (Normal) (G1 Evacuation Pause) 52M->22M(512M) 12.681ms
[2021-11-20T12:04:54.517-0800][3.090s] GC(3) User=0.06s Sys=0.00s Real=0.01s
[2021-11-20T12:04:55.056-0800][3.630s] GC(4) Pause Young (Normal) (G1 Evacuation Pause)
[2021-11-20T12:04:55.056-0800][3.630s] GC(4) Using 4 workers of 4 for evacuation
[2021-11-20T12:04:55.059-0800][3.633s] GC(4)   Pre Evacuate Collection Set: 0.0ms
[2021-11-20T12:04:55.059-0800][3.633s] GC(4)   Evacuate Collection Set: 2.5ms
[2021-11-20T12:04:55.059-0800][3.633s] GC(4)   Post Evacuate Collection Set: 0.6ms
[2021-11-20T12:04:55.059-0800][3.633s] GC(4)   Other: 0.2ms
[2021-11-20T12:04:55.059-0800][3.633s] GC(4) Eden regions: 46->0(70)
[2021-11-20T12:04:55.059-0800][3.633s] GC(4) Survivor regions: 7->2(7)
[2021-11-20T12:04:55.059-0800][3.633s] GC(4) Old regions: 12->19
[2021-11-20T12:04:55.059-0800][3.633s] GC(4) Humongous regions: 4->4
[2021-11-20T12:04:55.059-0800][3.633s] GC(4) Metaspace: 30664K->30664K(1077248K)
[2021-11-20T12:04:55.059-0800][3.633s] GC(4) Pause Young (Normal) (G1 Evacuation Pause) 68M->24M(512M) 3.513ms
[2021-11-20T12:04:55.060-0800][3.633s] GC(4) User=0.00s Sys=0.02s Real=0.00s
[2021-11-20T12:04:55.660-0800][4.232s] GC(5) Pause Young (Concurrent Start) (Metadata GC Threshold)
[2021-11-20T12:04:55.660-0800][4.232s] GC(5) Using 4 workers of 4 for evacuation
[2021-11-20T12:04:55.662-0800][4.235s] GC(5)   Pre Evacuate Collection Set: 0.0ms
[2021-11-20T12:04:55.662-0800][4.235s] GC(5)   Evacuate Collection Set: 2.1ms
[2021-11-20T12:04:55.662-0800][4.235s] GC(5)   Post Evacuate Collection Set: 0.2ms
[2021-11-20T12:04:55.662-0800][4.235s] GC(5)   Other: 0.2ms
[2021-11-20T12:04:55.662-0800][4.235s] GC(5) Eden regions: 41->0(81)
[2021-11-20T12:04:55.662-0800][4.235s] GC(5) Survivor regions: 2->3(9)
[2021-11-20T12:04:55.662-0800][4.235s] GC(5) Old regions: 19->19
[2021-11-20T12:04:55.662-0800][4.235s] GC(5) Humongous regions: 4->4
[2021-11-20T12:04:55.662-0800][4.235s] GC(5) Metaspace: 34767K->34767K(1081344K)
[2021-11-20T12:04:55.662-0800][4.235s] GC(5) Pause Young (Concurrent Start) (Metadata GC Threshold) 65M->25M(512M) 2.640ms
[2021-11-20T12:04:55.662-0800][4.235s] GC(5) User=0.00s Sys=0.00s Real=0.00s
[2021-11-20T12:04:55.662-0800][4.235s] GC(6) Concurrent Cycle
[2021-11-20T12:04:55.662-0800][4.235s] GC(6) Concurrent Clear Claimed Marks
[2021-11-20T12:04:55.662-0800][4.235s] GC(6) Concurrent Clear Claimed Marks 0.034ms
[2021-11-20T12:04:55.662-0800][4.235s] GC(6) Concurrent Scan Root Regions
[2021-11-20T12:04:55.664-0800][4.237s] GC(6) Concurrent Scan Root Regions 1.683ms
[2021-11-20T12:04:55.664-0800][4.237s] GC(6) Concurrent Mark (4.237s)
[2021-11-20T12:04:55.664-0800][4.237s] GC(6) Concurrent Mark From Roots
[2021-11-20T12:04:55.664-0800][4.237s] GC(6) Using 1 workers of 1 for marking
[2021-11-20T12:04:55.689-0800][4.263s] GC(6) Concurrent Mark From Roots 25.571ms
[2021-11-20T12:04:55.689-0800][4.263s] GC(6) Concurrent Preclean
[2021-11-20T12:04:55.689-0800][4.263s] GC(6) Concurrent Preclean 0.154ms
[2021-11-20T12:04:55.689-0800][4.263s] GC(6) Concurrent Mark (4.237s, 4.263s) 25.819ms
[2021-11-20T12:04:55.689-0800][4.263s] GC(6) Pause Remark
[2021-11-20T12:04:55.692-0800][4.265s] GC(6) Cleaned string and symbol table, strings: 15971 processed, 26 removed, symbols: 114572 processed, 25 removed
[2021-11-20T12:04:55.692-0800][4.266s] GC(6) Pause Remark 26M->26M(512M) 2.598ms
[2021-11-20T12:04:55.692-0800][4.266s] GC(6) User=0.00s Sys=0.00s Real=0.00s
[2021-11-20T12:04:55.692-0800][4.266s] GC(6) Concurrent Rebuild Remembered Sets
[2021-11-20T12:04:55.704-0800][4.278s] GC(6) Concurrent Rebuild Remembered Sets 12.134ms
[2021-11-20T12:04:55.704-0800][4.278s] GC(6) Pause Cleanup
[2021-11-20T12:04:55.704-0800][4.278s] GC(6) Pause Cleanup 27M->27M(512M) 0.093ms
[2021-11-20T12:04:55.704-0800][4.278s] GC(6) User=0.00s Sys=0.00s Real=0.00s
[2021-11-20T12:04:55.704-0800][4.278s] GC(6) Concurrent Cleanup for Next Mark
[2021-11-20T12:04:55.705-0800][4.279s] GC(6) Concurrent Cleanup for Next Mark 0.485ms
[2021-11-20T12:04:55.705-0800][4.279s] GC(6) Concurrent Cycle 43.423ms
[2021-11-20T12:05:05.428-0800][14.002s] GC(7) Pause Young (Concurrent Start) (G1 Evacuation Pause)
[2021-11-20T12:05:05.428-0800][14.002s] GC(7) Using 4 workers of 4 for evacuation
[2021-11-20T12:05:05.434-0800][14.007s] GC(7)   Pre Evacuate Collection Set: 0.0ms
[2021-11-20T12:05:05.434-0800][14.007s] GC(7)   Evacuate Collection Set: 5.2ms
[2021-11-20T12:05:05.434-0800][14.007s] GC(7)   Post Evacuate Collection Set: 0.4ms
[2021-11-20T12:05:05.434-0800][14.007s] GC(7)   Other: 0.2ms
[2021-11-20T12:05:05.434-0800][14.007s] GC(7) Eden regions: 81->0(125)
[2021-11-20T12:05:05.434-0800][14.007s] GC(7) Survivor regions: 3->11(11)
[2021-11-20T12:05:05.434-0800][14.008s] GC(7) Old regions: 19->19
[2021-11-20T12:05:05.434-0800][14.008s] GC(7) Humongous regions: 7->5
[2021-11-20T12:05:05.434-0800][14.008s] GC(7) Metaspace: 43064K->43064K(1089536K)
[2021-11-20T12:05:05.434-0800][14.008s] GC(7) Pause Young (Concurrent Start) (G1 Evacuation Pause) 109M->34M(512M) 5.997ms
[2021-11-20T12:05:05.434-0800][14.008s] GC(7) User=0.06s Sys=0.00s Real=0.01s
[2021-11-20T12:05:05.434-0800][14.008s] GC(8) Concurrent Cycle
[2021-11-20T12:05:05.434-0800][14.008s] GC(8) Concurrent Clear Claimed Marks
[2021-11-20T12:05:05.434-0800][14.008s] GC(8) Concurrent Clear Claimed Marks 0.057ms
[2021-11-20T12:05:05.434-0800][14.008s] GC(8) Concurrent Scan Root Regions
[2021-11-20T12:05:05.439-0800][14.012s] GC(8) Concurrent Scan Root Regions 4.627ms
[2021-11-20T12:05:05.439-0800][14.012s] GC(8) Concurrent Mark (14.012s)
[2021-11-20T12:05:05.439-0800][14.012s] GC(8) Concurrent Mark From Roots
[2021-11-20T12:05:05.439-0800][14.012s] GC(8) Using 1 workers of 1 for marking
[2021-11-20T12:05:05.464-0800][14.038s] GC(8) Concurrent Mark From Roots 25.506ms
[2021-11-20T12:05:05.464-0800][14.038s] GC(8) Concurrent Preclean
[2021-11-20T12:05:05.465-0800][14.038s] GC(8) Concurrent Preclean 0.170ms
[2021-11-20T12:05:05.465-0800][14.038s] GC(8) Concurrent Mark (14.012s, 14.038s) 25.766ms
[2021-11-20T12:05:05.465-0800][14.038s] GC(8) Pause Remark
[2021-11-20T12:05:05.469-0800][14.042s] GC(8) Cleaned string and symbol table, strings: 19278 processed, 1 removed, symbols: 139657 processed, 24 removed
[2021-11-20T12:05:05.469-0800][14.043s] GC(8) Pause Remark 37M->37M(512M) 4.354ms
[2021-11-20T12:05:05.469-0800][14.043s] GC(8) User=0.06s Sys=0.00s Real=0.00s
[2021-11-20T12:05:05.469-0800][14.043s] GC(8) Concurrent Rebuild Remembered Sets
[2021-11-20T12:05:05.482-0800][14.056s] GC(8) Concurrent Rebuild Remembered Sets 13.072ms
[2021-11-20T12:05:05.482-0800][14.056s] GC(8) Pause Cleanup
[2021-11-20T12:05:05.483-0800][14.056s] GC(8) Pause Cleanup 38M->38M(512M) 0.102ms
[2021-11-20T12:05:05.483-0800][14.056s] GC(8) User=0.00s Sys=0.00s Real=0.00s
[2021-11-20T12:05:05.483-0800][14.056s] GC(8) Concurrent Cleanup for Next Mark
[2021-11-20T12:05:05.483-0800][14.057s] GC(8) Concurrent Cleanup for Next Mark 0.469ms
[2021-11-20T12:05:05.483-0800][14.057s] GC(8) Concurrent Cycle 48.968ms
[2021-11-20T12:06:42.265-0800][110.839s] Heap
[2021-11-20T12:06:42.265-0800][110.839s]  garbage-first heap   total 524288K, used 74061K [0x00000000e0000000, 0x0000000100000000)
[2021-11-20T12:06:42.265-0800][110.839s]   region size 1024K, 50 young (51200K), 11 survivors (11264K)
[2021-11-20T12:06:42.265-0800][110.839s]  Metaspace       used 47504K, capacity 48577K, committed 48712K, reserved 1091584K
[2021-11-20T12:06:42.265-0800][110.839s]   class space    used 5386K, capacity 5787K, committed 5888K, reserved 1048576K
