[2021-11-20T04:05:16.585-0800][0.026s] Heap region size: 1M
[2021-11-20T04:05:16.862-0800][0.304s] Using G1
[2021-11-20T04:05:16.863-0800][0.304s] Heap address: 0x00000000e0000000, size: 512 MB, Compressed Oops mode: 32-bit
[2021-11-20T04:05:18.298-0800][1.739s] GC(0) Pause Young (Normal) (G1 Evacuation Pause)
[2021-11-20T04:05:18.298-0800][1.739s] GC(0) Using 4 workers of 4 for evacuation
[2021-11-20T04:05:18.302-0800][1.743s] GC(0)   Pre Evacuate Collection Set: 0.0ms
[2021-11-20T04:05:18.302-0800][1.743s] GC(0)   Evacuate Collection Set: 3.4ms
[2021-11-20T04:05:18.302-0800][1.743s] GC(0)   Post Evacuate Collection Set: 0.3ms
[2021-11-20T04:05:18.302-0800][1.743s] GC(0)   Other: 0.3ms
[2021-11-20T04:05:18.302-0800][1.743s] GC(0) Eden regions: 25->0(303)
[2021-11-20T04:05:18.302-0800][1.743s] GC(0) Survivor regions: 0->4(4)
[2021-11-20T04:05:18.302-0800][1.743s] GC(0) Old regions: 0->0
[2021-11-20T04:05:18.302-0800][1.743s] GC(0) Humongous regions: 0->0
[2021-11-20T04:05:18.302-0800][1.743s] GC(0) Metaspace: 12275K->12275K(1060864K)
[2021-11-20T04:05:18.302-0800][1.743s] GC(0) Pause Young (Normal) (G1 Evacuation Pause) 25M->3M(512M) 4.569ms
[2021-11-20T04:05:18.302-0800][1.743s] GC(0) User=0.00s Sys=0.00s Real=0.00s
[2021-11-20T04:05:18.872-0800][2.314s] GC(1) Pause Young (Concurrent Start) (Metadata GC Threshold)
[2021-11-20T04:05:18.872-0800][2.314s] GC(1) Using 4 workers of 4 for evacuation
[2021-11-20T04:05:18.882-0800][2.323s] GC(1)   Pre Evacuate Collection Set: 0.0ms
[2021-11-20T04:05:18.882-0800][2.324s] GC(1)   Evacuate Collection Set: 9.1ms
[2021-11-20T04:05:18.882-0800][2.324s] GC(1)   Post Evacuate Collection Set: 0.4ms
[2021-11-20T04:05:18.882-0800][2.324s] GC(1)   Other: 0.2ms
[2021-11-20T04:05:18.882-0800][2.324s] GC(1) Eden regions: 30->0(47)
[2021-11-20T04:05:18.882-0800][2.324s] GC(1) Survivor regions: 4->12(21)
[2021-11-20T04:05:18.882-0800][2.324s] GC(1) Old regions: 0->0
[2021-11-20T04:05:18.882-0800][2.324s] GC(1) Humongous regions: 4->4
[2021-11-20T04:05:18.882-0800][2.324s] GC(1) Metaspace: 20720K->20720K(1069056K)
[2021-11-20T04:05:18.882-0800][2.324s] GC(1) Pause Young (Concurrent Start) (Metadata GC Threshold) 37M->16M(512M) 9.935ms
[2021-11-20T04:05:18.882-0800][2.324s] GC(1) User=0.00s Sys=0.00s Real=0.01s
[2021-11-20T04:05:18.882-0800][2.324s] GC(2) Concurrent Cycle
[2021-11-20T04:05:18.882-0800][2.324s] GC(2) Concurrent Clear Claimed Marks
[2021-11-20T04:05:18.882-0800][2.324s] GC(2) Concurrent Clear Claimed Marks 0.036ms
[2021-11-20T04:05:18.882-0800][2.324s] GC(2) Concurrent Scan Root Regions
[2021-11-20T04:05:18.888-0800][2.329s] GC(2) Concurrent Scan Root Regions 5.380ms
[2021-11-20T04:05:18.888-0800][2.329s] GC(2) Concurrent Mark (2.329s)
[2021-11-20T04:05:18.888-0800][2.329s] GC(2) Concurrent Mark From Roots
[2021-11-20T04:05:18.888-0800][2.329s] GC(2) Using 1 workers of 1 for marking
[2021-11-20T04:05:18.890-0800][2.332s] GC(2) Concurrent Mark From Roots 2.233ms
[2021-11-20T04:05:18.890-0800][2.332s] GC(2) Concurrent Preclean
[2021-11-20T04:05:18.890-0800][2.332s] GC(2) Concurrent Preclean 0.114ms
[2021-11-20T04:05:18.890-0800][2.332s] GC(2) Concurrent Mark (2.329s, 2.332s) 2.430ms
[2021-11-20T04:05:18.890-0800][2.332s] GC(2) Pause Remark
[2021-11-20T04:05:18.892-0800][2.333s] GC(2) Cleaned string and symbol table, strings: 9725 processed, 0 removed, symbols: 67477 processed, 22 removed
[2021-11-20T04:05:18.892-0800][2.333s] GC(2) Pause Remark 16M->16M(512M) 1.640ms
[2021-11-20T04:05:18.892-0800][2.334s] GC(2) User=0.00s Sys=0.00s Real=0.00s
[2021-11-20T04:05:18.892-0800][2.334s] GC(2) Concurrent Rebuild Remembered Sets
[2021-11-20T04:05:18.893-0800][2.335s] GC(2) Concurrent Rebuild Remembered Sets 1.379ms
[2021-11-20T04:05:18.894-0800][2.335s] GC(2) Pause Cleanup
[2021-11-20T04:05:18.894-0800][2.335s] GC(2) Pause Cleanup 16M->16M(512M) 0.095ms
[2021-11-20T04:05:18.894-0800][2.335s] GC(2) User=0.00s Sys=0.00s Real=0.00s
[2021-11-20T04:05:18.894-0800][2.335s] GC(2) Concurrent Cleanup for Next Mark
[2021-11-20T04:05:18.894-0800][2.336s] GC(2) Concurrent Cleanup for Next Mark 0.460ms
[2021-11-20T04:05:18.894-0800][2.336s] GC(2) Concurrent Cycle 12.005ms
[2021-11-20T04:05:19.463-0800][2.905s] GC(3) Pause Young (Normal) (G1 Evacuation Pause)
[2021-11-20T04:05:19.463-0800][2.905s] GC(3) Using 4 workers of 4 for evacuation
[2021-11-20T04:05:19.475-0800][2.916s] GC(3)   Pre Evacuate Collection Set: 0.0ms
[2021-11-20T04:05:19.475-0800][2.916s] GC(3)   Evacuate Collection Set: 10.8ms
[2021-11-20T04:05:19.475-0800][2.916s] GC(3)   Post Evacuate Collection Set: 0.4ms
[2021-11-20T04:05:19.475-0800][2.916s] GC(3)   Other: 0.1ms
[2021-11-20T04:05:19.475-0800][2.916s] GC(3) Eden regions: 35->0(45)
[2021-11-20T04:05:19.475-0800][2.916s] GC(3) Survivor regions: 12->6(6)
[2021-11-20T04:05:19.475-0800][2.916s] GC(3) Old regions: 0->13
[2021-11-20T04:05:19.475-0800][2.916s] GC(3) Humongous regions: 4->4
[2021-11-20T04:05:19.475-0800][2.916s] GC(3) Metaspace: 24650K->24650K(1071104K)
[2021-11-20T04:05:19.475-0800][2.916s] GC(3) Pause Young (Normal) (G1 Evacuation Pause) 51M->22M(512M) 11.545ms
[2021-11-20T04:05:19.475-0800][2.916s] GC(3) User=0.06s Sys=0.00s Real=0.01s
[2021-11-20T04:05:20.018-0800][3.459s] GC(4) Pause Young (Normal) (G1 Evacuation Pause)
[2021-11-20T04:05:20.018-0800][3.459s] GC(4) Using 4 workers of 4 for evacuation
[2021-11-20T04:05:20.022-0800][3.463s] GC(4)   Pre Evacuate Collection Set: 0.0ms
[2021-11-20T04:05:20.022-0800][3.463s] GC(4)   Evacuate Collection Set: 2.8ms
[2021-11-20T04:05:20.022-0800][3.463s] GC(4)   Post Evacuate Collection Set: 0.5ms
[2021-11-20T04:05:20.022-0800][3.463s] GC(4)   Other: 0.1ms
[2021-11-20T04:05:20.022-0800][3.463s] GC(4) Eden regions: 45->0(65)
[2021-11-20T04:05:20.022-0800][3.463s] GC(4) Survivor regions: 6->3(7)
[2021-11-20T04:05:20.022-0800][3.463s] GC(4) Old regions: 13->20
[2021-11-20T04:05:20.022-0800][3.463s] GC(4) Humongous regions: 4->4
[2021-11-20T04:05:20.022-0800][3.463s] GC(4) Metaspace: 30253K->30253K(1077248K)
[2021-11-20T04:05:20.022-0800][3.463s] GC(4) Pause Young (Normal) (G1 Evacuation Pause) 67M->25M(512M) 3.730ms
[2021-11-20T04:05:20.022-0800][3.463s] GC(4) User=0.00s Sys=0.00s Real=0.00s
[2021-11-20T04:05:20.536-0800][3.977s] GC(5) Pause Young (Concurrent Start) (Metadata GC Threshold)
[2021-11-20T04:05:20.536-0800][3.977s] GC(5) Using 4 workers of 4 for evacuation
[2021-11-20T04:05:20.538-0800][3.979s] GC(5)   Pre Evacuate Collection Set: 0.0ms
[2021-11-20T04:05:20.538-0800][3.979s] GC(5)   Evacuate Collection Set: 1.9ms
[2021-11-20T04:05:20.538-0800][3.979s] GC(5)   Post Evacuate Collection Set: 0.2ms
[2021-11-20T04:05:20.538-0800][3.979s] GC(5)   Other: 0.1ms
[2021-11-20T04:05:20.538-0800][3.979s] GC(5) Eden regions: 37->0(74)
[2021-11-20T04:05:20.538-0800][3.980s] GC(5) Survivor regions: 3->3(9)
[2021-11-20T04:05:20.538-0800][3.980s] GC(5) Old regions: 20->20
[2021-11-20T04:05:20.538-0800][3.980s] GC(5) Humongous regions: 4->4
[2021-11-20T04:05:20.538-0800][3.980s] GC(5) Metaspace: 34750K->34750K(1081344K)
[2021-11-20T04:05:20.538-0800][3.980s] GC(5) Pause Young (Concurrent Start) (Metadata GC Threshold) 62M->26M(512M) 2.461ms
[2021-11-20T04:05:20.538-0800][3.980s] GC(5) User=0.00s Sys=0.00s Real=0.00s
[2021-11-20T04:05:20.538-0800][3.980s] GC(6) Concurrent Cycle
[2021-11-20T04:05:20.539-0800][3.980s] GC(6) Concurrent Clear Claimed Marks
[2021-11-20T04:05:20.539-0800][3.980s] GC(6) Concurrent Clear Claimed Marks 0.032ms
[2021-11-20T04:05:20.539-0800][3.980s] GC(6) Concurrent Scan Root Regions
[2021-11-20T04:05:20.540-0800][3.981s] GC(6) Concurrent Scan Root Regions 1.612ms
[2021-11-20T04:05:20.540-0800][3.981s] GC(6) Concurrent Mark (3.981s)
[2021-11-20T04:05:20.540-0800][3.981s] GC(6) Concurrent Mark From Roots
[2021-11-20T04:05:20.540-0800][3.981s] GC(6) Using 1 workers of 1 for marking
[2021-11-20T04:05:20.565-0800][4.007s] GC(6) Concurrent Mark From Roots 25.355ms
[2021-11-20T04:05:20.565-0800][4.007s] GC(6) Concurrent Preclean
[2021-11-20T04:05:20.565-0800][4.007s] GC(6) Concurrent Preclean 0.185ms
[2021-11-20T04:05:20.565-0800][4.007s] GC(6) Concurrent Mark (3.981s, 4.007s) 25.634ms
[2021-11-20T04:05:20.566-0800][4.007s] GC(6) Pause Remark
[2021-11-20T04:05:20.568-0800][4.009s] GC(6) Cleaned string and symbol table, strings: 15864 processed, 26 removed, symbols: 114211 processed, 25 removed
[2021-11-20T04:05:20.568-0800][4.010s] GC(6) Pause Remark 27M->27M(512M) 2.359ms
[2021-11-20T04:05:20.568-0800][4.010s] GC(6) User=0.00s Sys=0.00s Real=0.00s
[2021-11-20T04:05:20.568-0800][4.010s] GC(6) Concurrent Rebuild Remembered Sets
[2021-11-20T04:05:20.583-0800][4.025s] GC(6) Concurrent Rebuild Remembered Sets 15.026ms
[2021-11-20T04:05:20.583-0800][4.025s] GC(6) Pause Cleanup
[2021-11-20T04:05:20.583-0800][4.025s] GC(6) Pause Cleanup 28M->28M(512M) 0.093ms
[2021-11-20T04:05:20.583-0800][4.025s] GC(6) User=0.00s Sys=0.00s Real=0.00s
[2021-11-20T04:05:20.583-0800][4.025s] GC(6) Concurrent Cleanup for Next Mark
[2021-11-20T04:05:20.584-0800][4.026s] GC(6) Concurrent Cleanup for Next Mark 0.494ms
[2021-11-20T04:05:20.584-0800][4.026s] GC(6) Concurrent Cycle 45.914ms
[2021-11-20T04:05:30.293-0800][13.734s] GC(7) Pause Young (Concurrent Start) (G1 Evacuation Pause)
[2021-11-20T04:05:30.293-0800][13.734s] GC(7) Using 4 workers of 4 for evacuation
[2021-11-20T04:05:30.299-0800][13.740s] GC(7)   Pre Evacuate Collection Set: 0.0ms
[2021-11-20T04:05:30.299-0800][13.740s] GC(7)   Evacuate Collection Set: 4.7ms
[2021-11-20T04:05:30.299-0800][13.740s] GC(7)   Post Evacuate Collection Set: 0.4ms
[2021-11-20T04:05:30.299-0800][13.740s] GC(7)   Other: 0.2ms
[2021-11-20T04:05:30.299-0800][13.740s] GC(7) Eden regions: 74->0(106)
[2021-11-20T04:05:30.299-0800][13.740s] GC(7) Survivor regions: 3->10(10)
[2021-11-20T04:05:30.299-0800][13.740s] GC(7) Old regions: 20->20
[2021-11-20T04:05:30.299-0800][13.740s] GC(7) Humongous regions: 7->5
[2021-11-20T04:05:30.299-0800][13.740s] GC(7) Metaspace: 42147K->42147K(1087488K)
[2021-11-20T04:05:30.299-0800][13.740s] GC(7) Pause Young (Concurrent Start) (G1 Evacuation Pause) 103M->33M(512M) 5.531ms
[2021-11-20T04:05:30.299-0800][13.740s] GC(7) User=0.05s Sys=0.02s Real=0.01s
[2021-11-20T04:05:30.299-0800][13.740s] GC(8) Concurrent Cycle
[2021-11-20T04:05:30.299-0800][13.740s] GC(8) Concurrent Clear Claimed Marks
[2021-11-20T04:05:30.299-0800][13.740s] GC(8) Concurrent Clear Claimed Marks 0.056ms
[2021-11-20T04:05:30.299-0800][13.740s] GC(8) Concurrent Scan Root Regions
[2021-11-20T04:05:30.303-0800][13.744s] GC(8) Concurrent Scan Root Regions 3.629ms
[2021-11-20T04:05:30.303-0800][13.744s] GC(8) Concurrent Mark (13.744s)
[2021-11-20T04:05:30.303-0800][13.744s] GC(8) Concurrent Mark From Roots
[2021-11-20T04:05:30.303-0800][13.744s] GC(8) Using 1 workers of 1 for marking
[2021-11-20T04:05:30.331-0800][13.772s] GC(8) Concurrent Mark From Roots 27.764ms
[2021-11-20T04:05:30.331-0800][13.772s] GC(8) Concurrent Preclean
[2021-11-20T04:05:30.331-0800][13.772s] GC(8) Concurrent Preclean 0.159ms
[2021-11-20T04:05:30.331-0800][13.772s] GC(8) Concurrent Mark (13.744s, 13.772s) 28.015ms
[2021-11-20T04:05:30.334-0800][13.775s] GC(8) Pause Remark
[2021-11-20T04:05:30.337-0800][13.778s] GC(8) Cleaned string and symbol table, strings: 18587 processed, 1 removed, symbols: 135858 processed, 24 removed
[2021-11-20T04:05:30.337-0800][13.778s] GC(8) Pause Remark 38M->38M(512M) 2.790ms
[2021-11-20T04:05:30.337-0800][13.778s] GC(8) User=0.00s Sys=0.00s Real=0.00s
[2021-11-20T04:05:30.337-0800][13.778s] GC(8) Concurrent Rebuild Remembered Sets
[2021-11-20T04:05:30.349-0800][13.790s] GC(8) Concurrent Rebuild Remembered Sets 11.934ms
[2021-11-20T04:05:30.349-0800][13.790s] GC(8) Pause Cleanup
[2021-11-20T04:05:30.349-0800][13.790s] GC(8) Pause Cleanup 40M->40M(512M) 0.096ms
[2021-11-20T04:05:30.349-0800][13.790s] GC(8) User=0.00s Sys=0.00s Real=0.00s
[2021-11-20T04:05:30.349-0800][13.790s] GC(8) Concurrent Cleanup for Next Mark
[2021-11-20T04:05:30.350-0800][13.791s] GC(8) Concurrent Cleanup for Next Mark 0.545ms
[2021-11-20T04:05:30.350-0800][13.791s] GC(8) Concurrent Cycle 50.692ms
[2021-11-20T04:05:31.083-0800][14.524s] GC(9) Pause Young (Normal) (G1 Evacuation Pause)
[2021-11-20T04:05:31.083-0800][14.524s] GC(9) Using 4 workers of 4 for evacuation
[2021-11-20T04:05:31.089-0800][14.531s] GC(9)   Pre Evacuate Collection Set: 0.0ms
[2021-11-20T04:05:31.089-0800][14.531s] GC(9)   Evacuate Collection Set: 5.7ms
[2021-11-20T04:05:31.089-0800][14.531s] GC(9)   Post Evacuate Collection Set: 0.3ms
[2021-11-20T04:05:31.089-0800][14.531s] GC(9)   Other: 0.2ms
[2021-11-20T04:05:31.089-0800][14.531s] GC(9) Eden regions: 110->0(224)
[2021-11-20T04:05:31.089-0800][14.531s] GC(9) Survivor regions: 10->13(15)
[2021-11-20T04:05:31.089-0800][14.531s] GC(9) Old regions: 20->21
[2021-11-20T04:05:31.089-0800][14.531s] GC(9) Humongous regions: 6->5
[2021-11-20T04:05:31.089-0800][14.531s] GC(9) Metaspace: 49040K->49040K(1093632K)
[2021-11-20T04:05:31.089-0800][14.531s] GC(9) Pause Young (Normal) (G1 Evacuation Pause) 144M->38M(512M) 6.427ms
[2021-11-20T04:05:31.089-0800][14.531s] GC(9) User=0.00s Sys=0.00s Real=0.01s
[2021-11-20T04:05:44.280-0800][27.721s] GC(10) Pause Young (Normal) (G1 Evacuation Pause)
[2021-11-20T04:05:44.280-0800][27.721s] GC(10) Using 4 workers of 4 for evacuation
[2021-11-20T04:05:44.293-0800][27.734s] GC(10)   Pre Evacuate Collection Set: 0.0ms
[2021-11-20T04:05:44.293-0800][27.734s] GC(10)   Evacuate Collection Set: 11.0ms
[2021-11-20T04:05:44.293-0800][27.734s] GC(10)   Post Evacuate Collection Set: 1.6ms
[2021-11-20T04:05:44.293-0800][27.734s] GC(10)   Other: 0.2ms
[2021-11-20T04:05:44.293-0800][27.734s] GC(10) Eden regions: 224->0(274)
[2021-11-20T04:05:44.293-0800][27.734s] GC(10) Survivor regions: 13->23(30)
[2021-11-20T04:05:44.293-0800][27.734s] GC(10) Old regions: 21->21
[2021-11-20T04:05:44.293-0800][27.734s] GC(10) Humongous regions: 10->8
[2021-11-20T04:05:44.293-0800][27.734s] GC(10) Metaspace: 57626K->57626K(1101824K)
[2021-11-20T04:05:44.293-0800][27.734s] GC(10) Pause Young (Normal) (G1 Evacuation Pause) 267M->51M(512M) 13.023ms
[2021-11-20T04:05:44.293-0800][27.734s] GC(10) User=0.00s Sys=0.00s Real=0.01s
[2021-11-20T04:21:11.469-0800][954.910s] Heap
[2021-11-20T04:21:11.469-0800][954.910s]  garbage-first heap   total 524288K, used 147859K [0x00000000e0000000, 0x0000000100000000)
[2021-11-20T04:21:11.469-0800][954.910s]   region size 1024K, 118 young (120832K), 23 survivors (23552K)
[2021-11-20T04:21:11.469-0800][954.910s]  Metaspace       used 60169K, capacity 61645K, committed 61768K, reserved 1103872K
[2021-11-20T04:21:11.469-0800][954.910s]   class space    used 6835K, capacity 7395K, committed 7424K, reserved 1048576K
