[2021-11-21T21:34:07.190-0800][0.032s] Heap region size: 1M
[2021-11-21T21:34:07.466-0800][0.308s] Using G1
[2021-11-21T21:34:07.466-0800][0.308s] Heap address: 0x00000000e0000000, size: 512 MB, Compressed Oops mode: 32-bit
[2021-11-21T21:34:09.061-0800][1.903s] GC(0) Pause Young (Normal) (G1 Evacuation Pause)
[2021-11-21T21:34:09.061-0800][1.903s] GC(0) Using 4 workers of 4 for evacuation
[2021-11-21T21:34:09.064-0800][1.906s] GC(0)   Pre Evacuate Collection Set: 0.0ms
[2021-11-21T21:34:09.064-0800][1.906s] GC(0)   Evacuate Collection Set: 2.6ms
[2021-11-21T21:34:09.064-0800][1.906s] GC(0)   Post Evacuate Collection Set: 0.3ms
[2021-11-21T21:34:09.064-0800][1.906s] GC(0)   Other: 0.3ms
[2021-11-21T21:34:09.064-0800][1.906s] GC(0) Eden regions: 25->0(303)
[2021-11-21T21:34:09.065-0800][1.906s] GC(0) Survivor regions: 0->4(4)
[2021-11-21T21:34:09.065-0800][1.907s] GC(0) Old regions: 0->0
[2021-11-21T21:34:09.065-0800][1.907s] GC(0) Humongous regions: 0->0
[2021-11-21T21:34:09.065-0800][1.907s] GC(0) Metaspace: 12282K->12282K(1060864K)
[2021-11-21T21:34:09.065-0800][1.907s] GC(0) Pause Young (Normal) (G1 Evacuation Pause) 25M->3M(512M) 3.940ms
[2021-11-21T21:34:09.065-0800][1.907s] GC(0) User=0.00s Sys=0.00s Real=0.00s
[2021-11-21T21:34:09.736-0800][2.578s] GC(1) Pause Young (Concurrent Start) (Metadata GC Threshold)
[2021-11-21T21:34:09.736-0800][2.578s] GC(1) Using 4 workers of 4 for evacuation
[2021-11-21T21:34:09.752-0800][2.593s] GC(1)   Pre Evacuate Collection Set: 0.0ms
[2021-11-21T21:34:09.752-0800][2.593s] GC(1)   Evacuate Collection Set: 14.6ms
[2021-11-21T21:34:09.752-0800][2.593s] GC(1)   Post Evacuate Collection Set: 0.5ms
[2021-11-21T21:34:09.752-0800][2.593s] GC(1)   Other: 0.2ms
[2021-11-21T21:34:09.752-0800][2.593s] GC(1) Eden regions: 30->0(48)
[2021-11-21T21:34:09.752-0800][2.593s] GC(1) Survivor regions: 4->12(21)
[2021-11-21T21:34:09.752-0800][2.593s] GC(1) Old regions: 0->0
[2021-11-21T21:34:09.752-0800][2.593s] GC(1) Humongous regions: 4->4
[2021-11-21T21:34:09.752-0800][2.593s] GC(1) Metaspace: 20706K->20706K(1069056K)
[2021-11-21T21:34:09.752-0800][2.593s] GC(1) Pause Young (Concurrent Start) (Metadata GC Threshold) 37M->16M(512M) 15.528ms
[2021-11-21T21:34:09.752-0800][2.593s] GC(1) User=0.03s Sys=0.00s Real=0.02s
[2021-11-21T21:34:09.752-0800][2.594s] GC(2) Concurrent Cycle
[2021-11-21T21:34:09.752-0800][2.594s] GC(2) Concurrent Clear Claimed Marks
[2021-11-21T21:34:09.752-0800][2.594s] GC(2) Concurrent Clear Claimed Marks 0.034ms
[2021-11-21T21:34:09.752-0800][2.594s] GC(2) Concurrent Scan Root Regions
[2021-11-21T21:34:09.757-0800][2.599s] GC(2) Concurrent Scan Root Regions 5.401ms
[2021-11-21T21:34:09.757-0800][2.599s] GC(2) Concurrent Mark (2.599s)
[2021-11-21T21:34:09.757-0800][2.599s] GC(2) Concurrent Mark From Roots
[2021-11-21T21:34:09.757-0800][2.599s] GC(2) Using 1 workers of 1 for marking
[2021-11-21T21:34:09.760-0800][2.601s] GC(2) Concurrent Mark From Roots 2.257ms
[2021-11-21T21:34:09.760-0800][2.601s] GC(2) Concurrent Preclean
[2021-11-21T21:34:09.760-0800][2.602s] GC(2) Concurrent Preclean 0.115ms
[2021-11-21T21:34:09.760-0800][2.602s] GC(2) Concurrent Mark (2.599s, 2.602s) 2.456ms
[2021-11-21T21:34:09.760-0800][2.602s] GC(2) Pause Remark
[2021-11-21T21:34:09.761-0800][2.603s] GC(2) Cleaned string and symbol table, strings: 9727 processed, 0 removed, symbols: 67337 processed, 22 removed
[2021-11-21T21:34:09.761-0800][2.603s] GC(2) Pause Remark 16M->16M(512M) 1.380ms
[2021-11-21T21:34:09.761-0800][2.603s] GC(2) User=0.00s Sys=0.00s Real=0.00s
[2021-11-21T21:34:09.766-0800][2.608s] GC(2) Concurrent Rebuild Remembered Sets
[2021-11-21T21:34:09.768-0800][2.610s] GC(2) Concurrent Rebuild Remembered Sets 2.000ms
[2021-11-21T21:34:09.769-0800][2.610s] GC(2) Pause Cleanup
[2021-11-21T21:34:09.769-0800][2.610s] GC(2) Pause Cleanup 17M->17M(512M) 0.095ms
[2021-11-21T21:34:09.769-0800][2.610s] GC(2) User=0.00s Sys=0.00s Real=0.00s
[2021-11-21T21:34:09.769-0800][2.610s] GC(2) Concurrent Cleanup for Next Mark
[2021-11-21T21:34:09.770-0800][2.611s] GC(2) Concurrent Cleanup for Next Mark 0.895ms
[2021-11-21T21:34:09.770-0800][2.611s] GC(2) Concurrent Cycle 17.951ms
[2021-11-21T21:34:10.605-0800][3.447s] GC(3) Pause Young (Normal) (G1 Evacuation Pause)
[2021-11-21T21:34:10.605-0800][3.447s] GC(3) Using 4 workers of 4 for evacuation
[2021-11-21T21:34:10.615-0800][3.457s] GC(3)   Pre Evacuate Collection Set: 0.0ms
[2021-11-21T21:34:10.615-0800][3.457s] GC(3)   Evacuate Collection Set: 9.7ms
[2021-11-21T21:34:10.615-0800][3.457s] GC(3)   Post Evacuate Collection Set: 0.4ms
[2021-11-21T21:34:10.615-0800][3.457s] GC(3)   Other: 0.2ms
[2021-11-21T21:34:10.615-0800][3.457s] GC(3) Eden regions: 36->0(47)
[2021-11-21T21:34:10.615-0800][3.457s] GC(3) Survivor regions: 12->6(6)
[2021-11-21T21:34:10.615-0800][3.457s] GC(3) Old regions: 0->13
[2021-11-21T21:34:10.615-0800][3.457s] GC(3) Humongous regions: 4->4
[2021-11-21T21:34:10.615-0800][3.457s] GC(3) Metaspace: 24639K->24639K(1071104K)
[2021-11-21T21:34:10.615-0800][3.457s] GC(3) Pause Young (Normal) (G1 Evacuation Pause) 51M->22M(512M) 10.463ms
[2021-11-21T21:34:10.615-0800][3.457s] GC(3) User=0.06s Sys=0.00s Real=0.01s
[2021-11-21T21:34:11.310-0800][4.151s] GC(4) Pause Young (Normal) (G1 Evacuation Pause)
[2021-11-21T21:34:11.310-0800][4.151s] GC(4) Using 4 workers of 4 for evacuation
[2021-11-21T21:34:11.313-0800][4.155s] GC(4)   Pre Evacuate Collection Set: 0.0ms
[2021-11-21T21:34:11.313-0800][4.155s] GC(4)   Evacuate Collection Set: 2.9ms
[2021-11-21T21:34:11.313-0800][4.155s] GC(4)   Post Evacuate Collection Set: 0.5ms
[2021-11-21T21:34:11.313-0800][4.155s] GC(4)   Other: 0.1ms
[2021-11-21T21:34:11.313-0800][4.155s] GC(4) Eden regions: 47->0(68)
[2021-11-21T21:34:11.313-0800][4.155s] GC(4) Survivor regions: 6->3(7)
[2021-11-21T21:34:11.313-0800][4.155s] GC(4) Old regions: 13->20
[2021-11-21T21:34:11.313-0800][4.155s] GC(4) Humongous regions: 4->4
[2021-11-21T21:34:11.313-0800][4.155s] GC(4) Metaspace: 30599K->30599K(1077248K)
[2021-11-21T21:34:11.313-0800][4.155s] GC(4) Pause Young (Normal) (G1 Evacuation Pause) 69M->25M(512M) 3.732ms
[2021-11-21T21:34:11.313-0800][4.155s] GC(4) User=0.00s Sys=0.00s Real=0.00s
[2021-11-21T21:34:11.995-0800][4.837s] GC(5) Pause Young (Concurrent Start) (Metadata GC Threshold)
[2021-11-21T21:34:11.995-0800][4.837s] GC(5) Using 4 workers of 4 for evacuation
[2021-11-21T21:34:11.998-0800][4.840s] GC(5)   Pre Evacuate Collection Set: 0.0ms
[2021-11-21T21:34:11.998-0800][4.840s] GC(5)   Evacuate Collection Set: 2.7ms
[2021-11-21T21:34:11.998-0800][4.840s] GC(5)   Post Evacuate Collection Set: 0.2ms
[2021-11-21T21:34:11.998-0800][4.840s] GC(5)   Other: 0.2ms
[2021-11-21T21:34:11.998-0800][4.840s] GC(5) Eden regions: 36->0(81)
[2021-11-21T21:34:11.998-0800][4.840s] GC(5) Survivor regions: 3->3(9)
[2021-11-21T21:34:11.998-0800][4.840s] GC(5) Old regions: 20->20
[2021-11-21T21:34:11.998-0800][4.840s] GC(5) Humongous regions: 4->4
[2021-11-21T21:34:11.998-0800][4.840s] GC(5) Metaspace: 34726K->34726K(1081344K)
[2021-11-21T21:34:11.998-0800][4.840s] GC(5) Pause Young (Concurrent Start) (Metadata GC Threshold) 61M->26M(512M) 3.278ms
[2021-11-21T21:34:11.998-0800][4.840s] GC(5) User=0.00s Sys=0.00s Real=0.00s
[2021-11-21T21:34:11.998-0800][4.840s] GC(6) Concurrent Cycle
[2021-11-21T21:34:11.998-0800][4.840s] GC(6) Concurrent Clear Claimed Marks
[2021-11-21T21:34:11.998-0800][4.840s] GC(6) Concurrent Clear Claimed Marks 0.042ms
[2021-11-21T21:34:11.998-0800][4.840s] GC(6) Concurrent Scan Root Regions
[2021-11-21T21:34:12.000-0800][4.842s] GC(6) Concurrent Scan Root Regions 1.690ms
[2021-11-21T21:34:12.000-0800][4.842s] GC(6) Concurrent Mark (4.842s)
[2021-11-21T21:34:12.000-0800][4.842s] GC(6) Concurrent Mark From Roots
[2021-11-21T21:34:12.000-0800][4.842s] GC(6) Using 1 workers of 1 for marking
[2021-11-21T21:34:12.026-0800][4.868s] GC(6) Concurrent Mark From Roots 25.941ms
[2021-11-21T21:34:12.026-0800][4.868s] GC(6) Concurrent Preclean
[2021-11-21T21:34:12.026-0800][4.868s] GC(6) Concurrent Preclean 0.195ms
[2021-11-21T21:34:12.026-0800][4.868s] GC(6) Concurrent Mark (4.842s, 4.868s) 26.234ms
[2021-11-21T21:34:12.028-0800][4.870s] GC(6) Pause Remark
[2021-11-21T21:34:12.031-0800][4.873s] GC(6) Cleaned string and symbol table, strings: 15919 processed, 27 removed, symbols: 112844 processed, 25 removed
[2021-11-21T21:34:12.032-0800][4.873s] GC(6) Pause Remark 26M->26M(512M) 3.238ms
[2021-11-21T21:34:12.032-0800][4.873s] GC(6) User=0.00s Sys=0.00s Real=0.00s
[2021-11-21T21:34:12.032-0800][4.873s] GC(6) Concurrent Rebuild Remembered Sets
[2021-11-21T21:34:12.046-0800][4.888s] GC(6) Concurrent Rebuild Remembered Sets 14.825ms
[2021-11-21T21:34:12.047-0800][4.888s] GC(6) Pause Cleanup
[2021-11-21T21:34:12.047-0800][4.888s] GC(6) Pause Cleanup 26M->26M(512M) 0.110ms
[2021-11-21T21:34:12.047-0800][4.888s] GC(6) User=0.00s Sys=0.00s Real=0.00s
[2021-11-21T21:34:12.047-0800][4.888s] GC(6) Concurrent Cleanup for Next Mark
[2021-11-21T21:34:12.047-0800][4.889s] GC(6) Concurrent Cleanup for Next Mark 0.476ms
[2021-11-21T21:34:12.047-0800][4.889s] GC(6) Concurrent Cycle 48.979ms
[2021-11-21T21:34:21.984-0800][14.826s] GC(7) Pause Young (Normal) (G1 Evacuation Pause)
[2021-11-21T21:34:21.984-0800][14.826s] GC(7) Using 4 workers of 4 for evacuation
[2021-11-21T21:34:21.991-0800][14.833s] GC(7)   Pre Evacuate Collection Set: 0.0ms
[2021-11-21T21:34:21.991-0800][14.833s] GC(7)   Evacuate Collection Set: 6.4ms
[2021-11-21T21:34:21.991-0800][14.833s] GC(7)   Post Evacuate Collection Set: 0.4ms
[2021-11-21T21:34:21.991-0800][14.833s] GC(7)   Other: 0.2ms
[2021-11-21T21:34:21.991-0800][14.833s] GC(7) Eden regions: 81->0(117)
[2021-11-21T21:34:21.991-0800][14.833s] GC(7) Survivor regions: 3->11(11)
[2021-11-21T21:34:21.991-0800][14.833s] GC(7) Old regions: 20->20
[2021-11-21T21:34:21.991-0800][14.833s] GC(7) Humongous regions: 7->5
[2021-11-21T21:34:21.991-0800][14.833s] GC(7) Metaspace: 43049K->43049K(1087488K)
[2021-11-21T21:34:21.991-0800][14.833s] GC(7) Pause Young (Normal) (G1 Evacuation Pause) 110M->35M(512M) 7.211ms
[2021-11-21T21:34:21.991-0800][14.833s] GC(7) User=0.06s Sys=0.00s Real=0.01s
[2021-11-21T21:34:23.327-0800][16.169s] Heap
[2021-11-21T21:34:23.327-0800][16.169s]  garbage-first heap   total 524288K, used 110920K [0x00000000e0000000, 0x0000000100000000)
[2021-11-21T21:34:23.327-0800][16.169s]   region size 1024K, 86 young (88064K), 11 survivors (11264K)
[2021-11-21T21:34:23.327-0800][16.169s]  Metaspace       used 47872K, capacity 48846K, committed 49072K, reserved 1093632K
[2021-11-21T21:34:23.327-0800][16.169s]   class space    used 5439K, capacity 5836K, committed 5888K, reserved 1048576K
