[2021-11-20T04:21:24.587-0800][0.033s] Heap region size: 1M
[2021-11-20T04:21:24.868-0800][0.314s] Using G1
[2021-11-20T04:21:24.868-0800][0.314s] Heap address: 0x00000000e0000000, size: 512 MB, Compressed Oops mode: 32-bit
[2021-11-20T04:21:26.678-0800][2.124s] GC(0) Pause Young (Normal) (G1 Evacuation Pause)
[2021-11-20T04:21:26.678-0800][2.125s] GC(0) Using 4 workers of 4 for evacuation
[2021-11-20T04:21:26.691-0800][2.138s] GC(0)   Pre Evacuate Collection Set: 0.0ms
[2021-11-20T04:21:26.691-0800][2.138s] GC(0)   Evacuate Collection Set: 12.7ms
[2021-11-20T04:21:26.691-0800][2.138s] GC(0)   Post Evacuate Collection Set: 0.4ms
[2021-11-20T04:21:26.691-0800][2.138s] GC(0)   Other: 0.3ms
[2021-11-20T04:21:26.691-0800][2.138s] GC(0) Eden regions: 25->0(303)
[2021-11-20T04:21:26.692-0800][2.138s] GC(0) Survivor regions: 0->4(4)
[2021-11-20T04:21:26.692-0800][2.138s] GC(0) Old regions: 0->0
[2021-11-20T04:21:26.692-0800][2.138s] GC(0) Humongous regions: 0->0
[2021-11-20T04:21:26.692-0800][2.138s] GC(0) Metaspace: 12263K->12263K(1060864K)
[2021-11-20T04:21:26.692-0800][2.139s] GC(0) Pause Young (Normal) (G1 Evacuation Pause) 25M->3M(512M) 14.016ms
[2021-11-20T04:21:26.692-0800][2.139s] GC(0) User=0.05s Sys=0.00s Real=0.01s
[2021-11-20T04:21:27.357-0800][2.803s] GC(1) Pause Young (Concurrent Start) (Metadata GC Threshold)
[2021-11-20T04:21:27.357-0800][2.803s] GC(1) Using 4 workers of 4 for evacuation
[2021-11-20T04:21:27.365-0800][2.811s] GC(1)   Pre Evacuate Collection Set: 0.0ms
[2021-11-20T04:21:27.365-0800][2.811s] GC(1)   Evacuate Collection Set: 7.9ms
[2021-11-20T04:21:27.365-0800][2.811s] GC(1)   Post Evacuate Collection Set: 0.4ms
[2021-11-20T04:21:27.365-0800][2.811s] GC(1)   Other: 0.2ms
[2021-11-20T04:21:27.365-0800][2.811s] GC(1) Eden regions: 30->0(51)
[2021-11-20T04:21:27.365-0800][2.811s] GC(1) Survivor regions: 4->12(21)
[2021-11-20T04:21:27.365-0800][2.811s] GC(1) Old regions: 0->0
[2021-11-20T04:21:27.365-0800][2.811s] GC(1) Humongous regions: 4->4
[2021-11-20T04:21:27.365-0800][2.811s] GC(1) Metaspace: 20721K->20721K(1069056K)
[2021-11-20T04:21:27.365-0800][2.811s] GC(1) Pause Young (Concurrent Start) (Metadata GC Threshold) 37M->16M(512M) 8.681ms
[2021-11-20T04:21:27.365-0800][2.811s] GC(1) User=0.00s Sys=0.00s Real=0.01s
[2021-11-20T04:21:27.365-0800][2.811s] GC(2) Concurrent Cycle
[2021-11-20T04:21:27.365-0800][2.811s] GC(2) Concurrent Clear Claimed Marks
[2021-11-20T04:21:27.365-0800][2.811s] GC(2) Concurrent Clear Claimed Marks 0.035ms
[2021-11-20T04:21:27.365-0800][2.811s] GC(2) Concurrent Scan Root Regions
[2021-11-20T04:21:27.371-0800][2.817s] GC(2) Concurrent Scan Root Regions 5.367ms
[2021-11-20T04:21:27.371-0800][2.817s] GC(2) Concurrent Mark (2.817s)
[2021-11-20T04:21:27.371-0800][2.817s] GC(2) Concurrent Mark From Roots
[2021-11-20T04:21:27.371-0800][2.817s] GC(2) Using 1 workers of 1 for marking
[2021-11-20T04:21:27.373-0800][2.819s] GC(2) Concurrent Mark From Roots 2.281ms
[2021-11-20T04:21:27.373-0800][2.819s] GC(2) Concurrent Preclean
[2021-11-20T04:21:27.373-0800][2.819s] GC(2) Concurrent Preclean 0.104ms
[2021-11-20T04:21:27.373-0800][2.819s] GC(2) Concurrent Mark (2.817s, 2.819s) 2.471ms
[2021-11-20T04:21:27.373-0800][2.819s] GC(2) Pause Remark
[2021-11-20T04:21:27.375-0800][2.821s] GC(2) Cleaned string and symbol table, strings: 9714 processed, 0 removed, symbols: 67337 processed, 22 removed
[2021-11-20T04:21:27.375-0800][2.821s] GC(2) Pause Remark 17M->17M(512M) 1.614ms
[2021-11-20T04:21:27.375-0800][2.821s] GC(2) User=0.00s Sys=0.00s Real=0.00s
[2021-11-20T04:21:27.375-0800][2.821s] GC(2) Concurrent Rebuild Remembered Sets
[2021-11-20T04:21:27.376-0800][2.822s] GC(2) Concurrent Rebuild Remembered Sets 1.331ms
[2021-11-20T04:21:27.377-0800][2.823s] GC(2) Pause Cleanup
[2021-11-20T04:21:27.377-0800][2.823s] GC(2) Pause Cleanup 17M->17M(512M) 0.106ms
[2021-11-20T04:21:27.377-0800][2.823s] GC(2) User=0.00s Sys=0.00s Real=0.00s
[2021-11-20T04:21:27.377-0800][2.823s] GC(2) Concurrent Cleanup for Next Mark
[2021-11-20T04:21:27.377-0800][2.823s] GC(2) Concurrent Cleanup for Next Mark 0.652ms
[2021-11-20T04:21:27.378-0800][2.824s] GC(2) Concurrent Cycle 12.205ms
[2021-11-20T04:21:27.898-0800][3.344s] GC(3) Pause Young (Normal) (G1 Evacuation Pause)
[2021-11-20T04:21:27.898-0800][3.344s] GC(3) Using 4 workers of 4 for evacuation
[2021-11-20T04:21:27.909-0800][3.355s] GC(3)   Pre Evacuate Collection Set: 0.0ms
[2021-11-20T04:21:27.909-0800][3.355s] GC(3)   Evacuate Collection Set: 10.1ms
[2021-11-20T04:21:27.909-0800][3.355s] GC(3)   Post Evacuate Collection Set: 0.6ms
[2021-11-20T04:21:27.909-0800][3.355s] GC(3)   Other: 0.1ms
[2021-11-20T04:21:27.909-0800][3.355s] GC(3) Eden regions: 37->0(46)
[2021-11-20T04:21:27.909-0800][3.355s] GC(3) Survivor regions: 12->7(7)
[2021-11-20T04:21:27.909-0800][3.355s] GC(3) Old regions: 0->12
[2021-11-20T04:21:27.909-0800][3.355s] GC(3) Humongous regions: 4->4
[2021-11-20T04:21:27.909-0800][3.355s] GC(3) Metaspace: 24631K->24631K(1071104K)
[2021-11-20T04:21:27.909-0800][3.355s] GC(3) Pause Young (Normal) (G1 Evacuation Pause) 53M->22M(512M) 11.074ms
[2021-11-20T04:21:27.909-0800][3.355s] GC(3) User=0.06s Sys=0.00s Real=0.01s
[2021-11-20T04:21:28.437-0800][3.883s] GC(4) Pause Young (Normal) (G1 Evacuation Pause)
[2021-11-20T04:21:28.437-0800][3.883s] GC(4) Using 4 workers of 4 for evacuation
[2021-11-20T04:21:28.440-0800][3.886s] GC(4)   Pre Evacuate Collection Set: 0.0ms
[2021-11-20T04:21:28.440-0800][3.886s] GC(4)   Evacuate Collection Set: 2.7ms
[2021-11-20T04:21:28.440-0800][3.886s] GC(4)   Post Evacuate Collection Set: 0.5ms
[2021-11-20T04:21:28.440-0800][3.886s] GC(4)   Other: 0.3ms
[2021-11-20T04:21:28.440-0800][3.886s] GC(4) Eden regions: 46->0(69)
[2021-11-20T04:21:28.440-0800][3.886s] GC(4) Survivor regions: 7->2(7)
[2021-11-20T04:21:28.440-0800][3.886s] GC(4) Old regions: 12->19
[2021-11-20T04:21:28.440-0800][3.886s] GC(4) Humongous regions: 4->4
[2021-11-20T04:21:28.440-0800][3.886s] GC(4) Metaspace: 30647K->30647K(1077248K)
[2021-11-20T04:21:28.440-0800][3.886s] GC(4) Pause Young (Normal) (G1 Evacuation Pause) 68M->24M(512M) 3.659ms
[2021-11-20T04:21:28.440-0800][3.886s] GC(4) User=0.00s Sys=0.00s Real=0.00s
[2021-11-20T04:21:28.975-0800][4.422s] GC(5) Pause Young (Concurrent Start) (Metadata GC Threshold)
[2021-11-20T04:21:28.975-0800][4.422s] GC(5) Using 4 workers of 4 for evacuation
[2021-11-20T04:21:28.978-0800][4.425s] GC(5)   Pre Evacuate Collection Set: 0.0ms
[2021-11-20T04:21:28.978-0800][4.425s] GC(5)   Evacuate Collection Set: 2.4ms
[2021-11-20T04:21:28.978-0800][4.425s] GC(5)   Post Evacuate Collection Set: 0.2ms
[2021-11-20T04:21:28.978-0800][4.425s] GC(5)   Other: 0.2ms
[2021-11-20T04:21:28.978-0800][4.425s] GC(5) Eden regions: 44->0(82)
[2021-11-20T04:21:28.978-0800][4.425s] GC(5) Survivor regions: 2->3(9)
[2021-11-20T04:21:28.978-0800][4.425s] GC(5) Old regions: 19->19
[2021-11-20T04:21:28.978-0800][4.425s] GC(5) Humongous regions: 4->4
[2021-11-20T04:21:28.978-0800][4.425s] GC(5) Metaspace: 34737K->34737K(1081344K)
[2021-11-20T04:21:28.978-0800][4.425s] GC(5) Pause Young (Concurrent Start) (Metadata GC Threshold) 68M->25M(512M) 3.080ms
[2021-11-20T04:21:28.978-0800][4.425s] GC(5) User=0.00s Sys=0.00s Real=0.00s
[2021-11-20T04:21:28.978-0800][4.425s] GC(6) Concurrent Cycle
[2021-11-20T04:21:28.979-0800][4.425s] GC(6) Concurrent Clear Claimed Marks
[2021-11-20T04:21:28.979-0800][4.425s] GC(6) Concurrent Clear Claimed Marks 0.042ms
[2021-11-20T04:21:28.979-0800][4.425s] GC(6) Concurrent Scan Root Regions
[2021-11-20T04:21:28.980-0800][4.427s] GC(6) Concurrent Scan Root Regions 1.728ms
[2021-11-20T04:21:28.980-0800][4.427s] GC(6) Concurrent Mark (4.427s)
[2021-11-20T04:21:28.980-0800][4.427s] GC(6) Concurrent Mark From Roots
[2021-11-20T04:21:28.980-0800][4.427s] GC(6) Using 1 workers of 1 for marking
[2021-11-20T04:21:29.006-0800][4.453s] GC(6) Concurrent Mark From Roots 25.825ms
[2021-11-20T04:21:29.006-0800][4.453s] GC(6) Concurrent Preclean
[2021-11-20T04:21:29.007-0800][4.453s] GC(6) Concurrent Preclean 0.175ms
[2021-11-20T04:21:29.007-0800][4.453s] GC(6) Concurrent Mark (4.427s, 4.453s) 26.100ms
[2021-11-20T04:21:29.007-0800][4.453s] GC(6) Pause Remark
[2021-11-20T04:21:29.011-0800][4.458s] GC(6) Cleaned string and symbol table, strings: 16023 processed, 26 removed, symbols: 114646 processed, 25 removed
[2021-11-20T04:21:29.011-0800][4.458s] GC(6) Pause Remark 26M->26M(512M) 4.641ms
[2021-11-20T04:21:29.011-0800][4.458s] GC(6) User=0.00s Sys=0.00s Real=0.00s
[2021-11-20T04:21:29.011-0800][4.458s] GC(6) Concurrent Rebuild Remembered Sets
[2021-11-20T04:21:29.023-0800][4.470s] GC(6) Concurrent Rebuild Remembered Sets 11.627ms
[2021-11-20T04:21:29.023-0800][4.470s] GC(6) Pause Cleanup
[2021-11-20T04:21:29.023-0800][4.470s] GC(6) Pause Cleanup 27M->27M(512M) 0.086ms
[2021-11-20T04:21:29.023-0800][4.470s] GC(6) User=0.00s Sys=0.00s Real=0.00s
[2021-11-20T04:21:29.023-0800][4.470s] GC(6) Concurrent Cleanup for Next Mark
[2021-11-20T04:21:29.024-0800][4.471s] GC(6) Concurrent Cleanup for Next Mark 0.477ms
[2021-11-20T04:21:29.024-0800][4.471s] GC(6) Concurrent Cycle 45.421ms
[2021-11-20T04:21:38.714-0800][14.161s] GC(7) Pause Young (Concurrent Start) (G1 Evacuation Pause)
[2021-11-20T04:21:38.714-0800][14.161s] GC(7) Using 4 workers of 4 for evacuation
[2021-11-20T04:21:38.719-0800][14.166s] GC(7)   Pre Evacuate Collection Set: 0.0ms
[2021-11-20T04:21:38.719-0800][14.166s] GC(7)   Evacuate Collection Set: 4.7ms
[2021-11-20T04:21:38.719-0800][14.166s] GC(7)   Post Evacuate Collection Set: 0.4ms
[2021-11-20T04:21:38.719-0800][14.166s] GC(7)   Other: 0.2ms
[2021-11-20T04:21:38.720-0800][14.166s] GC(7) Eden regions: 82->0(127)
[2021-11-20T04:21:38.720-0800][14.166s] GC(7) Survivor regions: 3->11(11)
[2021-11-20T04:21:38.720-0800][14.166s] GC(7) Old regions: 19->19
[2021-11-20T04:21:38.720-0800][14.166s] GC(7) Humongous regions: 8->5
[2021-11-20T04:21:38.720-0800][14.166s] GC(7) Metaspace: 42681K->42681K(1087488K)
[2021-11-20T04:21:38.720-0800][14.166s] GC(7) Pause Young (Concurrent Start) (G1 Evacuation Pause) 111M->34M(512M) 5.508ms
[2021-11-20T04:21:38.720-0800][14.166s] GC(7) User=0.06s Sys=0.00s Real=0.01s
[2021-11-20T04:21:38.720-0800][14.166s] GC(8) Concurrent Cycle
[2021-11-20T04:21:38.720-0800][14.166s] GC(8) Concurrent Clear Claimed Marks
[2021-11-20T04:21:38.720-0800][14.166s] GC(8) Concurrent Clear Claimed Marks 0.053ms
[2021-11-20T04:21:38.720-0800][14.166s] GC(8) Concurrent Scan Root Regions
[2021-11-20T04:21:38.724-0800][14.170s] GC(8) Concurrent Scan Root Regions 3.815ms
[2021-11-20T04:21:38.724-0800][14.170s] GC(8) Concurrent Mark (14.170s)
[2021-11-20T04:21:38.724-0800][14.170s] GC(8) Concurrent Mark From Roots
[2021-11-20T04:21:38.724-0800][14.170s] GC(8) Using 1 workers of 1 for marking
[2021-11-20T04:21:38.749-0800][14.195s] GC(8) Concurrent Mark From Roots 25.015ms
[2021-11-20T04:21:38.749-0800][14.195s] GC(8) Concurrent Preclean
[2021-11-20T04:21:38.749-0800][14.196s] GC(8) Concurrent Preclean 0.162ms
[2021-11-20T04:21:38.749-0800][14.196s] GC(8) Concurrent Mark (14.170s, 14.196s) 25.265ms
[2021-11-20T04:21:38.749-0800][14.196s] GC(8) Pause Remark
[2021-11-20T04:21:38.752-0800][14.199s] GC(8) Cleaned string and symbol table, strings: 19171 processed, 1 removed, symbols: 138654 processed, 24 removed
[2021-11-20T04:21:38.752-0800][14.199s] GC(8) Pause Remark 40M->40M(512M) 2.988ms
[2021-11-20T04:21:38.752-0800][14.199s] GC(8) User=0.00s Sys=0.00s Real=0.00s
[2021-11-20T04:21:38.752-0800][14.199s] GC(8) Concurrent Rebuild Remembered Sets
[2021-11-20T04:21:38.764-0800][14.211s] GC(8) Concurrent Rebuild Remembered Sets 11.834ms
[2021-11-20T04:21:38.765-0800][14.212s] GC(8) Pause Cleanup
[2021-11-20T04:21:38.765-0800][14.212s] GC(8) Pause Cleanup 40M->40M(512M) 0.103ms
[2021-11-20T04:21:38.765-0800][14.212s] GC(8) User=0.00s Sys=0.00s Real=0.00s
[2021-11-20T04:21:38.765-0800][14.212s] GC(8) Concurrent Cleanup for Next Mark
[2021-11-20T04:21:38.766-0800][14.213s] GC(8) Concurrent Cleanup for Next Mark 0.502ms
[2021-11-20T04:21:38.766-0800][14.213s] GC(8) Concurrent Cycle 46.246ms
[2021-11-20T04:21:39.496-0800][14.942s] GC(9) Pause Young (Normal) (G1 Evacuation Pause)
[2021-11-20T04:21:39.496-0800][14.942s] GC(9) Using 4 workers of 4 for evacuation
[2021-11-20T04:21:39.504-0800][14.950s] GC(9)   Pre Evacuate Collection Set: 0.0ms
[2021-11-20T04:21:39.504-0800][14.950s] GC(9)   Evacuate Collection Set: 7.4ms
[2021-11-20T04:21:39.504-0800][14.950s] GC(9)   Post Evacuate Collection Set: 0.4ms
[2021-11-20T04:21:39.504-0800][14.950s] GC(9)   Other: 0.2ms
[2021-11-20T04:21:39.504-0800][14.950s] GC(9) Eden regions: 133->0(190)
[2021-11-20T04:21:39.504-0800][14.950s] GC(9) Survivor regions: 11->13(18)
[2021-11-20T04:21:39.504-0800][14.950s] GC(9) Old regions: 19->22
[2021-11-20T04:21:39.504-0800][14.950s] GC(9) Humongous regions: 5->5
[2021-11-20T04:21:39.504-0800][14.950s] GC(9) Metaspace: 50136K->50136K(1095680K)
[2021-11-20T04:21:39.504-0800][14.950s] GC(9) Pause Young (Normal) (G1 Evacuation Pause) 167M->38M(512M) 8.139ms
[2021-11-20T04:21:39.504-0800][14.950s] GC(9) User=0.06s Sys=0.00s Real=0.01s
[2021-11-20T04:21:58.222-0800][33.669s] GC(10) Pause Young (Normal) (G1 Evacuation Pause)
[2021-11-20T04:21:58.222-0800][33.669s] GC(10) Using 4 workers of 4 for evacuation
[2021-11-20T04:21:58.234-0800][33.680s] GC(10)   Pre Evacuate Collection Set: 0.0ms
[2021-11-20T04:21:58.234-0800][33.680s] GC(10)   Evacuate Collection Set: 10.9ms
[2021-11-20T04:21:58.234-0800][33.680s] GC(10)   Post Evacuate Collection Set: 0.5ms
[2021-11-20T04:21:58.234-0800][33.680s] GC(10)   Other: 0.2ms
[2021-11-20T04:21:58.234-0800][33.680s] GC(10) Eden regions: 190->0(284)
[2021-11-20T04:21:58.234-0800][33.680s] GC(10) Survivor regions: 13->23(26)
[2021-11-20T04:21:58.234-0800][33.680s] GC(10) Old regions: 22->22
[2021-11-20T04:21:58.234-0800][33.680s] GC(10) Humongous regions: 10->8
[2021-11-20T04:21:58.234-0800][33.680s] GC(10) Metaspace: 57379K->57379K(1101824K)
[2021-11-20T04:21:58.234-0800][33.680s] GC(10) Pause Young (Normal) (G1 Evacuation Pause) 233M->52M(512M) 11.825ms
[2021-11-20T04:21:58.234-0800][33.680s] GC(10) User=0.06s Sys=0.00s Real=0.01s
[2021-11-20T04:21:58.907-0800][34.353s] Heap
[2021-11-20T04:21:58.907-0800][34.353s]  garbage-first heap   total 524288K, used 74017K [0x00000000e0000000, 0x0000000100000000)
[2021-11-20T04:21:58.907-0800][34.353s]   region size 1024K, 44 young (45056K), 23 survivors (23552K)
[2021-11-20T04:21:58.907-0800][34.353s]  Metaspace       used 57846K, capacity 59138K, committed 59336K, reserved 1101824K
[2021-11-20T04:21:58.907-0800][34.353s]   class space    used 6677K, capacity 7214K, committed 7296K, reserved 1048576K
