[2021-11-20T03:17:10.376-0800][0.026s] Heap region size: 1M
[2021-11-20T03:17:10.645-0800][0.294s] Using G1
[2021-11-20T03:17:10.645-0800][0.295s] Heap address: 0x00000000e0000000, size: 512 MB, Compressed Oops mode: 32-bit
[2021-11-20T03:17:12.098-0800][1.748s] GC(0) Pause Young (Normal) (G1 Evacuation Pause)
[2021-11-20T03:17:12.098-0800][1.748s] GC(0) Using 4 workers of 4 for evacuation
[2021-11-20T03:17:12.102-0800][1.752s] GC(0)   Pre Evacuate Collection Set: 0.0ms
[2021-11-20T03:17:12.102-0800][1.752s] GC(0)   Evacuate Collection Set: 3.8ms
[2021-11-20T03:17:12.102-0800][1.752s] GC(0)   Post Evacuate Collection Set: 0.3ms
[2021-11-20T03:17:12.102-0800][1.753s] GC(0)   Other: 0.3ms
[2021-11-20T03:17:12.102-0800][1.753s] GC(0) Eden regions: 25->0(303)
[2021-11-20T03:17:12.102-0800][1.753s] GC(0) Survivor regions: 0->4(4)
[2021-11-20T03:17:12.102-0800][1.753s] GC(0) Old regions: 0->0
[2021-11-20T03:17:12.102-0800][1.753s] GC(0) Humongous regions: 0->0
[2021-11-20T03:17:12.103-0800][1.753s] GC(0) Metaspace: 12284K->12284K(1060864K)
[2021-11-20T03:17:12.103-0800][1.753s] GC(0) Pause Young (Normal) (G1 Evacuation Pause) 25M->3M(512M) 5.014ms
[2021-11-20T03:17:12.103-0800][1.753s] GC(0) User=0.00s Sys=0.00s Real=0.00s
[2021-11-20T03:17:12.736-0800][2.387s] GC(1) Pause Young (Concurrent Start) (Metadata GC Threshold)
[2021-11-20T03:17:12.737-0800][2.387s] GC(1) Using 4 workers of 4 for evacuation
[2021-11-20T03:17:12.746-0800][2.396s] GC(1)   Pre Evacuate Collection Set: 0.0ms
[2021-11-20T03:17:12.746-0800][2.396s] GC(1)   Evacuate Collection Set: 8.5ms
[2021-11-20T03:17:12.746-0800][2.396s] GC(1)   Post Evacuate Collection Set: 0.4ms
[2021-11-20T03:17:12.746-0800][2.396s] GC(1)   Other: 0.2ms
[2021-11-20T03:17:12.746-0800][2.396s] GC(1) Eden regions: 30->0(45)
[2021-11-20T03:17:12.746-0800][2.396s] GC(1) Survivor regions: 4->13(21)
[2021-11-20T03:17:12.746-0800][2.396s] GC(1) Old regions: 0->0
[2021-11-20T03:17:12.746-0800][2.396s] GC(1) Humongous regions: 4->4
[2021-11-20T03:17:12.746-0800][2.396s] GC(1) Metaspace: 20654K->20654K(1069056K)
[2021-11-20T03:17:12.746-0800][2.396s] GC(1) Pause Young (Concurrent Start) (Metadata GC Threshold) 37M->16M(512M) 9.244ms
[2021-11-20T03:17:12.746-0800][2.396s] GC(1) User=0.00s Sys=0.00s Real=0.01s
[2021-11-20T03:17:12.746-0800][2.396s] GC(2) Concurrent Cycle
[2021-11-20T03:17:12.746-0800][2.396s] GC(2) Concurrent Clear Claimed Marks
[2021-11-20T03:17:12.746-0800][2.396s] GC(2) Concurrent Clear Claimed Marks 0.036ms
[2021-11-20T03:17:12.746-0800][2.396s] GC(2) Concurrent Scan Root Regions
[2021-11-20T03:17:12.751-0800][2.402s] GC(2) Concurrent Scan Root Regions 5.342ms
[2021-11-20T03:17:12.751-0800][2.402s] GC(2) Concurrent Mark (2.402s)
[2021-11-20T03:17:12.751-0800][2.402s] GC(2) Concurrent Mark From Roots
[2021-11-20T03:17:12.751-0800][2.402s] GC(2) Using 1 workers of 1 for marking
[2021-11-20T03:17:12.754-0800][2.404s] GC(2) Concurrent Mark From Roots 2.204ms
[2021-11-20T03:17:12.754-0800][2.404s] GC(2) Concurrent Preclean
[2021-11-20T03:17:12.754-0800][2.404s] GC(2) Concurrent Preclean 0.104ms
[2021-11-20T03:17:12.754-0800][2.404s] GC(2) Concurrent Mark (2.402s, 2.404s) 2.387ms
[2021-11-20T03:17:12.754-0800][2.404s] GC(2) Pause Remark
[2021-11-20T03:17:12.755-0800][2.405s] GC(2) Cleaned string and symbol table, strings: 9703 processed, 0 removed, symbols: 67361 processed, 22 removed
[2021-11-20T03:17:12.755-0800][2.406s] GC(2) Pause Remark 16M->16M(512M) 1.542ms
[2021-11-20T03:17:12.755-0800][2.406s] GC(2) User=0.00s Sys=0.00s Real=0.00s
[2021-11-20T03:17:12.755-0800][2.406s] GC(2) Concurrent Rebuild Remembered Sets
[2021-11-20T03:17:12.757-0800][2.407s] GC(2) Concurrent Rebuild Remembered Sets 1.321ms
[2021-11-20T03:17:12.757-0800][2.407s] GC(2) Pause Cleanup
[2021-11-20T03:17:12.757-0800][2.407s] GC(2) Pause Cleanup 16M->16M(512M) 0.087ms
[2021-11-20T03:17:12.757-0800][2.407s] GC(2) User=0.00s Sys=0.00s Real=0.00s
[2021-11-20T03:17:12.757-0800][2.407s] GC(2) Concurrent Cleanup for Next Mark
[2021-11-20T03:17:12.757-0800][2.408s] GC(2) Concurrent Cleanup for Next Mark 0.433ms
[2021-11-20T03:17:12.758-0800][2.408s] GC(2) Concurrent Cycle 11.701ms
[2021-11-20T03:17:13.259-0800][2.910s] GC(3) Pause Young (Normal) (G1 Evacuation Pause)
[2021-11-20T03:17:13.259-0800][2.910s] GC(3) Using 4 workers of 4 for evacuation
[2021-11-20T03:17:13.271-0800][2.921s] GC(3)   Pre Evacuate Collection Set: 0.0ms
[2021-11-20T03:17:13.271-0800][2.921s] GC(3)   Evacuate Collection Set: 10.7ms
[2021-11-20T03:17:13.271-0800][2.922s] GC(3)   Post Evacuate Collection Set: 0.5ms
[2021-11-20T03:17:13.271-0800][2.922s] GC(3)   Other: 0.1ms
[2021-11-20T03:17:13.271-0800][2.922s] GC(3) Eden regions: 36->0(225)
[2021-11-20T03:17:13.271-0800][2.922s] GC(3) Survivor regions: 13->7(7)
[2021-11-20T03:17:13.271-0800][2.922s] GC(3) Old regions: 0->12
[2021-11-20T03:17:13.271-0800][2.922s] GC(3) Humongous regions: 4->4
[2021-11-20T03:17:13.271-0800][2.922s] GC(3) Metaspace: 24533K->24533K(1071104K)
[2021-11-20T03:17:13.271-0800][2.922s] GC(3) Pause Young (Normal) (G1 Evacuation Pause) 52M->22M(512M) 11.615ms
[2021-11-20T03:17:13.271-0800][2.922s] GC(3) User=0.06s Sys=0.00s Real=0.01s
[2021-11-20T03:17:14.246-0800][3.896s] GC(4) Pause Young (Concurrent Start) (Metadata GC Threshold)
[2021-11-20T03:17:14.246-0800][3.896s] GC(4) Using 4 workers of 4 for evacuation
[2021-11-20T03:17:14.252-0800][3.902s] GC(4)   Pre Evacuate Collection Set: 0.0ms
[2021-11-20T03:17:14.252-0800][3.902s] GC(4)   Evacuate Collection Set: 4.8ms
[2021-11-20T03:17:14.252-0800][3.902s] GC(4)   Post Evacuate Collection Set: 0.5ms
[2021-11-20T03:17:14.252-0800][3.902s] GC(4)   Other: 0.2ms
[2021-11-20T03:17:14.252-0800][3.902s] GC(4) Eden regions: 84->0(94)
[2021-11-20T03:17:14.252-0800][3.902s] GC(4) Survivor regions: 7->10(29)
[2021-11-20T03:17:14.252-0800][3.902s] GC(4) Old regions: 12->12
[2021-11-20T03:17:14.252-0800][3.902s] GC(4) Humongous regions: 4->4
[2021-11-20T03:17:14.252-0800][3.902s] GC(4) Metaspace: 35118K->35118K(1081344K)
[2021-11-20T03:17:14.252-0800][3.902s] GC(4) Pause Young (Concurrent Start) (Metadata GC Threshold) 106M->25M(512M) 5.644ms
[2021-11-20T03:17:14.252-0800][3.902s] GC(4) User=0.03s Sys=0.00s Real=0.01s
[2021-11-20T03:17:14.252-0800][3.902s] GC(5) Concurrent Cycle
[2021-11-20T03:17:14.252-0800][3.902s] GC(5) Concurrent Clear Claimed Marks
[2021-11-20T03:17:14.252-0800][3.902s] GC(5) Concurrent Clear Claimed Marks 0.050ms
[2021-11-20T03:17:14.252-0800][3.902s] GC(5) Concurrent Scan Root Regions
[2021-11-20T03:17:14.255-0800][3.905s] GC(5) Concurrent Scan Root Regions 2.727ms
[2021-11-20T03:17:14.255-0800][3.905s] GC(5) Concurrent Mark (3.905s)
[2021-11-20T03:17:14.255-0800][3.905s] GC(5) Concurrent Mark From Roots
[2021-11-20T03:17:14.255-0800][3.905s] GC(5) Using 1 workers of 1 for marking
[2021-11-20T03:17:14.287-0800][3.937s] GC(5) Concurrent Mark From Roots 31.995ms
[2021-11-20T03:17:14.287-0800][3.937s] GC(5) Concurrent Preclean
[2021-11-20T03:17:14.287-0800][3.937s] GC(5) Concurrent Preclean 0.136ms
[2021-11-20T03:17:14.287-0800][3.937s] GC(5) Concurrent Mark (3.905s, 3.937s) 32.219ms
[2021-11-20T03:17:14.287-0800][3.937s] GC(5) Pause Remark
[2021-11-20T03:17:14.290-0800][3.940s] GC(5) Cleaned string and symbol table, strings: 16012 processed, 22 removed, symbols: 114848 processed, 42 removed
[2021-11-20T03:17:14.290-0800][3.940s] GC(5) Pause Remark 25M->25M(512M) 2.959ms
[2021-11-20T03:17:14.290-0800][3.940s] GC(5) User=0.00s Sys=0.00s Real=0.00s
[2021-11-20T03:17:14.290-0800][3.940s] GC(5) Concurrent Rebuild Remembered Sets
[2021-11-20T03:17:14.301-0800][3.951s] GC(5) Concurrent Rebuild Remembered Sets 10.415ms
[2021-11-20T03:17:14.301-0800][3.951s] GC(5) Pause Cleanup
[2021-11-20T03:17:14.301-0800][3.951s] GC(5) Pause Cleanup 26M->26M(512M) 0.091ms
[2021-11-20T03:17:14.301-0800][3.951s] GC(5) User=0.00s Sys=0.00s Real=0.00s
[2021-11-20T03:17:14.301-0800][3.951s] GC(5) Concurrent Cleanup for Next Mark
[2021-11-20T03:17:14.302-0800][3.951s] GC(5) Concurrent Cleanup for Next Mark 0.452ms
[2021-11-20T03:17:14.302-0800][3.951s] GC(5) Concurrent Cycle 49.534ms
[2021-11-20T03:17:29.818-0800][19.468s] GC(6) Pause Young (Concurrent Start) (G1 Evacuation Pause)
[2021-11-20T03:17:29.818-0800][19.468s] GC(6) Using 4 workers of 4 for evacuation
[2021-11-20T03:17:29.825-0800][19.475s] GC(6)   Pre Evacuate Collection Set: 0.1ms
[2021-11-20T03:17:29.825-0800][19.475s] GC(6)   Evacuate Collection Set: 6.8ms
[2021-11-20T03:17:29.825-0800][19.475s] GC(6)   Post Evacuate Collection Set: 0.4ms
[2021-11-20T03:17:29.825-0800][19.475s] GC(6)   Other: 0.2ms
[2021-11-20T03:17:29.825-0800][19.475s] GC(6) Eden regions: 94->0(297)
[2021-11-20T03:17:29.825-0800][19.475s] GC(6) Survivor regions: 10->10(13)
[2021-11-20T03:17:29.825-0800][19.475s] GC(6) Old regions: 12->18
[2021-11-20T03:17:29.825-0800][19.475s] GC(6) Humongous regions: 4->4
[2021-11-20T03:17:29.825-0800][19.475s] GC(6) Metaspace: 44545K->44545K(1089536K)
[2021-11-20T03:17:29.826-0800][19.475s] GC(6) Pause Young (Concurrent Start) (G1 Evacuation Pause) 119M->31M(512M) 7.662ms
[2021-11-20T03:17:29.826-0800][19.475s] GC(6) User=0.03s Sys=0.00s Real=0.01s
[2021-11-20T03:17:29.826-0800][19.475s] GC(7) Concurrent Cycle
[2021-11-20T03:17:29.826-0800][19.475s] GC(7) Concurrent Clear Claimed Marks
[2021-11-20T03:17:29.826-0800][19.476s] GC(7) Concurrent Clear Claimed Marks 0.061ms
[2021-11-20T03:17:29.826-0800][19.476s] GC(7) Concurrent Scan Root Regions
[2021-11-20T03:17:29.830-0800][19.480s] GC(7) Concurrent Scan Root Regions 4.243ms
[2021-11-20T03:17:29.830-0800][19.480s] GC(7) Concurrent Mark (19.480s)
[2021-11-20T03:17:29.830-0800][19.480s] GC(7) Concurrent Mark From Roots
[2021-11-20T03:17:29.830-0800][19.480s] GC(7) Using 1 workers of 1 for marking
[2021-11-20T03:17:29.855-0800][19.505s] GC(7) Concurrent Mark From Roots 25.258ms
[2021-11-20T03:17:29.855-0800][19.505s] GC(7) Concurrent Preclean
[2021-11-20T03:17:29.856-0800][19.505s] GC(7) Concurrent Preclean 0.142ms
[2021-11-20T03:17:29.856-0800][19.505s] GC(7) Concurrent Mark (19.480s, 19.505s) 25.497ms
[2021-11-20T03:17:29.856-0800][19.506s] GC(7) Pause Remark
[2021-11-20T03:17:29.859-0800][19.508s] GC(7) Cleaned string and symbol table, strings: 19981 processed, 1 removed, symbols: 140650 processed, 108 removed
[2021-11-20T03:17:29.859-0800][19.509s] GC(7) Pause Remark 36M->36M(512M) 3.076ms
[2021-11-20T03:17:29.859-0800][19.509s] GC(7) User=0.06s Sys=0.00s Real=0.00s
[2021-11-20T03:17:29.859-0800][19.509s] GC(7) Concurrent Rebuild Remembered Sets
[2021-11-20T03:17:29.870-0800][19.521s] GC(7) Concurrent Rebuild Remembered Sets 11.982ms
[2021-11-20T03:17:29.870-0800][19.521s] GC(7) Pause Cleanup
[2021-11-20T03:17:29.871-0800][19.521s] GC(7) Pause Cleanup 37M->37M(512M) 0.103ms
[2021-11-20T03:17:29.871-0800][19.521s] GC(7) User=0.00s Sys=0.00s Real=0.00s
[2021-11-20T03:17:29.871-0800][19.521s] GC(7) Concurrent Cleanup for Next Mark
[2021-11-20T03:17:29.871-0800][19.522s] GC(7) Concurrent Cleanup for Next Mark 0.483ms
[2021-11-20T03:17:29.871-0800][19.522s] GC(7) Concurrent Cycle 46.474ms
[2021-11-20T03:19:09.229-0800][118.880s] GC(8) Pause Young (Normal) (G1 Evacuation Pause)
[2021-11-20T03:19:09.229-0800][118.880s] GC(8) Using 4 workers of 4 for evacuation
[2021-11-20T03:19:09.243-0800][118.893s] GC(8)   Pre Evacuate Collection Set: 0.0ms
[2021-11-20T03:19:09.243-0800][118.893s] GC(8)   Evacuate Collection Set: 12.4ms
[2021-11-20T03:19:09.243-0800][118.893s] GC(8)   Post Evacuate Collection Set: 0.7ms
[2021-11-20T03:19:09.243-0800][118.894s] GC(8)   Other: 0.2ms
[2021-11-20T03:19:09.243-0800][118.894s] GC(8) Eden regions: 297->0(284)
[2021-11-20T03:19:09.243-0800][118.894s] GC(8) Survivor regions: 10->23(39)
[2021-11-20T03:19:09.243-0800][118.894s] GC(8) Old regions: 18->18
[2021-11-20T03:19:09.243-0800][118.894s] GC(8) Humongous regions: 5->4
[2021-11-20T03:19:09.243-0800][118.894s] GC(8) Metaspace: 62220K->62220K(1105920K)
[2021-11-20T03:19:09.243-0800][118.894s] GC(8) Pause Young (Normal) (G1 Evacuation Pause) 329M->44M(512M) 13.505ms
[2021-11-20T03:19:09.243-0800][118.894s] GC(8) User=0.06s Sys=0.00s Real=0.01s
[2021-11-20T03:40:27.363-0800][1397.014s] GC(9) Pause Young (Normal) (G1 Evacuation Pause)
[2021-11-20T03:40:27.363-0800][1397.014s] GC(9) Using 4 workers of 4 for evacuation
[2021-11-20T03:40:27.383-0800][1397.034s] GC(9)   Pre Evacuate Collection Set: 0.0ms
[2021-11-20T03:40:27.383-0800][1397.034s] GC(9)   Evacuate Collection Set: 18.5ms
[2021-11-20T03:40:27.383-0800][1397.034s] GC(9)   Post Evacuate Collection Set: 1.0ms
[2021-11-20T03:40:27.383-0800][1397.034s] GC(9)   Other: 0.4ms
[2021-11-20T03:40:27.383-0800][1397.034s] GC(9) Eden regions: 284->0(277)
[2021-11-20T03:40:27.383-0800][1397.034s] GC(9) Survivor regions: 23->30(39)
[2021-11-20T03:40:27.383-0800][1397.034s] GC(9) Old regions: 18->21
[2021-11-20T03:40:27.383-0800][1397.034s] GC(9) Humongous regions: 4->4
[2021-11-20T03:40:27.383-0800][1397.034s] GC(9) Metaspace: 66808K->66808K(1110016K)
[2021-11-20T03:40:27.383-0800][1397.034s] GC(9) Pause Young (Normal) (G1 Evacuation Pause) 328M->54M(512M) 20.048ms
[2021-11-20T03:40:27.383-0800][1397.034s] GC(9) User=0.06s Sys=0.00s Real=0.02s
[2021-11-20T03:58:44.468-0800][2494.119s] Heap
[2021-11-20T03:58:44.468-0800][2494.119s]  garbage-first heap   total 524288K, used 105575K [0x00000000e0000000, 0x0000000100000000)
[2021-11-20T03:58:44.468-0800][2494.119s]   region size 1024K, 80 young (81920K), 30 survivors (30720K)
[2021-11-20T03:58:44.468-0800][2494.119s]  Metaspace       used 67414K, capacity 69044K, committed 69148K, reserved 1110016K
[2021-11-20T03:58:44.468-0800][2494.119s]   class space    used 7377K, capacity 8033K, committed 8064K, reserved 1048576K
